06-28 11:16:33.092   196   208 W art     : Long monitor contention with owner Binder:196_4 (455) at int com.android.server.am.ActivityManagerService.bindService(android.app.IApplicationThread, android.os.IBinder, android.content.Intent, java.lang.String, android.app.IServiceConnection, int, java.lang.String, int)(ActivityManagerService.java:17333) waiters=5 in void com.android.server.am.ActivityManagerService.serviceDoneExecuting(android.os.IBinder, int, int, int) for 110ms
06-28 11:16:33.107   583   583 D CarrierSvcBindHelper: Received android.intent.action.USER_UNLOCKED
06-28 11:16:33.109   583   583 E PhoneInterfaceManager: [PhoneIntfMgr] getCarrierPackageNamesForIntent: No UICC
06-28 11:16:33.109   583   583 D CarrierSvcBindHelper: No carrier app for: 0
06-28 11:16:33.278   766   766 W System  : ClassLoader referenced unknown path: /system/app/WAPPushManager/lib/arm
06-28 11:16:33.414   196   196 W art     : Long monitor contention with owner AsyncTask #1 (412) at void android.os.MessageQueue.nativeWake(long)(MessageQueue.java:-2) waiters=0 in android.os.Message android.os.MessageQueue.next() for 439ms
06-28 11:16:33.415   196   226 W art     : Long monitor contention with owner AsyncTask #1 (412) at void android.os.MessageQueue.nativeWake(long)(MessageQueue.java:-2) waiters=1 in void android.os.MessageQueue.removeMessages(android.os.Handler, java.lang.Runnable, java.lang.Object) for 350ms
06-28 11:16:33.417   196   212 W art     : Long monitor contention with owner AsyncTask #1 (412) at void android.os.MessageQueue.nativeWake(long)(MessageQueue.java:-2) waiters=2 in boolean android.os.MessageQueue.enqueueMessage(android.os.Message, long) for 312ms
06-28 11:16:33.438   196   213 W art     : Long monitor contention with owner Binder:196_5 (494) at void com.android.server.am.ActivityManagerService.attachApplication(android.app.IApplicationThread)(ActivityManagerService.java:6697) waiters=5 in void com.android.server.am.ActivityManagerService.dispatchProcessesChanged() for 401ms
06-28 11:16:33.441   196   455 W art     : Long monitor contention with owner Binder:196_5 (494) at void com.android.server.am.ActivityManagerService.attachApplication(android.app.IApplicationThread)(ActivityManagerService.java:6697) waiters=6 in void com.android.server.am.ActivityManagerService.setRenderThread(int) for 387ms
06-28 11:16:33.460   710   710 W System  : ClassLoader referenced unknown path: /system/priv-app/BlockedNumberProvider/lib/arm
06-28 11:16:33.477   727   727 D         : HostConnection::get() New Host Connection established 0xa85f9c50, tid 727
06-28 11:16:33.480   727   727 W         : Process pipe failed
06-28 11:16:33.543   710   710 D ApplicationLoaders: ignored Vulkan layer search path /system/priv-app/BlockedNumberProvider/lib/arm:/system/lib:/vendor/lib for namespace 0xaac6f090
06-28 11:16:33.566   196   410 W ActivityManager: Slow operation: 51ms so far, now at startProcess: returned from zygote!
06-28 11:16:33.567   196   410 W ActivityManager: Slow operation: 51ms so far, now at startProcess: done updating battery stats
06-28 11:16:33.567   196   410 W ActivityManager: Slow operation: 52ms so far, now at startProcess: building log message
06-28 11:16:33.567   196   410 I ActivityManager: Start proc 789:com.android.providers.calendar/u0a2 for content provider com.android.providers.calendar/.CalendarProvider2
06-28 11:16:33.567   196   410 W ActivityManager: Slow operation: 52ms so far, now at startProcess: starting to update pids map
06-28 11:16:33.567   196   410 W ActivityManager: Slow operation: 52ms so far, now at startProcess: done updating pids map
06-28 11:16:33.568   196   410 W ActivityManager: Slow operation: 53ms so far, now at startProcess: done starting proc!
06-28 11:16:33.568   196   410 W ActivityManager: Slow operation: 54ms so far, now at getContentProviderImpl: after start process
06-28 11:16:33.568   196   410 W ActivityManager: Slow operation: 54ms so far, now at getContentProviderImpl: updating data structures
06-28 11:16:33.568   196   410 W ActivityManager: Slow operation: 55ms so far, now at getContentProviderImpl: done!
06-28 11:16:33.583   426   426 W KeyguardUpdateMonitor: invalid subId in handleSimStateChange()
06-28 11:16:33.587   710   769 W art     : Verification of java.lang.String com.android.providers.contacts.LegacyApiSupport.buildGroupSystemIdMatchWhereClause(java.lang.String) took 795.459ms
06-28 11:16:33.610   789   789 W art     : Unknown instruction set features for ARM CPU variant (generic) using conservative defaults
06-28 11:16:33.619   196   196 I GnssLocationProvider: WakeLock acquired by sendMessage(12, 0, null)
06-28 11:16:33.837   727   786 D         : HostConnection::get() New Host Connection established 0xa85f9f98, tid 786
06-28 11:16:33.839    69   171 D gralloc_goldfish: gralloc_alloc: format 1 and usage 0x900 imply creation of host color buffer
06-28 11:16:33.841    69   171 D gralloc_goldfish: gralloc_alloc: format 1 and usage 0x900 imply creation of host color buffer
06-28 11:16:33.845    69   171 D gralloc_goldfish: gralloc_alloc: format 1 and usage 0x900 imply creation of host color buffer
06-28 11:16:33.850   727   786 I OpenGLRenderer: Initialized EGL, version 1.4
06-28 11:16:33.851   727   786 D OpenGLRenderer: Swap behavior 1
06-28 11:16:35.204   583   583 I Telephony: TelecomAccountRegistry: Unregistering phone account ComponentInfo{com.android.phone/com.android.services.telephony.TelephonyConnectionService}, [e2f7d48dd2b5ca523e7313cf4ba0f6ea830b6281], UserHandle{0}.
06-28 11:16:35.210   196   209 I Telecom : : Sending phone-account unregistered intent as user: TSI.uPA@AAU
06-28 11:16:37.944   196   616 W art     : Long monitor contention with owner android.bg (211) at long android.os.SystemClock.elapsedRealtime()(SystemClock.java:-2) waiters=0 in void com.android.server.usage.UsageStatsService.clearCarrierPrivilegedApps() for 1.276s
06-28 11:16:37.991   196   196 I GnssLocationProvider: WakeLock acquired by sendMessage(12, 0, null)
06-28 11:16:38.036   583   583 I Telephony: PstnIncomingCallNotifier: Unregistering: Handler (com.android.internal.telephony.GsmCdmaPhone) {e32812}
06-28 11:16:38.041   583   583 E PhoneInterfaceManager: [PhoneIntfMgr] getIccId: No UICC
06-28 11:16:38.059   196   743 I Telecom : PhoneAccountRegistrar: [ComponentInfo{com.android.phone/com.android.services.telephony.TelephonyConnectionService}, [e0184adedf913b076626646d3f52c3b49c39ad6d], UserHandle{0}(addr: tel:*********** -> tel:)(icon: Icon(typ=BITMAP size=19x24) -> Icon(typ=BITMAP size=19x24))(subAddr: tel:*********** -> tel:)]: TSI.rPA@AAg
06-28 11:16:38.070   196   743 I Telecom : : Sending phone-account registered intent as user: TSI.rPA@AAg
06-28 11:16:38.074   583   583 I Telephony: AccountEntry: Registered phoneAccount: [[ ] PhoneAccount: ComponentInfo{com.android.phone/com.android.services.telephony.TelephonyConnectionService}, [e0184adedf913b076626646d3f52c3b49c39ad6d], UserHandle{0} Capabilities: CallProvider MultiUser PlaceEmerg SimSub  Audio Routes: BESW Schemes: tel voicemail  Extras: null GroupId: [da39a3ee5e6b4b0d3255bfef95601890afd80709]] with handle: ComponentInfo{com.android.phone/com.android.services.telephony.TelephonyConnectionService}, [e0184adedf913b076626646d3f52c3b49c39ad6d], UserHandle{0}
06-28 11:16:38.075   583   583 I Telephony: PstnIncomingCallNotifier: Registering: Handler (com.android.internal.telephony.GsmCdmaPhone) {e32812}
06-28 11:16:38.116   196   196 I GnssLocationProvider: WakeLock acquired by sendMessage(12, 0, null)
06-28 11:16:38.130   583   583 E PhoneInterfaceManager: [PhoneIntfMgr] getIccId: No UICC
06-28 11:16:38.167   196   776 I Telecom : PhoneAccountRegistrar: [ComponentInfo{com.android.phone/com.android.services.telephony.TelephonyConnectionService}, [e0184adedf913b076626646d3f52c3b49c39ad6d], UserHandle{0}(icon: Icon(typ=BITMAP size=19x24) -> Icon(typ=BITMAP size=19x24))]: TSI.rPA@AAs
06-28 11:16:38.173   196   776 I Telecom : : Sending phone-account registered intent as user: TSI.rPA@AAs
06-28 11:16:38.202   710   769 W art     : Verification of int com.android.providers.contacts.LegacyApiSupport.delete(android.net.Uri, int, long) took 440.343ms
06-28 11:16:38.319   583   583 I Telephony: PstnIncomingCallNotifier: Unregistering: Handler (com.android.internal.telephony.GsmCdmaPhone) {e32812}
06-28 11:16:38.343   583   583 E PhoneInterfaceManager: [PhoneIntfMgr] getIccId: No UICC
06-28 11:16:38.373   196   700 I Telecom : PhoneAccountRegistrar: [ComponentInfo{com.android.phone/com.android.services.telephony.TelephonyConnectionService}, [e0184adedf913b076626646d3f52c3b49c39ad6d], UserHandle{0}(icon: Icon(typ=BITMAP size=19x24) -> Icon(typ=BITMAP size=19x24))]: TSI.rPA@AAw
06-28 11:16:38.377   196   700 I Telecom : : Sending phone-account registered intent as user: TSI.rPA@AAw
06-28 11:16:38.381   583   583 I Telephony: AccountEntry: Registered phoneAccount: [[ ] PhoneAccount: ComponentInfo{com.android.phone/com.android.services.telephony.TelephonyConnectionService}, [e0184adedf913b076626646d3f52c3b49c39ad6d], UserHandle{0} Capabilities: CallProvider MultiUser PlaceEmerg SimSub  Audio Routes: BESW Schemes: tel voicemail  Extras: null GroupId: [da39a3ee5e6b4b0d3255bfef95601890afd80709]] with handle: ComponentInfo{com.android.phone/com.android.services.telephony.TelephonyConnectionService}, [e0184adedf913b076626646d3f52c3b49c39ad6d], UserHandle{0}
06-28 11:16:38.381   583   583 I Telephony: PstnIncomingCallNotifier: Registering: Handler (com.android.internal.telephony.GsmCdmaPhone) {e32812}
06-28 11:16:38.462   583   583 D MccTable: updateMccMncConfiguration mccmnc='310260' fromServiceState=false
06-28 11:16:38.464   583   583 D MccTable: updateMccMncConfiguration defaultMccMnc=310260
06-28 11:16:38.464   583   583 D MccTable: updateMccMncConfiguration: mcc=310, mnc=260
06-28 11:16:38.464   583   583 D MccTable: updateMccMncConfiguration updateConfig config={1.0 310mcc260mnc ?localeList ?layoutDir ?swdp ?wdp ?hdp ?density ?lsize ?long ?orien ?uimode ?night ?touch ?keyb/?/? ?nav/?}
06-28 11:16:38.652   583   606 W art     : Long monitor contention with owner main (583) at void com.android.internal.telephony.SubscriptionController$ScLocalLog.log(java.lang.String)(SubscriptionController.java:-1) waiters=0 in void com.android.internal.telephony.SubscriptionController$ScLocalLog.log(java.lang.String) for 347ms
06-28 11:16:38.785   196   196 I GnssLocationProvider: WakeLock acquired by sendMessage(12, 0, null)
06-28 11:16:38.796   583   583 D MccTable: updateMccMncConfiguration mccmnc='310260' fromServiceState=false
06-28 11:16:38.798   583   583 D MccTable: updateMccMncConfiguration defaultMccMnc=310260
06-28 11:16:38.798   583   583 D MccTable: updateMccMncConfiguration: mcc=310, mnc=260
06-28 11:16:38.798   583   583 D MccTable: updateMccMncConfiguration updateConfig config={1.0 310mcc260mnc ?localeList ?layoutDir ?swdp ?wdp ?hdp ?density ?lsize ?long ?orien ?uimode ?night ?touch ?keyb/?/? ?nav/?}
06-28 11:16:38.855   196   196 I GnssLocationProvider: WakeLock acquired by sendMessage(12, 0, null)
06-28 11:16:38.890   727   786 W OpenGLRenderer: Incorrectly called buildLayer on View: ShortcutAndWidgetContainer, destroying layer...
06-28 11:16:38.890   727   786 W OpenGLRenderer: Incorrectly called buildLayer on View: ShortcutAndWidgetContainer, destroying layer...
06-28 11:16:38.928   196   196 D WifiService: resetting networks because SIM was loaded
06-28 11:16:38.942   583   583 D CarrierConfigLoader: update config for phoneId: 0 simState: LOADED
06-28 11:16:38.943   583   583 D CarrierSvcBindHelper: update binding for phoneId: 0 simState: LOADED
06-28 11:16:39.161   196   226 I art     : Waiting for a blocking GC Explicit
06-28 11:16:42.665   196   832 D NetworkMonitor/NetworkAgentInfo [MOBILE (UMTS) - 100]: PROBE_HTTPS https://www.google.com/generate_204 time=832ms ret=204 headers={null=[HTTP/1.1 204 No Content], Alt-Svc=[h3-27=":443"; ma=2592000,h3-25=":443"; ma=2592000,h3-T050=":443"; ma=2592000,h3-Q050=":443"; ma=2592000,h3-Q046=":443"; ma=2592000,h3-Q043=":443"; ma=2592000,quic=":443"; ma=2592000; v="46,43"], Content-Length=[0], Date=[Sun, 28 Jun 2020 15:16:42 GMT], X-Android-Received-Millis=[1593357402662], X-Android-Response-Source=[NETWORK 204], X-Android-Selected-Protocol=[http/1.1], X-Android-Sent-Millis=[1593357402537]}
06-28 11:16:42.742    85   394 V IdletimerController: runCmd(/system/bin/ip6tables -w -t mangle -A idletimer_mangle_POSTROUTING -o eth0 -j IDLETIMER --timeout 10 --label 0 --send_nl_msg 1) res_ipv4=0, res_ipv6=0
06-28 11:16:42.745   196   404 E NetdConnector: NDC Command {28 idletimer add eth0 10 0} took too long (1054ms)
06-28 11:16:42.784   196   404 D ConnectivityService: Sending CONNECTED broadcast for type 0 NetworkAgentInfo [MOBILE (UMTS) - 100] isDefaultNetwork=true
06-28 11:16:42.811   196   418 I GnssLocationProvider: WakeLock acquired by sendMessage(5, 0, null)
06-28 11:16:42.811   196   418 I GnssLocationProvider: WakeLock acquired by sendMessage(6, 0, null)
06-28 11:16:42.812   196   404 D ConnectivityService: NetworkAgentInfo [MOBILE (UMTS) - 100] validation passed
06-28 11:16:42.844   426   426 E SignalClusterView: Unexpected subscription 1
06-28 11:16:42.844   426   426 E SignalClusterView: Unexpected subscription 1
06-28 11:16:42.980   196   211 W GnssLocationProvider: Could not open GPS configuration file /etc/gps.conf
06-28 11:16:42.981   196   211 E GnssLocationProvider: no AGPS interface in set_agps_server
06-28 11:16:42.983   710   769 W art     : Verification of void com.android.providers.contacts.NameSplitter.splitKoreanName(com.android.providers.contacts.NameSplitter$Name, java.lang.String) took 1.701s
06-28 11:16:43.082   196   397 D SntpClient: round trip: 85ms, clock offset: 186ms
06-28 11:16:43.824   196   211 E NetdConnector: NDC Command {30 firewall disable_chain standby} took too long (682ms)
06-28 11:16:43.826   196   397 W art     : Long monitor contention with owner android.bg (211) at void com.android.server.NetworkManagementService.setFirewallChainEnabled(int, boolean)(NetworkManagementService.java:2207) waiters=0 in void com.android.server.NetworkManagementService.removeInterfaceQuota(java.lang.String) for 716ms
06-28 11:16:46.122   196   206 I art     : Background sticky concurrent mark sweep GC freed 22879(1603KB) AllocSpace objects, 15(520KB) LOS objects, 29% free, 5MB/8MB, paused 2.671ms total 2.305s
06-28 11:16:47.144   196   397 E NetdConnector: NDC Command {31 bandwidth setiquota eth0 9223372036854775807} took too long (3318ms)
06-28 11:16:48.003    69    97 D gralloc_goldfish: gralloc_alloc: format 2 and usage 0x933 imply creation of host color buffer
06-28 11:16:48.810   710   769 I ContactLocale: AddressBook Labels [[en_US]]: [, A, B, C, D, E, F, G, H, I, J, K, L, M, N, O, P, Q, R, S, T, U, V, W, X, Y, Z, , , , , , , , , , , , , , , , , , , , , , , , , , , , , , , , , , , , , , , , , , , , , , , , , , , , , , , , , , , , , , , , , , , , , , , , , , , , , , , , , , , , , , , , , , , , , , , , , , , , , , , , , , , , , , , , , , , , , , , , , , , , , , , , , , , , , , , , , , , , , , , , , , , , , , , , , , , , , , , , , , , , , , , , , , , , , , , , , , , , , , , , , , , #, ]
06-28 11:16:48.881   867   867 W art     : Unknown instruction set features for ARM CPU variant (generic) using conservative defaults
06-28 11:16:48.884   196   211 I ActivityManager: Start proc 867:com.android.printspooler/u0a51 for service com.android.printspooler/.model.PrintSpoolerService
06-28 11:16:49.128   710   769 W art     : Verification of java.lang.String com.android.providers.contacts.aggregation.AbstractContactAggregator.buildPhoneMatchingSql(java.lang.String, java.lang.String, boolean) took 286.060ms
06-28 11:16:49.155    69   171 D gralloc_goldfish: gralloc_alloc: format 2 and usage 0x933 imply creation of host color buffer
06-28 11:16:49.441   710   769 W art     : Verification of void com.android.providers.contacts.aggregation.AbstractContactAggregator.markAggregated(android.database.sqlite.SQLiteDatabase, java.lang.String) took 299.009ms
06-28 11:16:49.453   196   211 I SyncManager: Got SyncJobService instance.
06-28 11:16:49.455   196   196 I FusedLocation: engine started (com.android.location.fused)
06-28 11:16:49.535   196   211 W GnssLocationProvider: Could not open GPS configuration file /etc/gps.conf
06-28 11:16:49.535   196   211 E GnssLocationProvider: no AGPS interface in set_agps_server
06-28 11:16:49.565   196   211 W GnssLocationProvider: Could not open GPS configuration file /etc/gps.conf
06-28 11:16:49.566   196   211 E GnssLocationProvider: no AGPS interface in set_agps_server
06-28 11:16:49.566   196   211 I GnssLocationProvider: WakeLock released by handleMessage(12, 0, null)
06-28 11:16:49.593   196   211 W GnssLocationProvider: Could not open GPS configuration file /etc/gps.conf
06-28 11:16:49.594   196   211 E GnssLocationProvider: no AGPS interface in set_agps_server
06-28 11:16:49.618   196   211 W GnssLocationProvider: Could not open GPS configuration file /etc/gps.conf
06-28 11:16:49.618   196   211 E GnssLocationProvider: no AGPS interface in set_agps_server
06-28 11:16:49.676   196   211 W GnssLocationProvider: Could not open GPS configuration file /etc/gps.conf
06-28 11:16:49.676   196   211 E GnssLocationProvider: no AGPS interface in set_agps_server
06-28 11:16:49.676   196   211 I GnssLocationProvider: WakeLock released by handleMessage(12, 0, null)
06-28 11:16:49.712   196   211 W GnssLocationProvider: Could not open GPS configuration file /etc/gps.conf
06-28 11:16:49.712   196   211 E GnssLocationProvider: no AGPS interface in set_agps_server
06-28 11:16:49.712   196   211 I GnssLocationProvider: WakeLock released by handleMessage(12, 0, null)
06-28 11:16:49.737   196   211 W GnssLocationProvider: Could not open GPS configuration file /etc/gps.conf
06-28 11:16:49.738   196   211 E GnssLocationProvider: no AGPS interface in set_agps_server
06-28 11:16:49.738   196   211 I GnssLocationProvider: WakeLock released by handleMessage(12, 0, null)
06-28 11:16:49.774   196   211 W GnssLocationProvider: Could not open GPS configuration file /etc/gps.conf
06-28 11:16:49.774   196   211 E GnssLocationProvider: no AGPS interface in set_agps_server
06-28 11:16:49.774   196   211 I GnssLocationProvider: WakeLock released by handleMessage(12, 0, null)
06-28 11:16:49.800   196   211 W GnssLocationProvider: Could not open GPS configuration file /etc/gps.conf
06-28 11:16:49.800   196   211 E GnssLocationProvider: no AGPS interface in set_agps_server
06-28 11:16:49.836   196   211 W GnssLocationProvider: Could not open GPS configuration file /etc/gps.conf
06-28 11:16:49.836   196   211 E GnssLocationProvider: no AGPS interface in set_agps_server
06-28 11:16:49.837   196   211 I GnssLocationProvider: WakeLock released by handleMessage(12, 0, null)
06-28 11:16:49.877   196   211 W GnssLocationProvider: Could not open GPS configuration file /etc/gps.conf
06-28 11:16:49.877   196   211 E GnssLocationProvider: no AGPS interface in set_agps_server
06-28 11:16:49.877   196   211 I GnssLocationProvider: WakeLock released by handleMessage(12, 0, null)
06-28 11:16:49.878   196   211 I GnssLocationProvider: WakeLock acquired by handleInjectNtpTime()
06-28 11:16:49.880   196   211 I GnssLocationProvider: WakeLock released by handleMessage(5, 0, null)
06-28 11:16:49.880   196   211 D GnssLocationProvider: handleDownloadXtraData() called when Xtra not supported
06-28 11:16:49.880   196   211 I GnssLocationProvider: WakeLock released by handleMessage(6, 0, null)
06-28 11:16:49.903   196   885 I GnssLocationProvider: WakeLock acquired by sendMessage(10, 0, null)
06-28 11:16:49.903   196   885 I GnssLocationProvider: WakeLock released by handleInjectNtpTime()
06-28 11:16:49.906   196   211 I GnssLocationProvider: WakeLock released by handleMessage(10, 0, null)
06-28 11:16:50.372   680   680 D CellBroadcastReceiver: onReceive Intent { act=android.intent.action.SIM_STATE_CHANGED flg=0x4000010 cmp=com.android.cellbroadcastreceiver/.CellBroadcastReceiver (has extras) }
06-28 11:16:50.409   196   400 D WIFI    : Registering NetworkFactory
06-28 11:16:50.410   196   400 D WIFI_UT : Registering NetworkFactory
06-28 11:16:50.411   196   404 D ConnectivityService: Got NetworkFactory Messenger for WIFI
06-28 11:16:50.412   196   404 D ConnectivityService: Got NetworkFactory Messenger for WIFI_UT
06-28 11:16:50.413   196   400 D WIFI    : got request NetworkRequest [ REQUEST id=1, [ Capabilities: INTERNET&NOT_RESTRICTED&TRUSTED&NOT_VPN] ] with score 50
06-28 11:16:50.413   196   400 D WIFI_UT : got request NetworkRequest [ REQUEST id=1, [ Capabilities: INTERNET&NOT_RESTRICTED&TRUSTED&NOT_VPN] ] with score 50
06-28 11:16:50.441   196   196 I ActivityManager: Start proc 887:com.android.deskclock/u0a36 for broadcast com.android.deskclock/.AlarmInitReceiver
06-28 11:16:50.465   887   887 W art     : Unknown instruction set features for ARM CPU variant (generic) using conservative defaults
06-28 11:16:50.613   887   887 W System  : ClassLoader referenced unknown path: /system/app/DeskClock/lib/arm
06-28 11:16:50.836   887   887 I AlarmClock: AlarmInitReceiver android.intent.action.LOCKED_BOOT_COMPLETED
06-28 11:16:50.910   887   887 D AlarmClock/Events: [Stopwatch] [Reset] [Reboot]
06-28 11:16:51.015   887   905 V AlarmClock: AlarmInitReceiver finished
06-28 11:16:51.030   196   616 I ActivityManager: Start proc 906:android.process.media/u0a10 for broadcast com.android.providers.downloads/.DownloadReceiver
06-28 11:16:51.077   906   906 W art     : Unknown instruction set features for ARM CPU variant (generic) using conservative defaults
06-28 11:16:51.570   906   906 W System  : ClassLoader referenced unknown path: /system/priv-app/DownloadProvider/lib/arm
06-28 11:16:51.641   906   906 W System  : ClassLoader referenced unknown path: /system/priv-app/MediaProvider/lib/arm
06-28 11:16:51.655   906   906 D ApplicationLoaders: ignored Vulkan layer search path /system/priv-app/MediaProvider/lib/arm:/system/priv-app/MediaProvider/MediaProvider.apk!/lib/armeabi-v7a:/system/lib:/vendor/lib for namespace 0xaac6f090
06-28 11:16:52.270   906   906 D MediaScannerReceiver: action: android.intent.action.MEDIA_MOUNTED path: /storage/emulated/0
06-28 11:16:52.305   196   746 I ActivityManager: Start proc 927:com.android.calendar/u0a31 for broadcast com.android.calendar/.widget.CalendarAppWidgetService$CalendarFactory
06-28 11:16:52.323   927   927 W art     : Unknown instruction set features for ARM CPU variant (generic) using conservative defaults
06-28 11:16:52.560   927   927 W System  : ClassLoader referenced unknown path: /system/app/Calendar/lib/arm
06-28 11:16:52.758   927   927 D ExtensionsFactory: No custom extensions.
06-28 11:16:53.994   887   887 I AlarmClock: AlarmInitReceiver android.intent.action.TIME_SET
06-28 11:16:54.121   887   905 V AlarmClock: AlarmInitReceiver finished
06-28 11:16:54.638   196   196 I ActivityManager: Start proc 955:com.android.dialer/u0a8 for broadcast com.android.dialer/.calllog.CallLogReceiver
06-28 11:16:54.658   196   954 I RecoverySystem: No recovery log file
06-28 11:16:54.676   955   955 W art     : Unknown instruction set features for ARM CPU variant (generic) using conservative defaults
06-28 11:16:54.714   196   954 I BootReceiver: Copying audit failures to DropBox
06-28 11:16:54.714   196   954 I BootReceiver: Checking for fsck errors
06-28 11:16:54.872   196   206 I art     : Background partial concurrent mark sweep GC freed 14891(1300KB) AllocSpace objects, 14(880KB) LOS objects, 33% free, 5MB/8MB, paused 32.455ms total 369.085ms
06-28 11:16:55.033   955   955 W System  : ClassLoader referenced unknown path: /system/priv-app/Dialer/lib/arm
06-28 11:16:55.294   955   955 D ExtensionsFactory: No custom extensions.
06-28 11:16:55.320   955   955 D BlockedNumbersAuto: Not attempting auto-migrate: already checked once.
06-28 11:16:55.466   583   583 D CarrierConfigLoader: mHandler: 13 phoneId: 0
06-28 11:16:55.467   583   583 D CarrierConfigLoader: mHandler: 7 phoneId: 0
06-28 11:16:55.497   583   583 D CarrierConfigLoader: Loaded config from XML. package=com.android.carrierconfig phoneId=0
06-28 11:16:55.500   583   583 V OtaStartupReceiver: onOtaspChanged: mOtaspMode=3
06-28 11:16:55.500   583   583 D CarrierConfigLoader: mHandler: 5 phoneId: 0
06-28 11:16:55.565   196   196 I Telecom : PhoneAccountRegistrar: SimCallManager queried, returning: null: TSI.gSCMFU@ACY
06-28 11:16:55.698   955   974 W CountryDetector: No location permissions, not registering for location updates.
06-28 11:16:55.762   927   927 D AlertReceiver: onReceive: a=android.intent.action.BOOT_COMPLETED Intent { act=android.intent.action.BOOT_COMPLETED flg=0x9000010 cmp=com.android.calendar/.alerts.AlertReceiver (has extras) }
06-28 11:16:55.898   887   887 I AlarmClock: AlarmInitReceiver android.intent.action.BOOT_COMPLETED
06-28 11:16:55.899   887   887 I art     : Waiting for a blocking GC DisableMovingGc
06-28 11:16:55.902   887   887 I art     : Starting a blocking GC DisableMovingGc
06-28 11:16:56.060   927   977 D AlertService: 0 Action = android.intent.action.BOOT_COMPLETED
06-28 11:16:56.110   927   977 D AlertService: Scheduling next alarm with AlarmScheduler. sEventReminderReceived: null
06-28 11:16:56.124   887   905 V AlarmClock: AlarmInitReceiver finished
06-28 11:16:56.142   196   743 I ActivityManager: Start proc 980:com.android.email/u0a38 for broadcast com.android.email/.service.EmailBroadcastReceiver
06-28 11:16:56.170   980   980 W art     : Unknown instruction set features for ARM CPU variant (generic) using conservative defaults
06-28 11:16:56.338   927   977 W art     : Verification of void com.android.calendar.alerts.AlarmScheduler.queryNextReminderAndSchedule(android.database.Cursor, android.content.Context, android.content.ContentResolver, com.android.calendar.alerts.AlarmManagerInterface, int, long) took 226.800ms
06-28 11:16:56.350   980   980 W System  : ClassLoader referenced unknown path: /system/app/Email/lib/arm
06-28 11:16:56.477   927   977 D AlarmScheduler: No events found starting within 1 week.
06-28 11:16:57.015   196   744 W ActivityManager: Unable to start service Intent { act=com.android.email.EXCHANGE_INTENT pkg=com.android.exchange } U=0: not found
06-28 11:16:57.067   980   997 D ActivityThread: Loading provider com.android.email.provider;com.android.email.notifier: com.android.email.provider.EmailProvider
06-28 11:16:57.082   196   776 W ActivityManager: Unable to start service Intent { act=com.android.email.EXCHANGE_INTENT pkg=com.android.exchange } U=0: not found
06-28 11:16:57.100   980   998 D ActivityThread: Loading provider com.android.email.provider;com.android.email.notifier: com.android.email.provider.EmailProvider
06-28 11:16:57.234   196   744 W ActivityManager: Unable to start service Intent { act=com.android.email.EXCHANGE_INTENT pkg=com.android.exchange } U=0: not found
06-28 11:16:57.297   421   421 I SystemBroadcastReceiver: Boot has been completed
06-28 11:16:57.298   421   421 I SystemBroadcastReceiver: toggleAppIcon() : FLAG_SYSTEM = true
06-28 11:16:57.435   196   455 W ActivityManager: Slow operation: 60ms so far, now at startProcess: returned from zygote!
06-28 11:16:57.435   196   455 W ActivityManager: Slow operation: 60ms so far, now at startProcess: done updating battery stats
06-28 11:16:57.435   196   455 W ActivityManager: Slow operation: 61ms so far, now at startProcess: building log message
06-28 11:16:57.435   196   455 I ActivityManager: Start proc 1003:com.android.managedprovisioning/u0a15 for broadcast com.android.managedprovisioning/.BootReminder
06-28 11:16:57.436   196   455 W ActivityManager: Slow operation: 61ms so far, now at startProcess: starting to update pids map
06-28 11:16:57.436   196   455 W ActivityManager: Slow operation: 61ms so far, now at startProcess: done updating pids map
06-28 11:16:57.436   196   455 W ActivityManager: Slow operation: 62ms so far, now at startProcess: done starting proc!
06-28 11:16:57.460  1003  1003 W art     : Unknown instruction set features for ARM CPU variant (generic) using conservative defaults
06-28 11:16:57.675  1003  1003 W System  : ClassLoader referenced unknown path: /system/priv-app/ManagedProvisioning/lib/arm
06-28 11:16:57.778   980   998 W art     : Long monitor contention with owner AsyncTask #1 (997) at long android.database.sqlite.SQLiteConnection.nativePrepareStatement(long, java.lang.String)(SQLiteConnection.java:-2) waiters=0 in android.database.sqlite.SQLiteDatabase com.android.email.provider.EmailProvider.getDatabase(android.content.Context) for 535ms
06-28 11:16:57.853   196   494 W ActivityManager: Unable to start service Intent { cmp=com.android.email/.service.AttachmentService } U=0: not found
06-28 11:16:57.866   196   208 W ActivityManager: Unable to start service Intent { act=com.android.email.EXCHANGE_INTENT pkg=com.android.exchange } U=0: not found
06-28 11:16:57.872   980  1002 W art     : Long monitor contention with owner AsyncTask #2 (998) at android.database.sqlite.SQLiteDatabase com.android.email.provider.EmailProvider.getDatabase(android.content.Context)(EmailProvider.java:478) waiters=0 in void com.android.email.provider.AccountReconciler.reconcileAccounts(android.content.Context) for 551ms
06-28 11:16:57.920   196   776 W ActivityManager: Unable to start service Intent { act=com.android.email.EXCHANGE_INTENT pkg=com.android.exchange } U=0: not found
06-28 11:16:57.927   196   208 W ActivityManager: Unable to start service Intent { cmp=com.android.email/.service.AttachmentService } U=0: not found
06-28 11:16:57.932   196   743 W ActivityManager: Unable to start service Intent { act=com.android.email.EXCHANGE_INTENT pkg=com.android.exchange } U=0: not found
06-28 11:16:57.945   980   980 E ActivityThread: Service com.android.email.service.EmailBroadcastProcessorService has leaked ServiceConnection com.android.emailcommon.service.ServiceProxy$ProxyConnection@897ec13 that was originally bound here
06-28 11:16:57.945   980   980 E ActivityThread: android.app.ServiceConnectionLeaked: Service com.android.email.service.EmailBroadcastProcessorService has leaked ServiceConnection com.android.emailcommon.service.ServiceProxy$ProxyConnection@897ec13 that was originally bound here
06-28 11:16:57.945   980   980 E ActivityThread: 	at android.app.LoadedApk$ServiceDispatcher.<init>(LoadedApk.java:1336)
06-28 11:16:57.945   980   980 E ActivityThread: 	at android.app.LoadedApk.getServiceDispatcher(LoadedApk.java:1231)
06-28 11:16:57.945   980   980 E ActivityThread: 	at android.app.ContextImpl.bindServiceCommon(ContextImpl.java:1450)
06-28 11:16:57.945   980   980 E ActivityThread: 	at android.app.ContextImpl.bindService(ContextImpl.java:1422)
06-28 11:16:57.945   980   980 E ActivityThread: 	at android.content.ContextWrapper.bindService(ContextWrapper.java:636)
06-28 11:16:57.945   980   980 E ActivityThread: 	at com.android.emailcommon.service.ServiceProxy.setTask(ServiceProxy.java:181)
06-28 11:16:57.945   980   980 E ActivityThread: 	at com.android.emailcommon.service.ServiceProxy.test(ServiceProxy.java:224)
06-28 11:16:57.945   980   980 E ActivityThread: 	at com.android.email.service.EmailServiceUtils.isServiceAvailable(EmailServiceUtils.java:160)
06-28 11:16:57.945   980   980 E ActivityThread: 	at com.android.email.provider.AccountReconciler.reconcileAccountsInternal(AccountReconciler.java:171)
06-28 11:16:57.945   980   980 E ActivityThread: 	at com.android.email.provider.AccountReconciler.reconcileAccounts(AccountReconciler.java:115)
06-28 11:16:57.945   980   980 E ActivityThread: 	at com.android.email.service.EmailBroadcastProcessorService.reconcileAndStartServices(EmailBroadcastProcessorService.java:305)
06-28 11:16:57.945   980   980 E ActivityThread: 	at com.android.email.service.EmailBroadcastProcessorService.onBootCompleted(EmailBroadcastProcessorService.java:295)
06-28 11:16:57.945   980   980 E ActivityThread: 	at com.android.email.service.EmailBroadcastProcessorService.onHandleIntent(EmailBroadcastProcessorService.java:130)
06-28 11:16:57.945   980   980 E ActivityThread: 	at android.app.IntentService$ServiceHandler.handleMessage(IntentService.java:68)
06-28 11:16:57.945   980   980 E ActivityThread: 	at android.os.Handler.dispatchMessage(Handler.java:102)
06-28 11:16:57.945   980   980 E ActivityThread: 	at android.os.Looper.loop(Looper.java:154)
06-28 11:16:57.945   980   980 E ActivityThread: 	at android.os.HandlerThread.run(HandlerThread.java:61)
06-28 11:16:57.951   196   209 W ActivityManager: Unbind failed: could not find connection for android.os.BinderProxy@ef51ec7
06-28 11:16:58.035   980  1019 I Email   : Observing account changes for notifications
06-28 11:16:58.070   196   208 W ActivityManager: Unable to start service Intent { cmp=com.android.email/.service.AttachmentService } U=0: not found
06-28 11:16:58.077   196   744 W ActivityManager: Unable to start service Intent { act=com.android.email.EXCHANGE_INTENT pkg=com.android.exchange } U=0: not found
06-28 11:16:58.095   196   746 W ActivityManager: Unable to start service Intent { act=com.android.email.EXCHANGE_INTENT pkg=com.android.exchange } U=0: not found
06-28 11:16:59.848  1021  1021 W art     : Unknown instruction set features for ARM CPU variant (generic) using conservative defaults
06-28 11:16:59.853   196   455 W ActivityManager: Slow operation: 56ms so far, now at startProcess: returned from zygote!
06-28 11:16:59.853   196   455 W ActivityManager: Slow operation: 56ms so far, now at startProcess: done updating battery stats
06-28 11:16:59.853   196   455 W ActivityManager: Slow operation: 57ms so far, now at startProcess: building log message
06-28 11:16:59.853   196   455 I ActivityManager: Start proc 1021:com.android.messaging/u0a54 for broadcast com.android.messaging/.receiver.BootAndPackageReplacedReceiver
06-28 11:16:59.853   196   455 W ActivityManager: Slow operation: 57ms so far, now at startProcess: starting to update pids map
06-28 11:16:59.854   196   455 W ActivityManager: Slow operation: 57ms so far, now at startProcess: done updating pids map
06-28 11:16:59.854   196   455 W ActivityManager: Slow operation: 58ms so far, now at startProcess: done starting proc!
06-28 11:16:59.983   906   918 W art     : Suspending all threads took: 19.263ms
06-28 11:17:00.208  1021  1021 W System  : ClassLoader referenced unknown path: /system/app/messaging/lib/arm
06-28 11:17:00.255   906   941 I art     : Waiting for a blocking GC DisableMovingGc
06-28 11:17:00.262   906   941 I art     : WaitForGcToComplete blocked for 7.021ms for cause DisableMovingGc
06-28 11:17:00.262   906   941 I art     : Starting a blocking GC DisableMovingGc
06-28 11:17:01.007  1021  1040 W MessagingApp: canonicalizeMccMnc: invalid mccmnc:null ,null
06-28 11:17:01.050   196   746 D MmsServiceBroker: getCarrierConfigValues() by com.android.messaging
06-28 11:17:01.050   196   746 W MmsServiceBroker: MmsService not connected. Try connecting...
06-28 11:17:01.051   196   196 I MmsServiceBroker: Connecting to MmsService
06-28 11:17:01.062   196   196 W ContextImpl: Calling a method in the system process without a qualified user: android.app.ContextImpl.bindService:1421 com.android.server.MmsServiceBroker.tryConnecting:241 com.android.server.MmsServiceBroker.-wrap3:-1 com.android.server.MmsServiceBroker$1.handleMessage:83 android.os.Handler.dispatchMessage:102 
06-28 11:17:01.076   583   583 W System  : ClassLoader referenced unknown path: /system/priv-app/MmsService/lib/arm
06-28 11:17:01.079   583   583 D ApplicationLoaders: ignored Vulkan layer search path /system/priv-app/MmsService/lib/arm:/system/lib:/vendor/lib for namespace 0xaac6f0d0
06-28 11:17:01.094   583   583 D MmsService: onCreate
06-28 11:17:01.109   196   196 I MmsServiceBroker: MmsService connected
06-28 11:17:01.111   583   583 I MmsService: MmsConfigManager receiver action: android.intent.action.SIM_STATE_CHANGED
06-28 11:17:01.112   583   824 D MmsService: getCarrierConfigValues
06-28 11:17:01.112   583   824 I MmsService: mms config for sub 1: null
06-28 11:17:01.114   583   583 I MmsService: MmsConfigManager receiver action: android.telephony.action.CARRIER_CONFIG_CHANGED
06-28 11:17:01.117   583  1041 I MmsService: MmsConfigManager loads in background mcc/mnc: 310/260
06-28 11:17:01.118   583  1042 I MmsService: MmsConfigManager loads in background mcc/mnc: 310/260
06-28 11:17:01.119   583  1043 I MmsService: MmsConfigManager loads in background mcc/mnc: 310/260
06-28 11:17:01.186  1021  1040 I MessagingApp: Carrier configs loaded: Bundle[{maxImageHeight=1944, maxMessageSize=1048576, maxImageWidth=2592}] from resources+system for subId=1
06-28 11:17:01.318  1021  1045 W MessagingApp: canonicalizeMccMnc: invalid mccmnc:null ,null
06-28 11:17:01.349   196   208 D MmsServiceBroker: getCarrierConfigValues() by com.android.messaging
06-28 11:17:01.350   583   643 D MmsService: getCarrierConfigValues
06-28 11:17:01.350   583   643 I MmsService: mms config for sub 1: Bundle[{httpSocketTimeout=60000, aliasMinChars=2, smsToMmsTextThreshold=-1, enableSMSDeliveryReports=true, maxMessageTextSize=-1, supportMmsContentDisposition=true, enabledTransID=false, aliasEnabled=false, supportHttpCharsetHeader=false, allowAttachAudio=true, smsToMmsTextLengthThreshold=-1, recipientLimit=2147483647, uaProfTagName=x-wap-profile, aliasMaxChars=48, maxImageHeight=1944, enableMMSDeliveryReports=false, userAgent=, mmsCloseConnection=false, config_cellBroadcastAppLinks=true, maxSubjectLength=40, httpParams=, enableGroupMms=true, emailGatewayNumber=, maxMessageSize=1048576, naiSuffix=, enableMMSReadReports=false, maxImageWidth=2592, uaProfUrl=, enabledMMS=true, enabledNotifyWapMMSC=false, sendMultipartSmsAsSeparateMessages=false, enableMultipartSMS=true}]
06-28 11:17:01.354  1021  1045 I MessagingApp: Carrier configs loaded: Bundle[{httpSocketTimeout=60000, aliasMinChars=2, smsToMmsTextThreshold=-1, enableSMSDeliveryReports=true, maxMessageTextSize=-1, supportMmsContentDisposition=true, enabledTransID=false, aliasEnabled=false, supportHttpCharsetHeader=false, allowAttachAudio=true, smsToMmsTextLengthThreshold=-1, recipientLimit=2147483647, uaProfTagName=x-wap-profile, aliasMaxChars=48, maxImageHeight=1944, enableMMSDeliveryReports=false, userAgent=, mmsCloseConnection=false, config_cellBroadcastAppLinks=true, maxSubjectLength=40, httpParams=, enableGroupMms=true, emailGatewayNumber=, maxMessageSize=1048576, naiSuffix=, enableMMSReadReports=false, maxImageWidth=2592, uaProfUrl=, enabledMMS=true, enabledNotifyWapMMSC=false, sendMultipartSmsAsSeparateMessages=false, enableMultipartSMS=true}] from resources+system for subId=1
06-28 11:17:02.158  1049  1049 W art     : Unknown instruction set features for ARM CPU variant (generic) using conservative defaults
06-28 11:17:02.166   196   700 W ActivityManager: Slow operation: 70ms so far, now at startProcess: returned from zygote!
06-28 11:17:02.166   196   700 W ActivityManager: Slow operation: 71ms so far, now at startProcess: done updating battery stats
06-28 11:17:02.166   196   700 W ActivityManager: Slow operation: 71ms so far, now at startProcess: building log message
06-28 11:17:02.166   196   700 I ActivityManager: Start proc 1049:com.android.onetimeinitializer/u0a17 for broadcast com.android.onetimeinitializer/.OneTimeInitializerReceiver
06-28 11:17:02.167   196   700 W ActivityManager: Slow operation: 71ms so far, now at startProcess: starting to update pids map
06-28 11:17:02.167   196   700 W ActivityManager: Slow operation: 71ms so far, now at startProcess: done updating pids map
06-28 11:17:02.167   196   700 W ActivityManager: Slow operation: 73ms so far, now at startProcess: done starting proc!
06-28 11:17:02.284  1021  1021 I MessagingApp: Carrier config changed. Reloading MMS config.
06-28 11:17:02.369  1021  1045 W MessagingApp: canonicalizeMccMnc: invalid mccmnc:null ,null
06-28 11:17:02.400   196   454 D MmsServiceBroker: getCarrierConfigValues() by com.android.messaging
06-28 11:17:02.400   583   643 D MmsService: getCarrierConfigValues
06-28 11:17:02.401   583   643 I MmsService: mms config for sub 1: Bundle[{httpSocketTimeout=60000, aliasMinChars=2, smsToMmsTextThreshold=-1, enableSMSDeliveryReports=true, maxMessageTextSize=-1, supportMmsContentDisposition=true, enabledTransID=false, aliasEnabled=false, supportHttpCharsetHeader=false, allowAttachAudio=true, smsToMmsTextLengthThreshold=-1, recipientLimit=2147483647, uaProfTagName=x-wap-profile, aliasMaxChars=48, maxImageHeight=1944, enableMMSDeliveryReports=false, userAgent=, mmsCloseConnection=false, config_cellBroadcastAppLinks=true, maxSubjectLength=40, httpParams=, enableGroupMms=true, emailGatewayNumber=, maxMessageSize=1048576, naiSuffix=, enableMMSReadReports=false, maxImageWidth=2592, uaProfUrl=, enabledMMS=true, enabledNotifyWapMMSC=false, sendMultipartSmsAsSeparateMessages=false, enableMultipartSMS=true}]
06-28 11:17:02.404  1021  1045 I MessagingApp: Carrier configs loaded: Bundle[{httpSocketTimeout=60000, aliasMinChars=2, smsToMmsTextThreshold=-1, enableSMSDeliveryReports=true, maxMessageTextSize=-1, supportMmsContentDisposition=true, enabledTransID=false, aliasEnabled=false, supportHttpCharsetHeader=false, allowAttachAudio=true, smsToMmsTextLengthThreshold=-1, recipientLimit=2147483647, uaProfTagName=x-wap-profile, aliasMaxChars=48, maxImageHeight=1944, enableMMSDeliveryReports=false, userAgent=, mmsCloseConnection=false, config_cellBroadcastAppLinks=true, maxSubjectLength=40, httpParams=, enableGroupMms=true, emailGatewayNumber=, maxMessageSize=1048576, naiSuffix=, enableMMSReadReports=false, maxImageWidth=2592, uaProfUrl=, enabledMMS=true, enabledNotifyWapMMSC=false, sendMultipartSmsAsSeparateMessages=false, enableMultipartSMS=true}] from resources+system for subId=1
06-28 11:17:02.413  1021  1048 I MessagingAppDataModel: Fixup: Send failed - 0 Download failed - 0
06-28 11:17:02.570  1049  1049 W System  : ClassLoader referenced unknown path: /system/priv-app/OneTimeInitializer/lib/arm
06-28 11:17:02.884  1049  1049 V OneTimeInitializerRece: OneTimeInitializerReceiver.onReceive
06-28 11:17:02.948  1021  1065 I MessagingAppDataModel: SyncMessagesAction: Starting batch for messages from 1593356218370 to 1593357420759 (message update limit = 80, message scan limit = 4000)
06-28 11:17:02.989   583   583 V VvmBootCompletedRcvr: processing subId list
06-28 11:17:03.007   583   583 V VvmBootCompletedRcvr: processing subId 1
06-28 11:17:03.036   583   583 I VvmSimChangeReceiver: Sim state or carrier config changed for 1
06-28 11:17:03.172   583   583 V VvmPhoneStateListener: Signal returned: reattempting activation for 1
06-28 11:17:03.230   583   583 D VvmTaskScheduler: create task:com.android.phone.vvm.omtp.ActivationTask
06-28 11:17:03.253   583  1067 V VvmTaskScheduler: executing task com.android.phone.vvm.omtp.ActivationTask@86ab602
06-28 11:17:03.292   583   583 D VvmTaskScheduler: create task:com.android.phone.vvm.omtp.ActivationTask
06-28 11:17:03.310   583  1067 I VvmActivationTask: VVM content provider configured - vvm_type_cvvm
06-28 11:17:03.321   583  1067 I OmtpVvmCarrierCfgHlpr: OmtpEvent:CONFIG_ACTIVATING
06-28 11:17:03.397   583  1067 V OmtpMessageSender: Sending BINARY sms 'Activate:dt=6' to 122:1808
06-28 11:17:03.517   583   583 D VvmStatusSmsFetcher: Request SMS successfully sent
06-28 11:17:04.016  1021  1048 W MessagingAppDataModel: Used 1091ms for UpdateMessageNotificationAction#executeAction
06-28 11:17:04.292   196   208 I ActivityManager: Start proc 1070:cm.aptoide.pt/u0a63 for broadcast cm.aptoide.pt/.notification.NotificationReceiver
06-28 11:17:04.315  1070  1070 W art     : Unknown instruction set features for ARM CPU variant (generic) using conservative defaults
06-28 11:17:04.460  1021  1048 I MessagingAppDataModel: SyncMessagesAction: All messages now in sync
06-28 11:17:04.861  1070  1070 I MultiDex: VM with version 2.1.0 has multidex support
06-28 11:17:04.861  1070  1070 I MultiDex: Installing application
06-28 11:17:04.861  1070  1070 I MultiDex: VM has multidex support, MultiDex support library is disabled.
06-28 11:17:05.118  1070  1070 I CrashlyticsInitProvider: CrashlyticsInitProvider skipping initialization
06-28 11:17:05.302  1070  1070 W com.facebook.s: Please set a value for AutoLogAppEventsEnabled. Set the flag to TRUE if you want to collect app install, app launch and in-app purchase events automatically. To request user consent before collecting data, set the flag value to FALSE, then change to TRUE once user consent is received. Learn more: https://developers.facebook.com/docs/app-events/getting-started-app-events-android#disable-auto-events.
06-28 11:17:05.302  1070  1070 W com.facebook.s: You haven't set a value for AdvertiserIDCollectionEnabled. Set the flag to TRUE if you want to collect Advertiser ID for better advertising and analytics results. To request user consent before collecting data, set the flag value to FALSE, then change to TRUE once user consent is received. Learn more: https://developers.facebook.com/docs/app-events/getting-started-app-events-android#disable-auto-events.
06-28 11:17:05.407  1070  1086 E ActivityThread: Failed to find provider info for com.google.android.gms.chimera
06-28 11:17:05.412  1070  1086 W DynamiteModule: Failed to retrieve remote module version.
06-28 11:17:05.420  1070  1086 W GooglePlayServicesUtil: Google Play Store is missing.
06-28 11:17:05.433  1070  1092 W DynamiteModule: Local module descriptor class for com.google.android.gms.measurement.dynamite not found.
06-28 11:17:05.443  1070  1092 W GooglePlayServicesUtil: Google Play Store is missing.
06-28 11:17:05.443  1070  1092 I DynamiteModule: Considering local module com.google.android.gms.measurement.dynamite:0 and remote module com.google.android.gms.measurement.dynamite:0
06-28 11:17:05.450  1070  1092 W Ads     : Data collection startup failed. No data will be collected.
06-28 11:17:05.450  1070  1092 W Ads     : com.google.android.gms.dynamite.DynamiteModule$LoadingException: No acceptable module found. Local version is 0 and remote version is 0.
06-28 11:17:05.450  1070  1092 W Ads     : 	at com.google.android.gms.dynamite.DynamiteModule.a(Unknown Source)
06-28 11:17:05.450  1070  1092 W Ads     : 	at com.google.android.gms.internal.measurement.zzea.a(Unknown Source)
06-28 11:17:05.450  1070  1092 W Ads     : 	at com.google.android.gms.internal.measurement.b.a(Unknown Source)
06-28 11:17:05.450  1070  1092 W Ads     : 	at com.google.android.gms.internal.measurement.zzea$b.run(Unknown Source)
06-28 11:17:05.450  1070  1092 W Ads     : 	at java.util.concurrent.ThreadPoolExecutor.runWorker(ThreadPoolExecutor.java:1133)
06-28 11:17:05.450  1070  1092 W Ads     : 	at java.util.concurrent.ThreadPoolExecutor$Worker.run(ThreadPoolExecutor.java:607)
06-28 11:17:05.450  1070  1092 W Ads     : 	at java.lang.Thread.run(Thread.java:761)
06-28 11:17:05.450  1070  1092 W Ads     : Failed to connect to measurement client.
06-28 11:17:05.461  1070  1086 I DynamiteModule: Considering local module com.google.android.gms.ads.dynamite:20175 and remote module com.google.android.gms.ads.dynamite:0
06-28 11:17:05.461  1070  1086 I DynamiteModule: Selected local version of com.google.android.gms.ads.dynamite
06-28 11:17:05.465  1070  1090 D NetworkSecurityConfig: Using Network Security Config from resource network_security_config debugBuild: false
06-28 11:17:05.524  1070  1086 W Ads     : #007 Could not call remote method. @4
06-28 11:17:05.524  1070  1086 W Ads     : com.google.android.gms.internal.ads.zzbag: com.google.android.gms.dynamite.DynamiteModule$LoadingException: Failed to instantiate module class: com.google.android.gms.ads.measurement.DynamiteMeasurementManager
06-28 11:17:05.524  1070  1086 W Ads     : 	at com.google.android.gms.internal.ads.zzbae.a(Unknown Source)
06-28 11:17:05.524  1070  1086 W Ads     : 	at com.google.android.gms.internal.ads.zzami.b(Unknown Source)
06-28 11:17:05.524  1070  1086 W Ads     : 	at com.google.android.gms.internal.ads.q2.run(Unknown Source)
06-28 11:17:05.524  1070  1086 W Ads     : 	at java.lang.Thread.run(Thread.java:761)
06-28 11:17:05.524  1070  1086 W Ads     : Caused by: com.google.android.gms.dynamite.DynamiteModule$LoadingException: Failed to instantiate module class: com.google.android.gms.ads.measurement.DynamiteMeasurementManager
06-28 11:17:05.524  1070  1086 W Ads     : 	at com.google.android.gms.dynamite.DynamiteModule.a(Unknown Source)
06-28 11:17:05.524  1070  1086 W Ads     : 	at com.google.android.gms.internal.ads.zzbae.a(Unknown Source)
06-28 11:17:05.524  1070  1086 W Ads     : 	... 3 more
06-28 11:17:05.524  1070  1086 W Ads     : Caused by: java.lang.ClassNotFoundException: Didn't find class "com.google.android.gms.ads.measurement.DynamiteMeasurementManager" on path: DexPathList[[zip file "/data/app/cm.aptoide.pt-1/base.apk"],nativeLibraryDirectories=[/data/app/cm.aptoide.pt-1/lib/arm, /data/app/cm.aptoide.pt-1/base.apk!/lib/armeabi-v7a, /system/lib, /vendor/lib]]
06-28 11:17:05.524  1070  1086 W Ads     : 	at dalvik.system.BaseDexClassLoader.findClass(BaseDexClassLoader.java:56)
06-28 11:17:05.524  1070  1086 W Ads     : 	at java.lang.ClassLoader.loadClass(ClassLoader.java:380)
06-28 11:17:05.524  1070  1086 W Ads     : 	at java.lang.ClassLoader.loadClass(ClassLoader.java:312)
06-28 11:17:05.524  1070  1086 W Ads     : 	at com.google.android.gms.dynamite.DynamiteModule.a(Unknown Source)
06-28 11:17:05.524  1070  1086 W Ads     : 	... 4 more
06-28 11:17:06.062   906   918 W art     : Suspending all threads took: 199.871ms
06-28 11:17:06.496  1021  1046 I art     : Waiting for a blocking GC DisableMovingGc
06-28 11:17:06.511  1021  1046 I art     : WaitForGcToComplete blocked for 15.066ms for cause DisableMovingGc
06-28 11:17:06.511  1021  1046 I art     : Starting a blocking GC DisableMovingGc
