06-28 11:26:41.901  2111  2111 W System  : ClassLoader referenced unknown path: /system/app/KeyChain/lib/arm
06-28 11:26:42.523  2053  2053 I CalendarProvider2: Sending notification intent: Intent { act=android.intent.action.PROVIDER_CHANGED dat=content://com.android.calendar flg=0x20000000 }
06-28 11:26:42.524  2053  2053 W ContentResolver: Failed to get type for: content://com.android.calendar (Unknown URL content://com.android.calendar)
06-28 11:26:43.115    69    95 D gralloc_goldfish: gralloc_alloc: format 2 and usage 0x933 imply creation of host color buffer
06-28 11:26:43.390  1910  1910 I art     : Starting a blocking GC Explicit
06-28 11:26:43.471  1491  1506 W GnssLocationProvider: Could not open GPS configuration file /etc/gps.conf
06-28 11:26:43.472  1491  1506 E GnssLocationProvider: no AGPS interface in set_agps_server
06-28 11:26:43.472  1491  1506 I GnssLocationProvider: WakeLock released by handleMessage(12, 0, null)
06-28 11:26:43.486  1491  1506 W GnssLocationProvider: Could not open GPS configuration file /etc/gps.conf
06-28 11:26:43.487  1491  1506 E GnssLocationProvider: no AGPS interface in set_agps_server
06-28 11:26:43.491  1910  1910 I art     : Explicit concurrent mark sweep GC freed 1056(56KB) AllocSpace objects, 0(0B) LOS objects, 25% free, 1479KB/1991KB, paused 985us total 98.750ms
06-28 11:26:43.561  1910  1910 W IInputConnectionWrapper: requestCursorAnchorInfo on inactive InputConnection
06-28 11:26:43.562  1910  1910 I Choreographer: Skipped 491 frames!  The application may be doing too much work on its main thread.
06-28 11:26:43.580  1948  1948 D CellBroadcastReceiver: onReceive Intent { act=android.intent.action.SERVICE_STATE flg=0x10 cmp=com.android.cellbroadcastreceiver/.CellBroadcastReceiver (has extras) }
06-28 11:26:43.580  1948  1948 D CellBroadcastReceiver: Intent: android.intent.action.SERVICE_STATE
06-28 11:26:43.583  1948  1948 D CellBroadcastReceiver: Service state changed! 0 Full: 0 0 voice home data home Android Android 310260 Android Android 310260  Unknown UMTS CSS not supported 0 0 RoamInd=0 DefRoamInd=0 EmergOnly=false IsDataRoamingFromRegistration=false IsUsingCarrierAggregation=false Current state=-1
06-28 11:26:43.585  1948  1948 D CellBroadcastReceiver: Start Cell Broadcast configuration.
06-28 11:26:43.612  1948  1948 D CellBroadcastReceiver: onReceive Intent { act=android.intent.action.SIM_STATE_CHANGED flg=0x4000010 cmp=com.android.cellbroadcastreceiver/.CellBroadcastReceiver (has extras) }
06-28 11:26:43.633  1948  1948 D CellBroadcastReceiver: onReceive Intent { act=android.intent.action.SIM_STATE_CHANGED flg=0x4000010 cmp=com.android.cellbroadcastreceiver/.CellBroadcastReceiver (has extras) }
06-28 11:26:43.646  1948  2128 D CellBroadcastConfigService: Enable CellBroadcast on sub 1
06-28 11:26:43.667  1948  1948 D CellBroadcastReceiver: onReceive Intent { act=android.intent.action.SERVICE_STATE flg=0x10 cmp=com.android.cellbroadcastreceiver/.CellBroadcastReceiver (has extras) }
06-28 11:26:43.668  1948  1948 D CellBroadcastReceiver: Intent: android.intent.action.SERVICE_STATE
06-28 11:26:43.684  1948  1948 D CellBroadcastReceiver: onReceive Intent { act=android.intent.action.ACTION_DEFAULT_SMS_SUBSCRIPTION_CHANGED flg=0x20000010 cmp=com.android.cellbroadcastreceiver/.CellBroadcastReceiver (has extras) }
06-28 11:26:43.685  1948  1948 D CellBroadcastReceiver: Start Cell Broadcast configuration.
06-28 11:26:43.717  1948  1948 D CellBroadcastReceiver: onReceive Intent { act=android.intent.action.SIM_STATE_CHANGED flg=0x4000010 cmp=com.android.cellbroadcastreceiver/.CellBroadcastReceiver (has extras) }
06-28 11:26:43.737  1491  1506 W GnssLocationProvider: Could not open GPS configuration file /etc/gps.conf
06-28 11:26:43.737  1491  1506 E GnssLocationProvider: no AGPS interface in set_agps_server
06-28 11:26:43.739  1948  1948 D CellBroadcastReceiver: Default interval 0 did not change.
06-28 11:26:43.830  1892  1892 D VvmSimChangeReceiver: Carrier config changed
06-28 11:26:43.865  1892  1892 I VvmSimChangeReceiver: Sim state or carrier config changed for 1
06-28 11:26:43.905  1491  1691 D WIFI    : Registering NetworkFactory
06-28 11:26:43.905  1491  1691 D WIFI_UT : Registering NetworkFactory
06-28 11:26:43.908  1491  1695 D ConnectivityService: Got NetworkFactory Messenger for WIFI
06-28 11:26:43.909  1491  1695 D ConnectivityService: Got NetworkFactory Messenger for WIFI_UT
06-28 11:26:43.910  1491  1691 D WIFI    : got request NetworkRequest [ REQUEST id=1, [ Capabilities: INTERNET&NOT_RESTRICTED&TRUSTED&NOT_VPN] ] with score 50
06-28 11:26:43.911  1491  1691 D WIFI_UT : got request NetworkRequest [ REQUEST id=1, [ Capabilities: INTERNET&NOT_RESTRICTED&TRUSTED&NOT_VPN] ] with score 50
06-28 11:26:43.921  1491  1506 W GnssLocationProvider: Could not open GPS configuration file /etc/gps.conf
06-28 11:26:43.921  1491  1506 E GnssLocationProvider: no AGPS interface in set_agps_server
06-28 11:26:43.921  1491  1506 I GnssLocationProvider: WakeLock released by handleMessage(12, 0, null)
06-28 11:26:43.939  1491  1491 I ActivityManager: Start proc 2130:com.android.deskclock/u0a36 for broadcast com.android.deskclock/.AlarmInitReceiver
06-28 11:26:43.986  2130  2130 W art     : Unknown instruction set features for ARM CPU variant (generic) using conservative defaults
06-28 11:26:43.996  1491  1932 I ActivityManager: Start proc 2135:android.process.acore/u0a1 for content provider com.android.providers.contacts/.VoicemailContentProvider
06-28 11:26:44.045  2135  2135 W art     : Unknown instruction set features for ARM CPU variant (generic) using conservative defaults
06-28 11:26:44.247  1892  1970 D IccSmsInterfaceManager: [IccSmsInterfaceManager] Calling setCdmaBroadcastConfig with 1 configurations
06-28 11:26:44.277  2135  2135 W System  : ClassLoader referenced unknown path: /system/priv-app/ContactsProvider/lib/arm
06-28 11:26:44.965  2135  2135 I ContactsPerf: VoicemailContentProvider.onCreate start
06-28 11:26:45.024  2135  2135 I ContactsPerf: VoicemailContentProvider.onCreate finish
06-28 11:26:45.091  2135  2135 W System  : ClassLoader referenced unknown path: /system/priv-app/BlockedNumberProvider/lib/arm
06-28 11:26:45.097  2135  2135 D ApplicationLoaders: ignored Vulkan layer search path /system/priv-app/BlockedNumberProvider/lib/arm:/system/lib:/vendor/lib for namespace 0xabd20090
06-28 11:26:45.152  2135  2135 W System  : ClassLoader referenced unknown path: /system/app/UserDictionaryProvider/lib/arm
06-28 11:26:45.155  2135  2135 D ApplicationLoaders: ignored Vulkan layer search path /system/app/UserDictionaryProvider/lib/arm:/system/lib:/vendor/lib for namespace 0xabd200d0
06-28 11:26:45.411  1892  1907 I art     : Background partial concurrent mark sweep GC freed 30900(3MB) AllocSpace objects, 2(40KB) LOS objects, 39% free, 2MB/3MB, paused 4.141ms total 1.147s
06-28 11:26:45.428  1491  1506 W GnssLocationProvider: Could not open GPS configuration file /etc/gps.conf
06-28 11:26:45.442  2135  2161 W art     : Verification of void com.android.providers.contacts.LegacyApiSupport.parseContactMethodValues(int, android.content.ContentValues) took 372.108ms
06-28 11:26:45.503  2130  2130 W System  : ClassLoader referenced unknown path: /system/app/DeskClock/lib/arm
06-28 11:26:45.559  1491  1506 E GnssLocationProvider: no AGPS interface in set_agps_server
06-28 11:26:45.559  1491  1506 I GnssLocationProvider: WakeLock released by handleMessage(12, 0, null)
06-28 11:26:45.569  2135  2161 W art     : Verification of int com.android.providers.contacts.LegacyApiSupport.updateSettings(android.content.ContentValues) took 120.516ms
06-28 11:26:45.697  1491  1506 W GnssLocationProvider: Could not open GPS configuration file /etc/gps.conf
06-28 11:26:45.697  1491  1506 E GnssLocationProvider: no AGPS interface in set_agps_server
06-28 11:26:45.697  1491  1506 I GnssLocationProvider: WakeLock released by handleMessage(12, 0, null)
06-28 11:26:45.834  1491  1506 W GnssLocationProvider: Could not open GPS configuration file /etc/gps.conf
06-28 11:26:45.834  1491  1506 E GnssLocationProvider: no AGPS interface in set_agps_server
06-28 11:26:45.834  1491  1506 I GnssLocationProvider: WakeLock released by handleMessage(12, 0, null)
06-28 11:26:45.880  1491  1506 W GnssLocationProvider: Could not open GPS configuration file /etc/gps.conf
06-28 11:26:45.880  1491  1506 E GnssLocationProvider: no AGPS interface in set_agps_server
06-28 11:26:45.880  1491  1506 I GnssLocationProvider: WakeLock released by handleMessage(12, 0, null)
06-28 11:26:45.895  1491  1506 W GnssLocationProvider: Could not open GPS configuration file /etc/gps.conf
06-28 11:26:45.895  1491  1506 E GnssLocationProvider: no AGPS interface in set_agps_server
06-28 11:26:45.950  1491  1506 W GnssLocationProvider: Could not open GPS configuration file /etc/gps.conf
06-28 11:26:45.951  1491  1506 E GnssLocationProvider: no AGPS interface in set_agps_server
06-28 11:26:45.951  1491  1506 I GnssLocationProvider: WakeLock released by handleMessage(12, 0, null)
06-28 11:26:45.976  1491  1506 W GnssLocationProvider: Could not open GPS configuration file /etc/gps.conf
06-28 11:26:45.976  1491  1506 E GnssLocationProvider: no AGPS interface in set_agps_server
06-28 11:26:45.976  1491  1506 I GnssLocationProvider: WakeLock released by handleMessage(12, 0, null)
06-28 11:26:46.021  2135  2157 W art     : Long monitor contention with owner CallLogProviderWorker (2163) at long android.database.sqlite.SQLiteConnection.nativeOpen(java.lang.String, int, java.lang.String, boolean, boolean)(SQLiteConnection.java:-2) waiters=0 in android.database.sqlite.SQLiteDatabase android.database.sqlite.SQLiteOpenHelper.getReadableDatabase() for 731ms
06-28 11:26:46.111  1892  1892 V VvmPhoneStateListener: Signal returned: reattempting activation for 1
06-28 11:26:46.218  1892  1892 D VvmTaskScheduler: create task:com.android.phone.vvm.omtp.ActivationTask
06-28 11:26:46.231  1892  2170 V VvmTaskScheduler: executing task com.android.phone.vvm.omtp.ActivationTask@592959b
06-28 11:26:46.240  1892  1970 D IccSmsInterfaceManager: [IccSmsInterfaceManager] Failed to add cdma broadcast subscription for MID range 4096 to 4096 from client com.android.cellbroadcastreceiver
06-28 11:26:46.263  1892  1892 D VvmTaskScheduler: create task:com.android.phone.vvm.omtp.ActivationTask
06-28 11:26:46.376  1892  2170 I VvmActivationTask: VVM content provider configured - vvm_type_cvvm
06-28 11:26:46.394  1892  2170 I OmtpVvmCarrierCfgHlpr: OmtpEvent:CONFIG_ACTIVATING
06-28 11:26:46.551  1892  2170 V OmtpMessageSender: Sending BINARY sms 'Activate:dt=6' to 122:1808
06-28 11:26:46.789  1892  1892 D VvmStatusSmsFetcher: Request SMS successfully sent
06-28 11:26:46.905  1491  1506 E NetdConnector: NDC Command {32 firewall disable_chain standby} took too long (927ms)
06-28 11:26:46.909  1892  1977 D IccSmsInterfaceManager: [IccSmsInterfaceManager] Calling setCdmaBroadcastConfig with 1 configurations
06-28 11:26:46.917  1892  1977 D IccSmsInterfaceManager: [IccSmsInterfaceManager] Failed to add cdma broadcast subscription for MID range 4097 to 4097 from client com.android.cellbroadcastreceiver
06-28 11:26:46.918  1491  1508 W art     : Long monitor contention with owner android.bg (1506) at void com.android.server.net.NetworkPolicyManagerService$AppIdleStateChangeListener.onParoleStateChanged(boolean)(NetworkPolicyManagerService.java:3204) waiters=0 in void com.android.server.net.NetworkPolicyManagerService$1.onUidStateChanged(int, int) for 526ms
06-28 11:26:46.966  1892  1908 D IccSmsInterfaceManager: [IccSmsInterfaceManager] Calling setCdmaBroadcastConfig with 1 configurations
06-28 11:26:46.972  1892  1908 D IccSmsInterfaceManager: [IccSmsInterfaceManager] Failed to add cdma broadcast subscription for MID range 4098 to 4098 from client com.android.cellbroadcastreceiver
06-28 11:26:46.993  1892  2027 D IccSmsInterfaceManager: [IccSmsInterfaceManager] Calling setCdmaBroadcastConfig with 1 configurations
06-28 11:26:46.999  1892  2027 D IccSmsInterfaceManager: [IccSmsInterfaceManager] Failed to add cdma broadcast subscription for MID range 4099 to 4099 from client com.android.cellbroadcastreceiver
06-28 11:26:47.022  1892  1977 D IccSmsInterfaceManager: [IccSmsInterfaceManager] Failed to remove cdma broadcast subscription for MID range 4100 to 4100 from client com.android.cellbroadcastreceiver
06-28 11:26:47.042  1892  1908 D IccSmsInterfaceManager: [IccSmsInterfaceManager] Calling setGsmBroadcastConfig with 1 configurations
06-28 11:26:47.050  1892  1908 D IccSmsInterfaceManager: [IccSmsInterfaceManager] Failed to add GSM cell broadcast subscription for MID range 4352 to 4354 from client com.android.cellbroadcastreceiver
06-28 11:26:47.071  1892  2027 D IccSmsInterfaceManager: [IccSmsInterfaceManager] Calling setGsmBroadcastConfig with 1 configurations
06-28 11:26:47.077  1892  2027 D IccSmsInterfaceManager: [IccSmsInterfaceManager] Failed to add GSM cell broadcast subscription for MID range 4356 to 4356 from client com.android.cellbroadcastreceiver
06-28 11:26:47.098  1892  1977 D IccSmsInterfaceManager: [IccSmsInterfaceManager] Failed to remove GSM cell broadcast subscription for MID range 4355 to 4355 from client com.android.cellbroadcastreceiver
06-28 11:26:47.117  1892  1908 D IccSmsInterfaceManager: [IccSmsInterfaceManager] Calling setGsmBroadcastConfig with 1 configurations
06-28 11:26:47.126  1892  1908 D IccSmsInterfaceManager: [IccSmsInterfaceManager] Failed to add GSM cell broadcast subscription for MID range 4370 to 4370 from client com.android.cellbroadcastreceiver
06-28 11:26:47.281  1892  2027 D IccSmsInterfaceManager: [IccSmsInterfaceManager] Calling setGsmBroadcastConfig with 1 configurations
06-28 11:26:47.295  1892  2027 D IccSmsInterfaceManager: [IccSmsInterfaceManager] Failed to add GSM cell broadcast subscription for MID range 4371 to 4372 from client com.android.cellbroadcastreceiver
06-28 11:26:47.805  1892  1977 D IccSmsInterfaceManager: [IccSmsInterfaceManager] Calling setGsmBroadcastConfig with 1 configurations
06-28 11:26:47.822  1892  1977 D IccSmsInterfaceManager: [IccSmsInterfaceManager] Failed to add GSM cell broadcast subscription for MID range 4373 to 4378 from client com.android.cellbroadcastreceiver
06-28 11:26:47.873  1892  1908 D IccSmsInterfaceManager: [IccSmsInterfaceManager] Calling setGsmBroadcastConfig with 1 configurations
06-28 11:26:47.880  1892  1908 D IccSmsInterfaceManager: [IccSmsInterfaceManager] Failed to add GSM cell broadcast subscription for MID range 4379 to 4379 from client com.android.cellbroadcastreceiver
06-28 11:26:47.900  1892  2027 D IccSmsInterfaceManager: [IccSmsInterfaceManager] Failed to remove GSM cell broadcast subscription for MID range 4380 to 4382 from client com.android.cellbroadcastreceiver
06-28 11:26:47.919  1892  1977 D IccSmsInterfaceManager: [IccSmsInterfaceManager] Calling setGsmBroadcastConfig with 1 configurations
06-28 11:26:47.927  1892  1977 D IccSmsInterfaceManager: [IccSmsInterfaceManager] Failed to add GSM cell broadcast subscription for MID range 4383 to 4383 from client com.android.cellbroadcastreceiver
06-28 11:26:48.039  1892  1908 D IccSmsInterfaceManager: [IccSmsInterfaceManager] Calling setGsmBroadcastConfig with 1 configurations
06-28 11:26:48.046  1892  1908 D IccSmsInterfaceManager: [IccSmsInterfaceManager] Failed to add GSM cell broadcast subscription for MID range 4384 to 4385 from client com.android.cellbroadcastreceiver
06-28 11:26:48.068  1892  2027 D IccSmsInterfaceManager: [IccSmsInterfaceManager] Calling setGsmBroadcastConfig with 1 configurations
06-28 11:26:48.076  1892  2027 D IccSmsInterfaceManager: [IccSmsInterfaceManager] Failed to add GSM cell broadcast subscription for MID range 4386 to 4391 from client com.android.cellbroadcastreceiver
06-28 11:26:48.128  1892  1977 D IccSmsInterfaceManager: [IccSmsInterfaceManager] Calling setGsmBroadcastConfig with 1 configurations
06-28 11:26:48.136  1892  1977 D IccSmsInterfaceManager: [IccSmsInterfaceManager] Failed to add GSM cell broadcast subscription for MID range 4392 to 4392 from client com.android.cellbroadcastreceiver
06-28 11:26:48.187  1892  1908 D IccSmsInterfaceManager: [IccSmsInterfaceManager] Failed to remove GSM cell broadcast subscription for MID range 4393 to 4395 from client com.android.cellbroadcastreceiver
06-28 11:26:48.207  1892  2027 D IccSmsInterfaceManager: [IccSmsInterfaceManager] Failed to remove GSM cell broadcast subscription for MID range 50 to 50 from client com.android.cellbroadcastreceiver
06-28 11:26:48.253  1948  2128 D CellBroadcastOtherChannelsManager: No additional channels configured. subId = 1
06-28 11:26:48.260  1948  2128 D CellBroadcastConfigService: Enable CellBroadcast on sub 1
06-28 11:26:48.303  1892  2027 D IccSmsInterfaceManager: [IccSmsInterfaceManager] Calling setCdmaBroadcastConfig with 1 configurations
06-28 11:26:48.311  1892  2027 D IccSmsInterfaceManager: [IccSmsInterfaceManager] Failed to add cdma broadcast subscription for MID range 4096 to 4096 from client com.android.cellbroadcastreceiver
06-28 11:26:48.332  1892  1977 D IccSmsInterfaceManager: [IccSmsInterfaceManager] Calling setCdmaBroadcastConfig with 1 configurations
06-28 11:26:48.338  1892  1977 D IccSmsInterfaceManager: [IccSmsInterfaceManager] Failed to add cdma broadcast subscription for MID range 4097 to 4097 from client com.android.cellbroadcastreceiver
06-28 11:26:48.359  1892  1908 D IccSmsInterfaceManager: [IccSmsInterfaceManager] Calling setCdmaBroadcastConfig with 1 configurations
06-28 11:26:48.366  1892  1908 D IccSmsInterfaceManager: [IccSmsInterfaceManager] Failed to add cdma broadcast subscription for MID range 4098 to 4098 from client com.android.cellbroadcastreceiver
06-28 11:26:48.386  1892  2027 D IccSmsInterfaceManager: [IccSmsInterfaceManager] Calling setCdmaBroadcastConfig with 1 configurations
06-28 11:26:48.392  1892  2027 D IccSmsInterfaceManager: [IccSmsInterfaceManager] Failed to add cdma broadcast subscription for MID range 4099 to 4099 from client com.android.cellbroadcastreceiver
06-28 11:26:48.414  1892  1977 D IccSmsInterfaceManager: [IccSmsInterfaceManager] Failed to remove cdma broadcast subscription for MID range 4100 to 4100 from client com.android.cellbroadcastreceiver
06-28 11:26:48.433  1892  1908 D IccSmsInterfaceManager: [IccSmsInterfaceManager] Calling setGsmBroadcastConfig with 1 configurations
06-28 11:26:48.439  1892  1908 D IccSmsInterfaceManager: [IccSmsInterfaceManager] Failed to add GSM cell broadcast subscription for MID range 4352 to 4354 from client com.android.cellbroadcastreceiver
06-28 11:26:48.462  1892  2027 D IccSmsInterfaceManager: [IccSmsInterfaceManager] Calling setGsmBroadcastConfig with 1 configurations
06-28 11:26:48.468  1892  2027 D IccSmsInterfaceManager: [IccSmsInterfaceManager] Failed to add GSM cell broadcast subscription for MID range 4356 to 4356 from client com.android.cellbroadcastreceiver
06-28 11:26:48.489  1892  1977 D IccSmsInterfaceManager: [IccSmsInterfaceManager] Failed to remove GSM cell broadcast subscription for MID range 4355 to 4355 from client com.android.cellbroadcastreceiver
06-28 11:26:48.508  1892  1908 D IccSmsInterfaceManager: [IccSmsInterfaceManager] Calling setGsmBroadcastConfig with 1 configurations
06-28 11:26:48.515  1892  1908 D IccSmsInterfaceManager: [IccSmsInterfaceManager] Failed to add GSM cell broadcast subscription for MID range 4370 to 4370 from client com.android.cellbroadcastreceiver
06-28 11:26:48.536  1892  2027 D IccSmsInterfaceManager: [IccSmsInterfaceManager] Calling setGsmBroadcastConfig with 1 configurations
06-28 11:26:48.542  1892  2027 D IccSmsInterfaceManager: [IccSmsInterfaceManager] Failed to add GSM cell broadcast subscription for MID range 4371 to 4372 from client com.android.cellbroadcastreceiver
06-28 11:26:48.563  1892  1977 D IccSmsInterfaceManager: [IccSmsInterfaceManager] Calling setGsmBroadcastConfig with 1 configurations
06-28 11:26:48.571  1892  1977 D IccSmsInterfaceManager: [IccSmsInterfaceManager] Failed to add GSM cell broadcast subscription for MID range 4373 to 4378 from client com.android.cellbroadcastreceiver
06-28 11:26:48.611  1892  1908 D IccSmsInterfaceManager: [IccSmsInterfaceManager] Calling setGsmBroadcastConfig with 1 configurations
06-28 11:26:48.617  1892  1908 D IccSmsInterfaceManager: [IccSmsInterfaceManager] Failed to add GSM cell broadcast subscription for MID range 4379 to 4379 from client com.android.cellbroadcastreceiver
06-28 11:26:48.647  1892  2027 D IccSmsInterfaceManager: [IccSmsInterfaceManager] Failed to remove GSM cell broadcast subscription for MID range 4380 to 4382 from client com.android.cellbroadcastreceiver
06-28 11:26:48.697  1892  1977 D IccSmsInterfaceManager: [IccSmsInterfaceManager] Calling setGsmBroadcastConfig with 1 configurations
06-28 11:26:48.705  1892  1977 D IccSmsInterfaceManager: [IccSmsInterfaceManager] Failed to add GSM cell broadcast subscription for MID range 4383 to 4383 from client com.android.cellbroadcastreceiver
06-28 11:26:48.725  1892  1908 D IccSmsInterfaceManager: [IccSmsInterfaceManager] Calling setGsmBroadcastConfig with 1 configurations
06-28 11:26:48.732  1892  1908 D IccSmsInterfaceManager: [IccSmsInterfaceManager] Failed to add GSM cell broadcast subscription for MID range 4384 to 4385 from client com.android.cellbroadcastreceiver
06-28 11:26:48.753  1892  2027 D IccSmsInterfaceManager: [IccSmsInterfaceManager] Calling setGsmBroadcastConfig with 1 configurations
06-28 11:26:48.758  1892  2027 D IccSmsInterfaceManager: [IccSmsInterfaceManager] Failed to add GSM cell broadcast subscription for MID range 4386 to 4391 from client com.android.cellbroadcastreceiver
06-28 11:26:48.780  1892  1977 D IccSmsInterfaceManager: [IccSmsInterfaceManager] Calling setGsmBroadcastConfig with 1 configurations
06-28 11:26:48.787  1892  1977 D IccSmsInterfaceManager: [IccSmsInterfaceManager] Failed to add GSM cell broadcast subscription for MID range 4392 to 4392 from client com.android.cellbroadcastreceiver
06-28 11:26:48.819  1892  1908 D IccSmsInterfaceManager: [IccSmsInterfaceManager] Failed to remove GSM cell broadcast subscription for MID range 4393 to 4395 from client com.android.cellbroadcastreceiver
06-28 11:26:48.837  1892  2027 D IccSmsInterfaceManager: [IccSmsInterfaceManager] Failed to remove GSM cell broadcast subscription for MID range 50 to 50 from client com.android.cellbroadcastreceiver
06-28 11:26:48.862  2135  2161 W art     : Verification of java.lang.String com.android.providers.contacts.PostalSplitter.joinEnUs(com.android.providers.contacts.PostalSplitter$Postal) took 175.439ms
06-28 11:26:48.908    69   171 D gralloc_goldfish: gralloc_alloc: format 2 and usage 0x933 imply creation of host color buffer
06-28 11:26:48.978  1491  1506 W ActivityManager: Slow operation: 58ms so far, now at startProcess: returned from zygote!
06-28 11:26:48.978  1491  1506 W ActivityManager: Slow operation: 59ms so far, now at startProcess: done updating battery stats
06-28 11:26:48.981  1491  1506 W ActivityManager: Slow operation: 62ms so far, now at startProcess: building log message
06-28 11:26:48.981  1491  1506 I ActivityManager: Start proc 2176:com.android.printspooler/u0a51 for service com.android.printspooler/.model.PrintSpoolerService
06-28 11:26:48.982  1491  1506 W ActivityManager: Slow operation: 62ms so far, now at startProcess: starting to update pids map
06-28 11:26:48.982  1491  1506 W ActivityManager: Slow operation: 63ms so far, now at startProcess: done updating pids map
06-28 11:26:48.982  1491  1506 W ActivityManager: Slow operation: 69ms so far, now at startProcess: done starting proc!
06-28 11:26:49.075  2176  2176 W art     : Unknown instruction set features for ARM CPU variant (generic) using conservative defaults
06-28 11:26:49.636  1491  1506 I GnssLocationProvider: WakeLock acquired by handleInjectNtpTime()
06-28 11:26:49.636  1491  1506 I GnssLocationProvider: WakeLock released by handleMessage(5, 0, null)
06-28 11:26:49.637  1491  1506 D GnssLocationProvider: handleDownloadXtraData() called when Xtra not supported
06-28 11:26:49.637  1491  1506 I GnssLocationProvider: WakeLock released by handleMessage(6, 0, null)
06-28 11:26:49.659  1491  1703 I GnssLocationProvider: WakeLock acquired by sendMessage(10, 0, null)
06-28 11:26:49.659  1491  1703 I GnssLocationProvider: WakeLock released by handleInjectNtpTime()
06-28 11:26:49.667  1491  1506 W GnssLocationProvider: Could not open GPS configuration file /etc/gps.conf
06-28 11:26:49.667  1491  1506 E GnssLocationProvider: no AGPS interface in set_agps_server
06-28 11:26:49.869  1491  1506 I GnssLocationProvider: WakeLock released by handleMessage(10, 0, null)
06-28 11:26:49.931  2135  2161 I ContactLocale: AddressBook Labels [[en_US]]: [, A, B, C, D, E, F, G, H, I, J, K, L, M, N, O, P, Q, R, S, T, U, V, W, X, Y, Z, , , , , , , , , , , , , , , , , , , , , , , , , , , , , , , , , , , , , , , , , , , , , , , , , , , , , , , , , , , , , , , , , , , , , , , , , , , , , , , , , , , , , , , , , , , , , , , , , , , , , , , , , , , , , , , , , , , , , , , , , , , , , , , , , , , , , , , , , , , , , , , , , , , , , , , , , , , , , , , , , , , , , , , , , , , , , , , , , , , , , , , , , , , #, ]
06-28 11:26:50.394  2130  2130 I AlarmClock: AlarmInitReceiver android.intent.action.LOCKED_BOOT_COMPLETED
06-28 11:26:50.481  2130  2130 D AlarmClock/Events: [Stopwatch] [Reset] [Reboot]
06-28 11:26:50.581  2130  2194 V AlarmClock: AlarmInitReceiver finished
06-28 11:26:50.612  1491  1932 I ActivityManager: Start proc 2195:android.process.media/u0a10 for broadcast com.android.providers.downloads/.DownloadReceiver
06-28 11:26:50.635  2195  2195 W art     : Unknown instruction set features for ARM CPU variant (generic) using conservative defaults
06-28 11:26:50.941  2195  2195 W System  : ClassLoader referenced unknown path: /system/priv-app/DownloadProvider/lib/arm
06-28 11:26:51.020  2195  2195 W System  : ClassLoader referenced unknown path: /system/priv-app/MediaProvider/lib/arm
06-28 11:26:51.024  2195  2195 D ApplicationLoaders: ignored Vulkan layer search path /system/priv-app/MediaProvider/lib/arm:/system/priv-app/MediaProvider/MediaProvider.apk!/lib/armeabi-v7a:/system/lib:/vendor/lib for namespace 0xabd20090
06-28 11:26:51.609  1491  1501 I art     : Background partial concurrent mark sweep GC freed 19373(1285KB) AllocSpace objects, 11(384KB) LOS objects, 33% free, 5MB/8MB, paused 2.729ms total 101.789ms
06-28 11:26:51.913  2195  2195 D MediaScannerReceiver: action: android.intent.action.MEDIA_MOUNTED path: /storage/emulated/0
06-28 11:26:52.183  1491  2219 I RecoverySystem: No recovery log file
06-28 11:26:52.196  2220  2220 W art     : Unknown instruction set features for ARM CPU variant (generic) using conservative defaults
06-28 11:26:52.199  1491  1491 W ActivityManager: Slow operation: 64ms so far, now at startProcess: returned from zygote!
06-28 11:26:52.199  1491  1491 W ActivityManager: Slow operation: 65ms so far, now at startProcess: done updating battery stats
06-28 11:26:52.199  1491  1491 W ActivityManager: Slow operation: 65ms so far, now at startProcess: building log message
06-28 11:26:52.200  1491  1491 I ActivityManager: Start proc 2220:com.android.dialer/u0a8 for broadcast com.android.dialer/.calllog.CallLogReceiver
06-28 11:26:52.200  1491  1491 W ActivityManager: Slow operation: 66ms so far, now at startProcess: starting to update pids map
06-28 11:26:52.200  1491  1491 W ActivityManager: Slow operation: 66ms so far, now at startProcess: done updating pids map
06-28 11:26:52.200  1491  1491 W ActivityManager: Slow operation: 67ms so far, now at startProcess: done starting proc!
06-28 11:26:52.435  2220  2220 W System  : ClassLoader referenced unknown path: /system/priv-app/Dialer/lib/arm
06-28 11:26:52.560  2220  2220 D ExtensionsFactory: No custom extensions.
06-28 11:26:52.572  2220  2220 D BlockedNumbersAuto: Not attempting auto-migrate: already checked once.
06-28 11:26:54.245  1892  1892 V OtaStartupReceiver: onOtaspChanged: mOtaspMode=3
06-28 11:26:54.258  1892  1892 D CarrierConfigLoader: mHandler: 13 phoneId: 0
06-28 11:26:54.259  1892  1892 D CarrierConfigLoader: mHandler: 7 phoneId: 0
06-28 11:26:54.302  1491  1761 W ActivityManager: Slow operation: 51ms so far, now at startProcess: building log message
06-28 11:26:54.302  1491  1761 I ActivityManager: Start proc 2239:com.android.calendar/u0a31 for broadcast com.android.calendar/.alerts.AlertReceiver
06-28 11:26:54.302  1491  1761 W ActivityManager: Slow operation: 51ms so far, now at startProcess: starting to update pids map
06-28 11:26:54.302  1491  1761 W ActivityManager: Slow operation: 51ms so far, now at startProcess: done updating pids map
06-28 11:26:54.303  1491  1761 W ActivityManager: Slow operation: 52ms so far, now at startProcess: done starting proc!
06-28 11:26:54.330  1892  1892 D CarrierConfigLoader: Loaded config from XML. package=com.android.carrierconfig phoneId=0
06-28 11:26:54.347  2239  2239 W art     : Unknown instruction set features for ARM CPU variant (generic) using conservative defaults
06-28 11:26:54.359  1892  1892 D CarrierConfigLoader: mHandler: 5 phoneId: 0
06-28 11:26:54.429  1892  1907 I art     : Background sticky concurrent mark sweep GC freed 11263(965KB) AllocSpace objects, 0(0B) LOS objects, 32% free, 2MB/3MB, paused 1.712ms total 152.609ms
06-28 11:26:54.441  1491  1491 I Telecom : PhoneAccountRegistrar: SimCallManager queried, returning: null: TSI.gSCMFU@ADI
06-28 11:26:54.668  2220  2254 W CountryDetector: No location permissions, not registering for location updates.
06-28 11:26:54.742  2239  2239 W System  : ClassLoader referenced unknown path: /system/app/Calendar/lib/arm
06-28 11:26:54.967  2239  2239 D ExtensionsFactory: No custom extensions.
06-28 11:26:55.021  2239  2239 D AlertReceiver: onReceive: a=android.intent.action.BOOT_COMPLETED Intent { act=android.intent.action.BOOT_COMPLETED flg=0x9000010 cmp=com.android.calendar/.alerts.AlertReceiver (has extras) }
06-28 11:26:55.059  2130  2130 I AlarmClock: AlarmInitReceiver android.intent.action.BOOT_COMPLETED
06-28 11:26:55.208  2239  2261 D AlertService: 0 Action = android.intent.action.BOOT_COMPLETED
06-28 11:26:55.254  1491  1503 I ActivityManager: Start proc 2263:com.android.email/u0a38 for broadcast com.android.email/.service.EmailBroadcastReceiver
06-28 11:26:55.274  2263  2263 W art     : Unknown instruction set features for ARM CPU variant (generic) using conservative defaults
06-28 11:26:55.374  2130  2194 V AlarmClock: AlarmInitReceiver finished
06-28 11:26:55.475  2263  2263 W System  : ClassLoader referenced unknown path: /system/app/Email/lib/arm
06-28 11:26:55.529  2239  2261 D AlertService: Scheduling next alarm with AlarmScheduler. sEventReminderReceived: null
06-28 11:26:55.941  2239  2261 D AlarmScheduler: No events found starting within 1 week.
06-28 11:26:56.040  1491  2082 W ActivityManager: Unable to start service Intent { act=com.android.email.EXCHANGE_INTENT pkg=com.android.exchange } U=0: not found
06-28 11:26:56.085  2263  2281 D ActivityThread: Loading provider com.android.email.provider;com.android.email.notifier: com.android.email.provider.EmailProvider
06-28 11:26:56.171  1491  1760 W ActivityManager: Unable to start service Intent { act=com.android.email.EXCHANGE_INTENT pkg=com.android.exchange } U=0: not found
06-28 11:26:56.209  2263  2282 W art     : Verification of com.google.common.collect.ImmutableList$Builder com.google.common.collect.ImmutableList$Builder.add(java.lang.Object[]) took 130.393ms
06-28 11:26:56.398  2263  2282 W art     : Long monitor contention with owner AsyncTask #1 (2281) at long android.database.sqlite.SQLiteConnection.nativePrepareStatement(long, java.lang.String)(SQLiteConnection.java:-2) waiters=0 in android.database.sqlite.SQLiteDatabase com.android.email.provider.EmailProvider.getDatabase(android.content.Context) for 159ms
06-28 11:26:56.407  1491  1504 W ActivityManager: Unable to start service Intent { cmp=com.android.email/.service.AttachmentService } U=0: not found
06-28 11:26:56.439  1491  1761 W ActivityManager: Unable to start service Intent { act=com.android.email.EXCHANGE_INTENT pkg=com.android.exchange } U=0: not found
06-28 11:26:56.467  1491  1759 W ActivityManager: Unable to start service Intent { cmp=com.android.email/.service.AttachmentService } U=0: not found
06-28 11:26:56.505  2263  2286 I Email   : Observing account changes for notifications
06-28 11:26:56.547  1491  1759 W ActivityManager: Unable to start service Intent { act=com.android.email.EXCHANGE_INTENT pkg=com.android.exchange } U=0: not found
06-28 11:26:57.166  1712  1712 I SystemBroadcastReceiver: Boot has been completed
06-28 11:26:57.167  1712  1712 I SystemBroadcastReceiver: toggleAppIcon() : FLAG_SYSTEM = true
06-28 11:26:57.218  1491  1932 W ActivityManager: Unable to start service Intent { act=com.android.email.EXCHANGE_INTENT pkg=com.android.exchange } U=0: not found
06-28 11:26:57.232  1491  2082 W ActivityManager: Unable to start service Intent { act=com.android.email.EXCHANGE_INTENT pkg=com.android.exchange } U=0: not found
06-28 11:26:57.241  2263  2263 E ActivityThread: Service com.android.email.service.EmailBroadcastProcessorService has leaked ServiceConnection com.android.emailcommon.service.ServiceProxy$ProxyConnection@d89e675 that was originally bound here
06-28 11:26:57.241  2263  2263 E ActivityThread: android.app.ServiceConnectionLeaked: Service com.android.email.service.EmailBroadcastProcessorService has leaked ServiceConnection com.android.emailcommon.service.ServiceProxy$ProxyConnection@d89e675 that was originally bound here
06-28 11:26:57.241  2263  2263 E ActivityThread: 	at android.app.LoadedApk$ServiceDispatcher.<init>(LoadedApk.java:1336)
06-28 11:26:57.241  2263  2263 E ActivityThread: 	at android.app.LoadedApk.getServiceDispatcher(LoadedApk.java:1231)
06-28 11:26:57.241  2263  2263 E ActivityThread: 	at android.app.ContextImpl.bindServiceCommon(ContextImpl.java:1450)
06-28 11:26:57.241  2263  2263 E ActivityThread: 	at android.app.ContextImpl.bindService(ContextImpl.java:1422)
06-28 11:26:57.241  2263  2263 E ActivityThread: 	at android.content.ContextWrapper.bindService(ContextWrapper.java:636)
06-28 11:26:57.241  2263  2263 E ActivityThread: 	at com.android.emailcommon.service.ServiceProxy.setTask(ServiceProxy.java:181)
06-28 11:26:57.241  2263  2263 E ActivityThread: 	at com.android.emailcommon.service.ServiceProxy.test(ServiceProxy.java:224)
06-28 11:26:57.241  2263  2263 E ActivityThread: 	at com.android.email.service.EmailServiceUtils.isServiceAvailable(EmailServiceUtils.java:160)
06-28 11:26:57.241  2263  2263 E ActivityThread: 	at com.android.email.provider.AccountReconciler.reconcileAccountsInternal(AccountReconciler.java:171)
06-28 11:26:57.241  2263  2263 E ActivityThread: 	at com.android.email.provider.AccountReconciler.reconcileAccounts(AccountReconciler.java:115)
06-28 11:26:57.241  2263  2263 E ActivityThread: 	at com.android.email.service.EmailBroadcastProcessorService.reconcileAndStartServices(EmailBroadcastProcessorService.java:305)
06-28 11:26:57.241  2263  2263 E ActivityThread: 	at com.android.email.service.EmailBroadcastProcessorService.onBootCompleted(EmailBroadcastProcessorService.java:295)
06-28 11:26:57.241  2263  2263 E ActivityThread: 	at com.android.email.service.EmailBroadcastProcessorService.onHandleIntent(EmailBroadcastProcessorService.java:130)
06-28 11:26:57.241  2263  2263 E ActivityThread: 	at android.app.IntentService$ServiceHandler.handleMessage(IntentService.java:68)
06-28 11:26:57.241  2263  2263 E ActivityThread: 	at android.os.Handler.dispatchMessage(Handler.java:102)
06-28 11:26:57.241  2263  2263 E ActivityThread: 	at android.os.Looper.loop(Looper.java:154)
06-28 11:26:57.241  2263  2263 E ActivityThread: 	at android.os.HandlerThread.run(HandlerThread.java:61)
06-28 11:26:57.253  1491  1761 W ActivityManager: Unbind failed: could not find connection for android.os.BinderProxy@a2fc3d5
06-28 11:26:57.322  1491  1504 I ActivityManager: Start proc 2288:com.android.managedprovisioning/u0a15 for broadcast com.android.managedprovisioning/.BootReminder
06-28 11:26:57.327  2288  2288 W art     : Unknown instruction set features for ARM CPU variant (generic) using conservative defaults
06-28 11:26:57.538  2288  2288 W System  : ClassLoader referenced unknown path: /system/priv-app/ManagedProvisioning/lib/arm
06-28 11:26:57.749  1491  1503 I ActivityManager: Start proc 2305:com.android.messaging/u0a54 for broadcast com.android.messaging/.receiver.BootAndPackageReplacedReceiver
06-28 11:26:57.774  2305  2305 W art     : Unknown instruction set features for ARM CPU variant (generic) using conservative defaults
06-28 11:26:57.982  2305  2305 W System  : ClassLoader referenced unknown path: /system/app/messaging/lib/arm
06-28 11:26:58.740  1491  1760 W ActivityManager: Slow operation: 55ms so far, now at startProcess: returned from zygote!
06-28 11:26:58.740  1491  1760 W ActivityManager: Slow operation: 55ms so far, now at startProcess: done updating battery stats
06-28 11:26:58.741  1491  1760 W ActivityManager: Slow operation: 56ms so far, now at startProcess: building log message
06-28 11:26:58.741  1491  1760 I ActivityManager: Start proc 2328:com.android.onetimeinitializer/u0a17 for broadcast com.android.onetimeinitializer/.OneTimeInitializerReceiver
06-28 11:26:58.741  1491  1760 W ActivityManager: Slow operation: 56ms so far, now at startProcess: starting to update pids map
06-28 11:26:58.741  1491  1760 W ActivityManager: Slow operation: 56ms so far, now at startProcess: done updating pids map
06-28 11:26:58.741  1491  1760 W ActivityManager: Slow operation: 57ms so far, now at startProcess: done starting proc!
06-28 11:26:58.768  2328  2328 W art     : Unknown instruction set features for ARM CPU variant (generic) using conservative defaults
06-28 11:26:58.876  2305  2305 I MessagingApp: Carrier config changed. Reloading MMS config.
06-28 11:26:59.028  2305  2327 I MessagingAppDataModel: Fixup: Send failed - 0 Download failed - 0
06-28 11:26:59.048  2328  2328 W System  : ClassLoader referenced unknown path: /system/priv-app/OneTimeInitializer/lib/arm
06-28 11:26:59.195  2305  2324 W MessagingApp: canonicalizeMccMnc: invalid mccmnc:null ,null
06-28 11:26:59.567  2305  2345 I MessagingAppDataModel: SyncMessagesAction: Starting batch for messages from 1593357420759 to 1593358018490 (message update limit = 80, message scan limit = 4000)
06-28 11:26:59.986  1491  1761 D MmsServiceBroker: getCarrierConfigValues() by com.android.messaging
06-28 11:26:59.987  1491  1761 W MmsServiceBroker: MmsService not connected. Try connecting...
06-28 11:26:59.987  1491  1491 I MmsServiceBroker: Connecting to MmsService
06-28 11:26:59.999  1491  1491 W ContextImpl: Calling a method in the system process without a qualified user: android.app.ContextImpl.bindService:1421 com.android.server.MmsServiceBroker.tryConnecting:241 com.android.server.MmsServiceBroker.-wrap3:-1 com.android.server.MmsServiceBroker$1.handleMessage:83 android.os.Handler.dispatchMessage:102 
06-28 11:27:00.033  1892  1892 W System  : ClassLoader referenced unknown path: /system/priv-app/MmsService/lib/arm
06-28 11:27:00.036  1892  1892 D ApplicationLoaders: ignored Vulkan layer search path /system/priv-app/MmsService/lib/arm:/system/lib:/vendor/lib for namespace 0xabd200d0
06-28 11:27:00.083  1892  1892 D MmsService: onCreate
06-28 11:27:00.107  1491  1491 I MmsServiceBroker: MmsService connected
06-28 11:27:00.109  1892  1909 D MmsService: getCarrierConfigValues
06-28 11:27:00.109  1892  1909 I MmsService: mms config for sub 1: null
06-28 11:27:00.110  1892  1892 I MmsService: MmsConfigManager receiver action: android.intent.action.SIM_STATE_CHANGED
06-28 11:27:00.112  1892  1892 I MmsService: MmsConfigManager receiver action: android.telephony.action.CARRIER_CONFIG_CHANGED
06-28 11:27:00.115  1892  2348 I MmsService: MmsConfigManager loads in background mcc/mnc: 310/260
06-28 11:27:00.128  1892  2347 I MmsService: MmsConfigManager loads in background mcc/mnc: 310/260
06-28 11:27:00.131  1892  2346 I MmsService: MmsConfigManager loads in background mcc/mnc: 310/260
06-28 11:27:00.249  2305  2324 I MessagingApp: Carrier configs loaded: Bundle[{maxImageHeight=1944, maxMessageSize=1048576, maxImageWidth=2592}] from resources+system for subId=1
06-28 11:27:00.317  2305  2325 W MessagingApp: canonicalizeMccMnc: invalid mccmnc:null ,null
06-28 11:27:00.335  1491  1759 D MmsServiceBroker: getCarrierConfigValues() by com.android.messaging
06-28 11:27:00.336  1892  1909 D MmsService: getCarrierConfigValues
06-28 11:27:00.337  1892  1909 I MmsService: mms config for sub 1: Bundle[{httpSocketTimeout=60000, aliasMinChars=2, smsToMmsTextThreshold=-1, enableSMSDeliveryReports=true, maxMessageTextSize=-1, supportMmsContentDisposition=true, enabledTransID=false, aliasEnabled=false, supportHttpCharsetHeader=false, allowAttachAudio=true, smsToMmsTextLengthThreshold=-1, recipientLimit=2147483647, uaProfTagName=x-wap-profile, aliasMaxChars=48, maxImageHeight=1944, enableMMSDeliveryReports=false, userAgent=, mmsCloseConnection=false, config_cellBroadcastAppLinks=true, maxSubjectLength=40, httpParams=, enableGroupMms=true, emailGatewayNumber=, maxMessageSize=1048576, naiSuffix=, enableMMSReadReports=false, maxImageWidth=2592, uaProfUrl=, enabledMMS=true, enabledNotifyWapMMSC=false, sendMultipartSmsAsSeparateMessages=false, enableMultipartSMS=true}]
06-28 11:27:00.352  2305  2325 I MessagingApp: Carrier configs loaded: Bundle[{httpSocketTimeout=60000, aliasMinChars=2, smsToMmsTextThreshold=-1, enableSMSDeliveryReports=true, maxMessageTextSize=-1, supportMmsContentDisposition=true, enabledTransID=false, aliasEnabled=false, supportHttpCharsetHeader=false, allowAttachAudio=true, smsToMmsTextLengthThreshold=-1, recipientLimit=2147483647, uaProfTagName=x-wap-profile, aliasMaxChars=48, maxImageHeight=1944, enableMMSDeliveryReports=false, userAgent=, mmsCloseConnection=false, config_cellBroadcastAppLinks=true, maxSubjectLength=40, httpParams=, enableGroupMms=true, emailGatewayNumber=, maxMessageSize=1048576, naiSuffix=, enableMMSReadReports=false, maxImageWidth=2592, uaProfUrl=, enabledMMS=true, enabledNotifyWapMMSC=false, sendMultipartSmsAsSeparateMessages=false, enableMultipartSMS=true}] from resources+system for subId=1
06-28 11:27:00.430  2305  2325 W MessagingApp: canonicalizeMccMnc: invalid mccmnc:null ,null
06-28 11:27:00.458  1491  1761 D MmsServiceBroker: getCarrierConfigValues() by com.android.messaging
06-28 11:27:00.458  1892  1909 D MmsService: getCarrierConfigValues
06-28 11:27:00.459  1892  1909 I MmsService: mms config for sub 1: Bundle[{httpSocketTimeout=60000, aliasMinChars=2, smsToMmsTextThreshold=-1, enableSMSDeliveryReports=true, maxMessageTextSize=-1, supportMmsContentDisposition=true, enabledTransID=false, aliasEnabled=false, supportHttpCharsetHeader=false, allowAttachAudio=true, smsToMmsTextLengthThreshold=-1, recipientLimit=2147483647, uaProfTagName=x-wap-profile, aliasMaxChars=48, maxImageHeight=1944, enableMMSDeliveryReports=false, userAgent=, mmsCloseConnection=false, config_cellBroadcastAppLinks=true, maxSubjectLength=40, httpParams=, enableGroupMms=true, emailGatewayNumber=, maxMessageSize=1048576, naiSuffix=, enableMMSReadReports=false, maxImageWidth=2592, uaProfUrl=, enabledMMS=true, enabledNotifyWapMMSC=false, sendMultipartSmsAsSeparateMessages=false, enableMultipartSMS=true}]
06-28 11:27:00.462  2305  2325 I MessagingApp: Carrier configs loaded: Bundle[{httpSocketTimeout=60000, aliasMinChars=2, smsToMmsTextThreshold=-1, enableSMSDeliveryReports=true, maxMessageTextSize=-1, supportMmsContentDisposition=true, enabledTransID=false, aliasEnabled=false, supportHttpCharsetHeader=false, allowAttachAudio=true, smsToMmsTextLengthThreshold=-1, recipientLimit=2147483647, uaProfTagName=x-wap-profile, aliasMaxChars=48, maxImageHeight=1944, enableMMSDeliveryReports=false, userAgent=, mmsCloseConnection=false, config_cellBroadcastAppLinks=true, maxSubjectLength=40, httpParams=, enableGroupMms=true, emailGatewayNumber=, maxMessageSize=1048576, naiSuffix=, enableMMSReadReports=false, maxImageWidth=2592, uaProfUrl=, enabledMMS=true, enabledNotifyWapMMSC=false, sendMultipartSmsAsSeparateMessages=false, enableMultipartSMS=true}] from resources+system for subId=1
06-28 11:27:00.672  2305  2327 I MessagingAppDataModel: SyncMessagesAction: All messages now in sync
06-28 11:27:00.759  1717  1717 W art     : Long monitor contention with owner PhoneStatusBar (1853) at boolean android.os.MessageQueue.enqueueMessage(android.os.Message, long)(MessageQueue.java:541) waiters=0 in android.os.Message android.os.MessageQueue.next() for 331ms
06-28 11:27:02.228  1491  1503 D CountryDetector: The first listener is added
06-28 11:27:02.872  1491  1501 I art     : Background partial concurrent mark sweep GC freed 11883(1065KB) AllocSpace objects, 12(352KB) LOS objects, 33% free, 5MB/8MB, paused 2.268ms total 201.121ms
06-28 11:27:03.145  2328  2328 V OneTimeInitializerRece: OneTimeInitializerReceiver.onReceive
06-28 11:27:03.183  1892  1892 V VvmBootCompletedRcvr: processing subId list
06-28 11:27:03.200  1892  1892 V VvmBootCompletedRcvr: processing subId 1
06-28 11:27:03.211  1892  1892 I VvmSimChangeReceiver: Sim state or carrier config changed for 1
06-28 11:27:03.268  1892  1892 D VvmTaskScheduler: create task:com.android.phone.vvm.omtp.ActivationTask
06-28 11:27:03.470  1491  1761 I ActivityManager: Start proc 2351:cm.aptoide.pt/u0a63 for broadcast cm.aptoide.pt/.notification.NotificationReceiver
06-28 11:27:03.470  1491  1761 W ActivityManager: Slow operation: 52ms so far, now at startProcess: done starting proc!
06-28 11:27:03.480  2351  2351 W art     : Unknown instruction set features for ARM CPU variant (generic) using conservative defaults
06-28 11:27:03.806  2351  2351 I MultiDex: VM with version 2.1.0 has multidex support
06-28 11:27:03.807  2351  2351 I MultiDex: Installing application
06-28 11:27:03.807  2351  2351 I MultiDex: VM has multidex support, MultiDex support library is disabled.
06-28 11:27:03.892  2351  2351 I CrashlyticsInitProvider: CrashlyticsInitProvider skipping initialization
06-28 11:27:03.996  2351  2351 W com.facebook.s: Please set a value for AutoLogAppEventsEnabled. Set the flag to TRUE if you want to collect app install, app launch and in-app purchase events automatically. To request user consent before collecting data, set the flag value to FALSE, then change to TRUE once user consent is received. Learn more: https://developers.facebook.com/docs/app-events/getting-started-app-events-android#disable-auto-events.
06-28 11:27:03.996  2351  2351 W com.facebook.s: You haven't set a value for AdvertiserIDCollectionEnabled. Set the flag to TRUE if you want to collect Advertiser ID for better advertising and analytics results. To request user consent before collecting data, set the flag value to FALSE, then change to TRUE once user consent is received. Learn more: https://developers.facebook.com/docs/app-events/getting-started-app-events-android#disable-auto-events.
06-28 11:27:04.055  2351  2367 E ActivityThread: Failed to find provider info for com.google.android.gms.chimera
06-28 11:27:04.055  2351  2367 W DynamiteModule: Failed to retrieve remote module version.
06-28 11:27:04.072  2351  2367 W GooglePlayServicesUtil: Google Play Store is missing.
06-28 11:27:04.073  2351  2367 I DynamiteModule: Considering local module com.google.android.gms.ads.dynamite:20175 and remote module com.google.android.gms.ads.dynamite:0
06-28 11:27:04.073  2351  2367 I DynamiteModule: Selected local version of com.google.android.gms.ads.dynamite
06-28 11:27:04.083  2351  2373 W DynamiteModule: Local module descriptor class for com.google.android.gms.measurement.dynamite not found.
06-28 11:27:04.085  2351  2373 W GooglePlayServicesUtil: Google Play Store is missing.
06-28 11:27:04.085  2351  2373 I DynamiteModule: Considering local module com.google.android.gms.measurement.dynamite:0 and remote module com.google.android.gms.measurement.dynamite:0
06-28 11:27:04.086  2351  2373 W Ads     : Data collection startup failed. No data will be collected.
06-28 11:27:04.086  2351  2373 W Ads     : com.google.android.gms.dynamite.DynamiteModule$LoadingException: No acceptable module found. Local version is 0 and remote version is 0.
06-28 11:27:04.086  2351  2373 W Ads     : 	at com.google.android.gms.dynamite.DynamiteModule.a(Unknown Source)
06-28 11:27:04.086  2351  2373 W Ads     : 	at com.google.android.gms.internal.measurement.zzea.a(Unknown Source)
06-28 11:27:04.086  2351  2373 W Ads     : 	at com.google.android.gms.internal.measurement.b.a(Unknown Source)
06-28 11:27:04.086  2351  2373 W Ads     : 	at com.google.android.gms.internal.measurement.zzea$b.run(Unknown Source)
06-28 11:27:04.086  2351  2373 W Ads     : 	at java.util.concurrent.ThreadPoolExecutor.runWorker(ThreadPoolExecutor.java:1133)
06-28 11:27:04.086  2351  2373 W Ads     : 	at java.util.concurrent.ThreadPoolExecutor$Worker.run(ThreadPoolExecutor.java:607)
06-28 11:27:04.086  2351  2373 W Ads     : 	at java.lang.Thread.run(Thread.java:761)
06-28 11:27:04.087  2351  2373 W Ads     : Failed to connect to measurement client.
06-28 11:27:04.108  2351  2367 W Ads     : #007 Could not call remote method. @4
06-28 11:27:04.108  2351  2367 W Ads     : com.google.android.gms.internal.ads.zzbag: com.google.android.gms.dynamite.DynamiteModule$LoadingException: Failed to instantiate module class: com.google.android.gms.ads.measurement.DynamiteMeasurementManager
06-28 11:27:04.108  2351  2367 W Ads     : 	at com.google.android.gms.internal.ads.zzbae.a(Unknown Source)
06-28 11:27:04.108  2351  2367 W Ads     : 	at com.google.android.gms.internal.ads.zzami.b(Unknown Source)
06-28 11:27:04.108  2351  2367 W Ads     : 	at com.google.android.gms.internal.ads.q2.run(Unknown Source)
