06-28 10:56:09.970   197   396 W art     : Long monitor contention with owner ConditionProviders.ECP (411) at java.lang.String com.android.server.am.ActivityManagerService.checkContentProviderAccess(java.lang.String, int)(ActivityManagerService.java:10462) waiters=1 in java.lang.String com.android.server.am.ActivityManagerService.checkContentProviderAccess(java.lang.String, int) for 364ms
06-28 10:56:09.974   197   610 W art     : Long monitor contention with owner ConditionProviders.ECP (411) at java.lang.String com.android.server.am.ActivityManagerService.checkContentProviderAccess(java.lang.String, int)(ActivityManagerService.java:10462) waiters=2 in android.content.Intent com.android.server.am.ActivityManagerService.registerReceiver(android.app.IApplicationThread, java.lang.String, android.content.IIntentReceiver, android.content.IntentFilter, java.lang.String, int) for 362ms
06-28 10:56:10.125   425   425 I Choreographer: Skipped 487 frames!  The application may be doing too much work on its main thread.
06-28 10:56:10.214   425   425 D ViewRootImpl[StatusBar]: changeCanvasOpacity: opaque=true
06-28 10:56:10.882   661   661 W System  : ClassLoader referenced unknown path: /system/priv-app/CellBroadcastReceiver/lib/arm
06-28 10:56:11.024   197   212 I GnssLocationProvider: WakeLock released by handleMessage(13, 0, null)
06-28 10:56:11.027   197   481 W art     : Long monitor contention with owner ConditionProviders.ECP (411) at android.app.IActivityManager$ContentProviderHolder com.android.server.am.ActivityManagerService.getContentProviderImpl(android.app.IApplicationThread, java.lang.String, android.os.IBinder, boolean, int)(ActivityManagerService.java:10693) waiters=0 in android.content.Intent com.android.server.am.ActivityManagerService.registerReceiver(android.app.IApplicationThread, java.lang.String, android.content.IIntentReceiver, android.content.IntentFilter, java.lang.String, int) for 339ms
06-28 10:56:11.080   583   583 W SystemConfig: No directory /system/etc/sysconfig, skipping
06-28 10:56:11.376   583   583 D PhoneSwitcherNetworkRequstListener: Registering NetworkFactory
06-28 10:56:11.379   197   405 D ConnectivityService: Got NetworkFactory Messenger for PhoneSwitcherNetworkRequstListener
06-28 10:56:11.425   197   405 D ConnectivityService: Got NetworkFactory Messenger for TelephonyNetworkFactory[0]
06-28 10:56:11.669   583   583 D CarrierConfigLoader: CarrierConfigLoader has started
06-28 10:56:11.678   583   583 E BluetoothAdapter: Bluetooth binder is null
06-28 10:56:11.713   197   610 W AlarmManagerService: Unable to set rtc to 1593356171: Invalid argument
06-28 10:56:11.786   197   197 D ConditionProviders.SCP: onReceive android.intent.action.TIME_SET
06-28 10:56:11.790   197   197 D ConditionProviders.SCP: notifyCondition condition://android/schedule?days=6.7&start=23.30&end=10.0&exitAtAlarm=false STATE_FALSE reason=!meetsSchedule
06-28 10:56:11.791   197   197 D ConditionProviders.SCP: notifyCondition condition://android/schedule?days=1.2.3.4.5&start=22.0&end=7.0&exitAtAlarm=false STATE_FALSE reason=!meetsSchedule
06-28 10:56:11.793   197   197 D ConditionProviders.SCP: Scheduling evaluate for Sun Jun 28 22:00:00 EDT 2020 (1593396000000), in +11h3m48s214ms, now=Sun Jun 28 10:56:11 EDT 2020 (1593356171786)
06-28 10:56:11.852   583   583 I Telephony: TtyManager: updateUiTtyMode -1 -> 0
06-28 10:56:12.209   197   396 D AlarmManagerService: Kernel timezone updated to 240 minutes west of GMT
06-28 10:56:12.242   197   610 D AlarmManagerService: Setting time of day to sec=1593356171
06-28 10:56:12.711   425   532 D         : HostConnection::get() New Host Connection established 0xab0fa3c0, tid 532
06-28 10:56:12.721   425   532 I OpenGLRenderer: Initialized EGL, version 1.4
06-28 10:56:12.722   425   532 D OpenGLRenderer: Swap behavior 1
06-28 10:56:12.745    69    98 D gralloc_goldfish: gralloc_alloc: format 1 and usage 0x900 imply creation of host color buffer
06-28 10:56:12.772    69    98 D gralloc_goldfish: gralloc_alloc: format 1 and usage 0x900 imply creation of host color buffer
06-28 10:56:12.778    69    98 D gralloc_goldfish: gralloc_alloc: format 1 and usage 0x900 imply creation of host color buffer
06-28 10:56:12.907   425   532 E EGL_emulation: tid 532: eglSurfaceAttrib(1174): error 0x3009 (EGL_BAD_MATCH)
06-28 10:56:12.907   425   532 W OpenGLRenderer: Failed to set EGL_SWAP_BEHAVIOR on surface 0x9267eca0, error=EGL_BAD_MATCH
06-28 10:56:12.969   583   583 D PhoneSwitcherNetworkRequstListener: got request NetworkRequest [ REQUEST id=1, [ Capabilities: INTERNET&NOT_RESTRICTED&TRUSTED&NOT_VPN] ] with score 0
06-28 10:56:12.989   583   583 D TelephonyDebugService: TelephonyDebugService()
06-28 10:56:13.006   583   583 D CarrierConfigLoader: mHandler: 12 phoneId: 0
06-28 10:56:13.349   197   400 D WifiService: New client listening to asynchronous messages
06-28 10:56:13.581   197   214 V KeyguardServiceDelegate: *** Keyguard connected (yay!)
06-28 10:56:14.079   197   227 W art     : Long monitor contention with owner Binder:197_7 (668) at int com.android.server.wm.WindowManagerService.relayoutWindow(com.android.server.wm.Session, android.view.IWindow, int, android.view.WindowManager$LayoutParams, int, int, int, int, android.graphics.Rect, android.graphics.Rect, android.graphics.Rect, android.graphics.Rect, android.graphics.Rect, android.graphics.Rect, android.graphics.Rect, android.content.res.Configuration, android.view.Surface)(WindowManagerService.java:2857) waiters=0 in void com.android.server.wm.WindowManagerService.showStrictModeViolation(int, int) for 158ms
06-28 10:56:14.154   197   197 I GnssLocationProvider: WakeLock acquired by sendMessage(12, 0, null)
06-28 10:56:14.311   197   210 I WifiService: WifiService trying to set country code to us with persist set to false
06-28 10:56:14.375   425   425 I Choreographer: Skipped 287 frames!  The application may be doing too much work on its main thread.
06-28 10:56:14.472   197   227 W WindowManager: Window freeze timeout expired.
06-28 10:56:14.473   197   227 W WindowManager: Force clearing orientation change: Window{a3e543f u0 StatusBar}
06-28 10:56:14.629   197   462 D AlarmManagerService: Kernel timezone updated to 240 minutes west of GMT
06-28 10:56:14.913    69    96 I SurfaceFlinger: Boot is finished (86598 ms)
06-28 10:56:15.279   197   227 I SystemServiceManager: Starting phase 1000
06-28 10:56:15.390   197   227 W ActivityManager: Slow operation: 97ms so far, now at startProcess: returned from zygote!
06-28 10:56:15.390   197   227 W ActivityManager: Slow operation: 97ms so far, now at startProcess: done updating battery stats
06-28 10:56:15.391   197   227 W ActivityManager: Slow operation: 98ms so far, now at startProcess: building log message
06-28 10:56:15.391   197   227 I ActivityManager: Start proc 690:android.ext.services/u0a12 for on-hold
06-28 10:56:15.391   197   227 W ActivityManager: Slow operation: 98ms so far, now at startProcess: starting to update pids map
06-28 10:56:15.393   197   227 W ActivityManager: Slow operation: 100ms so far, now at startProcess: done updating pids map
06-28 10:56:15.433   197   227 D ActivityManager: Finishing user boot 0
06-28 10:56:15.526   197   227 D CryptdConnector: SND -> {3 cryptfs prepare_user_storage ! 0 0 2}
06-28 10:56:15.529    57    62 D vold    : e4crypt_prepare_user_storage for volume null, user 0, serial 0, flags 2
06-28 10:56:15.530    57    62 D vold    : Preparing: /data/system_ce/0
06-28 10:56:15.530    57    62 D vold    : Preparing: /data/misc_ce/0
06-28 10:56:15.530    57    62 D vold    : Preparing: /data/media/0
06-28 10:56:15.530    57    62 D vold    : Preparing: /data/data
06-28 10:56:15.532   197   277 D CryptdConnector: RCV <- {200 3 Command succeeded}
06-28 10:56:15.545   197   227 V UserManagerService: Found /data/user/0 with serial number 0
06-28 10:56:15.545   197   227 V UserManagerService: Found /data/system_ce/0 with serial number 0
06-28 10:56:15.548   197   227 V PackageManager: reconcileAppsData for null u0 0x2
06-28 10:56:15.651   695   695 I bootstat: type=1400 audit(0.0:7): avc: denied { getattr } for path="/vendor" dev="rootfs" ino=1306 scontext=u:r:bootstat:s0 tcontext=u:object_r:rootfs:s0 tclass=lnk_file permissive=1
06-28 10:56:15.846   690   690 W art     : Unknown instruction set features for ARM CPU variant (generic) using conservative defaults
06-28 10:56:16.618   695   695 I bootstat: Service started: /system/bin/bootstat --record_boot_complete 
06-28 10:56:16.668   695   695 I bootstat: Logging histogram: bootstat_mtime_matches_content 1
06-28 10:56:16.693   695   695 I bootstat: Logging histogram: bootstat_mtime_matches_content 1
06-28 10:56:16.694   695   695 E bootstat: Failed to read /data/misc/bootstat/post_decrypt_time_elapsed: No such file or directory
06-28 10:56:16.694   695   695 E bootstat: Failed to parse boot time record: /data/misc/bootstat/post_decrypt_time_elapsed
06-28 10:56:17.830   708   708 I bootstat: Service started: /system/bin/bootstat --record_boot_reason 
06-28 10:56:17.840   708   708 I bootstat: Unknown boot reason: 
06-28 10:56:18.746   709   709 I bootstat: Service started: /system/bin/bootstat --record_time_since_factory_reset 
06-28 10:56:20.467   197   668 I ActivityManager: user 0 is still locked. Cannot load recents
06-28 10:56:20.528   197   213 V BackupManagerService: Starting with transport android/com.android.internal.backup.LocalTransport
06-28 10:56:25.792   197   197 W IInputConnectionWrapper: getTextBeforeCursor on inactive InputConnection
06-28 10:56:25.793   197   210 W art     : Long monitor contention with owner main (197) at void com.android.server.pm.UserManagerService$MainHandler.handleMessage(android.os.Message)(UserManagerService.java:3290) waiters=0 in int com.android.server.pm.PackageManagerService.checkUidPermission(java.lang.String, int) for 897ms
06-28 10:56:25.795   197   610 W art     : Long monitor contention with owner main (197) at void com.android.server.pm.UserManagerService$MainHandler.handleMessage(android.os.Message)(UserManagerService.java:3290) waiters=1 in android.content.pm.ProviderInfo com.android.server.pm.PackageManagerService.resolveContentProvider(java.lang.String, int, int) for 668ms
06-28 10:56:25.797   197   554 W art     : Long monitor contention with owner main (197) at void com.android.server.pm.UserManagerService$MainHandler.handleMessage(android.os.Message)(UserManagerService.java:3290) waiters=2 in android.content.pm.ServiceInfo com.android.server.pm.PackageManagerService.getServiceInfo(android.content.ComponentName, int, int) for 529ms
06-28 10:56:25.803   197   462 W art     : Long monitor contention with owner main (197) at void com.android.server.pm.UserManagerService$MainHandler.handleMessage(android.os.Message)(UserManagerService.java:3290) waiters=3 in int com.android.server.pm.PackageManagerService.checkUidPermission(java.lang.String, int) for 381ms
06-28 10:56:25.860   197   554 W ActivityManager: Slow operation: 60ms so far, now at startProcess: returned from zygote!
06-28 10:56:25.860   197   554 W ActivityManager: Slow operation: 60ms so far, now at startProcess: done updating battery stats
06-28 10:56:25.861   197   554 W ActivityManager: Slow operation: 61ms so far, now at startProcess: building log message
06-28 10:56:25.861   197   554 I ActivityManager: Start proc 743:com.android.keychain/1000 for service com.android.keychain/.KeyChainService
06-28 10:56:25.861   197   554 W ActivityManager: Slow operation: 61ms so far, now at startProcess: starting to update pids map
06-28 10:56:25.861   197   554 W ActivityManager: Slow operation: 61ms so far, now at startProcess: done updating pids map
06-28 10:56:25.861   197   554 W ActivityManager: Slow operation: 61ms so far, now at startProcess: done starting proc!
06-28 10:56:25.862   197   213 W art     : Long monitor contention with owner AsyncTask #2 (554) at int com.android.server.am.ActivityManagerService.bindService(android.app.IApplicationThread, android.os.IBinder, android.content.Intent, java.lang.String, android.app.IServiceConnection, int, java.lang.String, int)(ActivityManagerService.java:17333) waiters=0 in void com.android.server.am.ActivityManagerService$MainHandler.handleMessage(android.os.Message) for 572ms
06-28 10:56:25.864   197   209 W art     : Long monitor contention with owner AsyncTask #2 (554) at int com.android.server.am.ActivityManagerService.bindService(android.app.IApplicationThread, android.os.IBinder, android.content.Intent, java.lang.String, android.app.IServiceConnection, int, java.lang.String, int)(ActivityManagerService.java:17333) waiters=2 in android.content.Intent com.android.server.am.ActivityManagerService.registerReceiver(android.app.IApplicationThread, java.lang.String, android.content.IIntentReceiver, android.content.IntentFilter, java.lang.String, int) for 423ms
06-28 10:56:30.867   197   481 I ActivityManager: Config changes=3 {1.0 310mcc260mnc [en_US] ldltr sw320dp w320dp h456dp 160dpi nrml port finger -keyb/v/h tball/v s.5}
06-28 10:56:30.975    69    96 D gralloc_goldfish: gralloc_alloc: format 1 and usage 0xb33 imply creation of host color buffer
06-28 10:56:30.989    69    69 E EGL_emulation: tid 69: eglCreateSyncKHR(1669): error 0x3004 (EGL_BAD_ATTRIBUTE)
06-28 10:56:31.055   197   396 W art     : Long monitor contention with owner Binder:197_5 (481) at void com.android.server.am.ActivityManagerService.updateConfiguration(android.content.res.Configuration)(ActivityManagerService.java:18969) waiters=3 in com.android.server.am.ProcessRecord com.android.server.am.ActivityManagerService.findAppProcess(android.os.IBinder, java.lang.String) for 141ms
06-28 10:56:31.202   756   756 W art     : Verification of void com.android.providers.calendar.CalendarAlarmManager.scheduleNextAlarmLocked(android.database.sqlite.SQLiteDatabase, com.android.providers.calendar.CalendarProvider2) took 140.254ms
06-28 10:56:31.238   756   756 I CalendarProvider2: Created com.android.providers.calendar.CalendarAlarmManager@50b9744(com.android.providers.calendar.CalendarProvider2@9e502d)
06-28 10:56:31.425   197   668 W art     : Long monitor contention with owner main (197) at int android.content.res.AssetManager.getStringBlockCount!()(AssetManager.java:-2) waiters=0 in android.content.pm.ParceledListSlice com.android.server.appwidget.AppWidgetServiceImpl.startListening(com.android.internal.appwidget.IAppWidgetHost, java.lang.String, int, int[]) for 198ms
06-28 10:56:31.552   197   197 I GnssLocationProvider: WakeLock acquired by sendMessage(12, 0, null)
06-28 10:56:31.987   716   716 D Launcher.Model: Reload apps on config change. curr_mcc:310 prevmcc:0
06-28 10:56:31.987   716   716 I Choreographer: Skipped 54 frames!  The application may be doing too much work on its main thread.
06-28 10:56:32.056   197   481 I Telecom : PhoneAccountRegistrar: [ComponentInfo{com.android.phone/com.android.services.telephony.TelephonyConnectionService}, [e0184adedf913b076626646d3f52c3b49c39ad6d], UserHandle{0}(addr: tel:*********** -> tel:)(icon: Icon(typ=BITMAP size=19x24) -> Icon(typ=BITMAP size=19x24))(subAddr: tel:*********** -> tel:)]: TSI.rPA@AAo
06-28 10:56:32.059   197   481 I Telecom : : Sending phone-account registered intent as user: TSI.rPA@AAo
06-28 10:56:32.123   197   197 I GnssLocationProvider: WakeLock acquired by sendMessage(12, 0, null)
06-28 10:56:32.186   425   425 I Choreographer: Skipped 34 frames!  The application may be doing too much work on its main thread.
06-28 10:56:32.210   197   481 I Telecom : PhoneAccountRegistrar: [ComponentInfo{com.android.phone/com.android.services.telephony.TelephonyConnectionService}, [e0184adedf913b076626646d3f52c3b49c39ad6d], UserHandle{0}(icon: Icon(typ=BITMAP size=19x24) -> Icon(typ=BITMAP size=19x24))]: TSI.rPA@AA0
06-28 10:56:32.213   197   481 I Telecom : : Sending phone-account registered intent as user: TSI.rPA@AA0
06-28 10:56:32.299   197   668 I Telecom : PhoneAccountRegistrar: [ComponentInfo{com.android.phone/com.android.services.telephony.TelephonyConnectionService}, [e0184adedf913b076626646d3f52c3b49c39ad6d], UserHandle{0}(icon: Icon(typ=BITMAP size=19x24) -> Icon(typ=BITMAP size=19x24))]: TSI.rPA@AA4
06-28 10:56:32.307   197   668 I Telecom : : Sending phone-account registered intent as user: TSI.rPA@AA4
06-28 10:56:32.345    69   687 D gralloc_goldfish: gralloc_alloc: format 1 and usage 0x900 imply creation of host color buffer
06-28 10:56:32.346    69   687 D         : HostConnection::get() New Host Connection established 0xaa3ca658, tid 687
06-28 10:56:32.361    69   687 D gralloc_goldfish: gralloc_alloc: format 1 and usage 0x900 imply creation of host color buffer
06-28 10:56:37.120   197   844 D NetworkMonitor/NetworkAgentInfo [MOBILE (UMTS) - 100]: PROBE_HTTPS https://www.google.com/generate_204 time=487ms ret=204 headers={null=[HTTP/1.1 204 No Content], Alt-Svc=[h3-27=":443"; ma=2592000,h3-25=":443"; ma=2592000,h3-T050=":443"; ma=2592000,h3-Q050=":443"; ma=2592000,h3-Q046=":443"; ma=2592000,h3-Q043=":443"; ma=2592000,quic=":443"; ma=2592000; v="46,43"], Content-Length=[0], Date=[Sun, 28 Jun 2020 14:56:37 GMT], X-Android-Received-Millis=[1593356197117], X-Android-Response-Source=[NETWORK 204], X-Android-Selected-Protocol=[http/1.1], X-Android-Sent-Millis=[1593356197096]}
06-28 10:56:37.201   197   212 I SyncManager: Got SyncJobService instance.
06-28 10:56:37.235   197   197 I FusedLocation: engine started (com.android.location.fused)
06-28 10:56:37.278   800   817 W art     : Verification of android.database.Cursor com.android.providers.contacts.LegacyApiSupport.query(android.net.Uri, java.lang.String[], java.lang.String, java.lang.String[], java.lang.String, java.lang.String) took 1.183s
06-28 10:56:37.494   197   207 I art     : Background sticky concurrent mark sweep GC freed 32453(2MB) AllocSpace objects, 26(948KB) LOS objects, 24% free, 6MB/8MB, paused 4.891ms total 2.837s
06-28 10:56:37.494   197   227 I art     : WaitForGcToComplete blocked for 2.739s for cause Explicit
06-28 10:56:37.495   197   227 I art     : Starting a blocking GC Explicit
06-28 10:56:37.675   197   227 I art     : Explicit concurrent mark sweep GC freed 2601(198KB) AllocSpace objects, 2(40KB) LOS objects, 33% free, 5MB/8MB, paused 2.589ms total 177.953ms
06-28 10:56:37.680   197   213 W ActivityManager: Activity destroy timeout for ActivityRecord{5b86e18 u0 com.android.settings/.FallbackHome t1 f}
06-28 10:56:37.756    85   395 V IdletimerController: runCmd(/system/bin/ip6tables -w -t raw -A idletimer_raw_PREROUTING -i eth0 -j IDLETIMER --timeout 10 --label 0 --send_nl_msg 1) res_ipv4=0, res_ipv6=0
06-28 10:56:38.045    85   395 V IdletimerController: runCmd(/system/bin/ip6tables -w -t mangle -A idletimer_mangle_POSTROUTING -o eth0 -j IDLETIMER --timeout 10 --label 0 --send_nl_msg 1) res_ipv4=0, res_ipv6=0
06-28 10:56:38.047   197   405 E NetdConnector: NDC Command {28 idletimer add eth0 10 0} took too long (1550ms)
06-28 10:56:38.106   197   417 I GnssLocationProvider: WakeLock acquired by sendMessage(5, 0, null)
06-28 10:56:38.107   197   417 I GnssLocationProvider: WakeLock acquired by sendMessage(6, 0, null)
06-28 10:56:38.110   197   405 D ConnectivityService: Sending CONNECTED broadcast for type 0 NetworkAgentInfo [MOBILE (UMTS) - 100] isDefaultNetwork=true
06-28 10:56:38.123   197   405 D ConnectivityService: NetworkAgentInfo [MOBILE (UMTS) - 100] validation passed
06-28 10:56:38.187   756   756 I CalendarProvider2: Sending notification intent: Intent { act=android.intent.action.PROVIDER_CHANGED dat=content://com.android.calendar flg=0x20000000 }
06-28 10:56:38.189   756   756 W ContentResolver: Failed to get type for: content://com.android.calendar (Unknown URL content://com.android.calendar)
06-28 10:56:38.249   425   567 W art     : Long monitor contention with owner QSTileHost (646) at boolean android.os.MessageQueue.enqueueMessage(android.os.Message, long)(MessageQueue.java:541) waiters=1 in boolean android.os.MessageQueue.enqueueMessage(android.os.Message, long) for 984ms
06-28 10:56:38.254   425   425 E SignalClusterView: Unexpected subscription 1
06-28 10:56:38.254   425   425 E SignalClusterView: Unexpected subscription 1
06-28 10:56:38.309   197   398 D SntpClient: round trip: 130ms, clock offset: 825ms
06-28 10:56:38.675   800   817 W art     : Verification of void com.android.providers.contacts.NameSplitter.parseSuffix(com.android.providers.contacts.NameSplitter$Name, com.android.providers.contacts.NameSplitter$NameTokenizer) took 1.381s
06-28 10:56:40.005   197   411 W art     : Long monitor contention with owner main (197) at void com.android.server.am.ActivityManagerService.removeContentProvider(android.os.IBinder, boolean)(ActivityManagerService.java:11119) waiters=0 in android.content.IIntentSender com.android.server.am.ActivityManagerService.getIntentSender(int, java.lang.String, android.os.IBinder, java.lang.String, int, android.content.Intent[], java.lang.String[], int, android.os.Bundle, int) for 219ms
06-28 10:56:41.708   197   398 E NetdConnector: NDC Command {30 bandwidth setiquota eth0 9223372036854775807} took too long (3362ms)
06-28 10:56:41.828   197   711 I BackupManagerService: Found stale backup journal, scheduling
06-28 10:56:42.756    69   232 D gralloc_goldfish: gralloc_alloc: format 2 and usage 0x933 imply creation of host color buffer
06-28 10:56:42.815    69    69 E Layer   : [com.android.systemui.ImageWallpaper] rejecting buffer: bufWidth=320, bufHeight=480, front.active.{w=1, h=1}
06-28 10:56:43.249   197   212 W GnssLocationProvider: Could not open GPS configuration file /etc/gps.conf
06-28 10:56:43.250   197   212 E GnssLocationProvider: no AGPS interface in set_agps_server
06-28 10:56:43.251   197   212 I GnssLocationProvider: WakeLock released by handleMessage(12, 0, null)
06-28 10:56:44.027   197   212 E NetdConnector: NDC Command {32 firewall disable_chain standby} took too long (774ms)
06-28 10:56:44.262   800   817 I ContactLocale: AddressBook Labels [[en_US]]: [, A, B, C, D, E, F, G, H, I, J, K, L, M, N, O, P, Q, R, S, T, U, V, W, X, Y, Z, , , , , , , , , , , , , , , , , , , , , , , , , , , , , , , , , , , , , , , , , , , , , , , , , , , , , , , , , , , , , , , , , , , , , , , , , , , , , , , , , , , , , , , , , , , , , , , , , , , , , , , , , , , , , , , , , , , , , , , , , , , , , , , , , , , , , , , , , , , , , , , , , , , , , , , , , , , , , , , , , , , , , , , , , , , , , , , , , , , , , , , , , , , #, ]
06-28 10:56:44.475   197   212 I ActivityManager: Start proc 879:com.android.printspooler/u0a51 for service com.android.printspooler/.model.PrintSpoolerService
06-28 10:56:44.475   197   212 W ActivityManager: Slow operation: 51ms so far, now at startProcess: done starting proc!
06-28 10:56:44.492   879   879 W art     : Unknown instruction set features for ARM CPU variant (generic) using conservative defaults
06-28 10:56:44.721   800   817 W art     : Verification of void com.android.providers.contacts.aggregation.ContactAggregator2.updateScoreForCandidatesWithoutName(android.database.sqlite.SQLiteDatabase, java.util.List, com.android.providers.contacts.aggregation.util.RawContactMatcher) took 307.018ms
06-28 10:56:45.004   800   817 W art     : Verification of void com.android.providers.contacts.aggregation.ContactAggregator2.aggregateContact(com.android.providers.contacts.TransactionContext, android.database.sqlite.SQLiteDatabase, long, long, long, com.android.providers.contacts.aggregation.AbstractContactAggregator$MatchCandidateList) took 281.763ms
06-28 10:56:45.141    69    98 D gralloc_goldfish: gralloc_alloc: format 2 and usage 0x933 imply creation of host color buffer
06-28 10:56:45.160   197   212 W GnssLocationProvider: Could not open GPS configuration file /etc/gps.conf
06-28 10:56:45.160   197   212 E GnssLocationProvider: no AGPS interface in set_agps_server
06-28 10:56:45.305   197   212 W GnssLocationProvider: Could not open GPS configuration file /etc/gps.conf
06-28 10:56:45.305   197   212 E GnssLocationProvider: no AGPS interface in set_agps_server
06-28 10:56:45.398   425   425 D gralloc_goldfish: gralloc_unregister_buffer: exiting HostConnection (is buffer-handling thread)
06-28 10:56:45.424   197   212 W GnssLocationProvider: Could not open GPS configuration file /etc/gps.conf
06-28 10:56:45.424   197   212 E GnssLocationProvider: no AGPS interface in set_agps_server
06-28 10:56:45.513   197   212 W GnssLocationProvider: Could not open GPS configuration file /etc/gps.conf
06-28 10:56:45.513   197   212 E GnssLocationProvider: no AGPS interface in set_agps_server
06-28 10:56:45.513   197   212 I GnssLocationProvider: WakeLock released by handleMessage(12, 0, null)
06-28 10:56:45.550   197   212 W GnssLocationProvider: Could not open GPS configuration file /etc/gps.conf
06-28 10:56:45.550   197   212 E GnssLocationProvider: no AGPS interface in set_agps_server
06-28 10:56:45.550   197   212 I GnssLocationProvider: WakeLock released by handleMessage(12, 0, null)
06-28 10:56:45.585   197   212 W GnssLocationProvider: Could not open GPS configuration file /etc/gps.conf
06-28 10:56:45.586   197   212 E GnssLocationProvider: no AGPS interface in set_agps_server
06-28 10:56:45.586   197   212 I GnssLocationProvider: WakeLock released by handleMessage(12, 0, null)
06-28 10:56:45.611   197   212 W GnssLocationProvider: Could not open GPS configuration file /etc/gps.conf
06-28 10:56:45.611   197   212 E GnssLocationProvider: no AGPS interface in set_agps_server
06-28 10:56:45.612   197   212 I GnssLocationProvider: WakeLock released by handleMessage(12, 0, null)
06-28 10:56:45.640   197   212 W GnssLocationProvider: Could not open GPS configuration file /etc/gps.conf
06-28 10:56:45.640   197   212 E GnssLocationProvider: no AGPS interface in set_agps_server
06-28 10:56:45.681   197   212 W GnssLocationProvider: Could not open GPS configuration file /etc/gps.conf
06-28 10:56:45.682   197   212 E GnssLocationProvider: no AGPS interface in set_agps_server
06-28 10:56:45.682   197   212 I GnssLocationProvider: WakeLock released by handleMessage(12, 0, null)
06-28 10:56:45.707   197   212 W GnssLocationProvider: Could not open GPS configuration file /etc/gps.conf
06-28 10:56:45.708   197   212 E GnssLocationProvider: no AGPS interface in set_agps_server
06-28 10:56:45.708   197   212 I GnssLocationProvider: WakeLock released by handleMessage(12, 0, null)
06-28 10:56:45.708   197   212 I GnssLocationProvider: WakeLock acquired by handleInjectNtpTime()
06-28 10:56:45.710   197   212 I GnssLocationProvider: WakeLock released by handleMessage(5, 0, null)
06-28 10:56:45.710   197   212 D GnssLocationProvider: handleDownloadXtraData() called when Xtra not supported
06-28 10:56:45.711   197   212 I GnssLocationProvider: WakeLock released by handleMessage(6, 0, null)
06-28 10:56:45.725   197   897 I GnssLocationProvider: WakeLock acquired by sendMessage(10, 0, null)
06-28 10:56:45.726   197   897 I GnssLocationProvider: WakeLock released by handleInjectNtpTime()
06-28 10:56:45.728   197   212 I GnssLocationProvider: WakeLock released by handleMessage(10, 0, null)
06-28 10:56:46.068   197   741 W WindowManager: Failed looking up window
06-28 10:56:46.068   197   741 W WindowManager: java.lang.IllegalArgumentException: Requested window android.os.BinderProxy@a2beb8d does not exist
06-28 10:56:46.068   197   741 W WindowManager: 	at com.android.server.wm.WindowManagerService.windowForClientLocked(WindowManagerService.java:9422)
06-28 10:56:46.068   197   741 W WindowManager: 	at com.android.server.wm.WindowManagerService.windowForClientLocked(WindowManagerService.java:9413)
06-28 10:56:46.068   197   741 W WindowManager: 	at com.android.server.wm.WindowManagerService.removeWindow(WindowManagerService.java:2393)
06-28 10:56:46.068   197   741 W WindowManager: 	at com.android.server.wm.Session.remove(Session.java:202)
06-28 10:56:46.068   197   741 W WindowManager: 	at android.view.IWindowSession$Stub.onTransact(IWindowSession.java:242)
06-28 10:56:46.068   197   741 W WindowManager: 	at com.android.server.wm.Session.onTransact(Session.java:145)
06-28 10:56:46.068   197   741 W WindowManager: 	at android.os.Binder.execTransact(Binder.java:565)
06-28 10:56:46.120   197   742 I ActivityManager: Start proc 898:com.android.deskclock/u0a36 for broadcast com.android.deskclock/.AlarmInitReceiver
06-28 10:56:46.146   898   898 W art     : Unknown instruction set features for ARM CPU variant (generic) using conservative defaults
06-28 10:56:46.312   898   898 W System  : ClassLoader referenced unknown path: /system/app/DeskClock/lib/arm
06-28 10:56:46.551   898   898 I AlarmClock: AlarmInitReceiver android.intent.action.TIME_SET
06-28 10:56:46.716   898   915 V AlarmClock: AlarmInitReceiver finished
06-28 10:56:46.728   661   661 D CellBroadcastReceiver: onReceive Intent { act=android.intent.action.SERVICE_STATE flg=0x10 cmp=com.android.cellbroadcastreceiver/.CellBroadcastReceiver (has extras) }
06-28 10:56:46.728   661   661 D CellBroadcastReceiver: Intent: android.intent.action.SERVICE_STATE
06-28 10:56:46.731   661   661 D CellBroadcastReceiver: Service state changed! 0 Full: 0 0 voice home data home Android Android 310260 Android Android 310260  Unknown UMTS CSS not supported -1 -1 RoamInd=-1 DefRoamInd=-1 EmergOnly=false IsDataRoamingFromRegistration=false IsUsingCarrierAggregation=false Current state=-1
06-28 10:56:46.733   661   661 D CellBroadcastReceiver: Start Cell Broadcast configuration.
06-28 10:56:46.751   197   401 D WIFI    : Registering NetworkFactory
06-28 10:56:46.752   197   401 D WIFI_UT : Registering NetworkFactory
06-28 10:56:46.753   197   405 D ConnectivityService: Got NetworkFactory Messenger for WIFI
06-28 10:56:46.753   197   405 D ConnectivityService: Got NetworkFactory Messenger for WIFI_UT
06-28 10:56:46.765   197   401 D WIFI    : got request NetworkRequest [ REQUEST id=1, [ Capabilities: INTERNET&NOT_RESTRICTED&TRUSTED&NOT_VPN] ] with score 50
06-28 10:56:46.766   197   401 D WIFI_UT : got request NetworkRequest [ REQUEST id=1, [ Capabilities: INTERNET&NOT_RESTRICTED&TRUSTED&NOT_VPN] ] with score 50
06-28 10:56:46.768   898   898 I AlarmClock: AlarmInitReceiver android.intent.action.LOCKED_BOOT_COMPLETED
06-28 10:56:46.801   661   916 D CellBroadcastConfigService: Enable CellBroadcast on sub 1
06-28 10:56:46.853   898   898 D AlarmClock/Events: [Stopwatch] [Reset] [Reboot]
06-28 10:56:46.986   583   600 D IccSmsInterfaceManager: [IccSmsInterfaceManager] Calling setCdmaBroadcastConfig with 1 configurations
06-28 10:56:46.997   583   600 D IccSmsInterfaceManager: [IccSmsInterfaceManager] Failed to add cdma broadcast subscription for MID range 4096 to 4096 from client com.android.cellbroadcastreceiver
06-28 10:56:47.019   583   832 D IccSmsInterfaceManager: [IccSmsInterfaceManager] Calling setCdmaBroadcastConfig with 1 configurations
06-28 10:56:47.025   583   832 D IccSmsInterfaceManager: [IccSmsInterfaceManager] Failed to add cdma broadcast subscription for MID range 4097 to 4097 from client com.android.cellbroadcastreceiver
06-28 10:56:47.048   583   667 D IccSmsInterfaceManager: [IccSmsInterfaceManager] Calling setCdmaBroadcastConfig with 1 configurations
06-28 10:56:47.054   583   667 D IccSmsInterfaceManager: [IccSmsInterfaceManager] Failed to add cdma broadcast subscription for MID range 4098 to 4098 from client com.android.cellbroadcastreceiver
06-28 10:56:47.078   583   600 D IccSmsInterfaceManager: [IccSmsInterfaceManager] Calling setCdmaBroadcastConfig with 1 configurations
06-28 10:56:47.084   583   600 D IccSmsInterfaceManager: [IccSmsInterfaceManager] Failed to add cdma broadcast subscription for MID range 4099 to 4099 from client com.android.cellbroadcastreceiver
06-28 10:56:47.108   583   832 D IccSmsInterfaceManager: [IccSmsInterfaceManager] Failed to remove cdma broadcast subscription for MID range 4100 to 4100 from client com.android.cellbroadcastreceiver
06-28 10:56:47.129   583   667 D IccSmsInterfaceManager: [IccSmsInterfaceManager] Calling setGsmBroadcastConfig with 1 configurations
06-28 10:56:47.136   583   667 D IccSmsInterfaceManager: [IccSmsInterfaceManager] Failed to add GSM cell broadcast subscription for MID range 4352 to 4354 from client com.android.cellbroadcastreceiver
06-28 10:56:47.159   583   600 D IccSmsInterfaceManager: [IccSmsInterfaceManager] Calling setGsmBroadcastConfig with 1 configurations
06-28 10:56:47.164   583   600 D IccSmsInterfaceManager: [IccSmsInterfaceManager] Failed to add GSM cell broadcast subscription for MID range 4356 to 4356 from client com.android.cellbroadcastreceiver
06-28 10:56:47.187   583   832 D IccSmsInterfaceManager: [IccSmsInterfaceManager] Failed to remove GSM cell broadcast subscription for MID range 4355 to 4355 from client com.android.cellbroadcastreceiver
06-28 10:56:47.206   583   667 D IccSmsInterfaceManager: [IccSmsInterfaceManager] Calling setGsmBroadcastConfig with 1 configurations
06-28 10:56:47.216   898   898 W art     : Verification of void com.android.deskclock.data.Timer$2.<init>() took 341.289ms
06-28 10:56:47.220   583   667 D IccSmsInterfaceManager: [IccSmsInterfaceManager] Failed to add GSM cell broadcast subscription for MID range 4370 to 4370 from client com.android.cellbroadcastreceiver
06-28 10:56:47.240   583   600 D IccSmsInterfaceManager: [IccSmsInterfaceManager] Calling setGsmBroadcastConfig with 1 configurations
06-28 10:56:47.255   583   600 D IccSmsInterfaceManager: [IccSmsInterfaceManager] Failed to add GSM cell broadcast subscription for MID range 4371 to 4372 from client com.android.cellbroadcastreceiver
06-28 10:56:47.278   583   832 D IccSmsInterfaceManager: [IccSmsInterfaceManager] Calling setGsmBroadcastConfig with 1 configurations
06-28 10:56:47.284   583   832 D IccSmsInterfaceManager: [IccSmsInterfaceManager] Failed to add GSM cell broadcast subscription for MID range 4373 to 4378 from client com.android.cellbroadcastreceiver
06-28 10:56:47.306   583   667 D IccSmsInterfaceManager: [IccSmsInterfaceManager] Calling setGsmBroadcastConfig with 1 configurations
06-28 10:56:47.313   583   667 D IccSmsInterfaceManager: [IccSmsInterfaceManager] Failed to add GSM cell broadcast subscription for MID range 4379 to 4379 from client com.android.cellbroadcastreceiver
06-28 10:56:47.411   197   481 I ActivityManager: Start proc 919:android.process.media/u0a10 for broadcast com.android.providers.downloads/.DownloadReceiver
06-28 10:56:47.448   919   919 W art     : Unknown instruction set features for ARM CPU variant (generic) using conservative defaults
06-28 10:56:47.878   583   600 D IccSmsInterfaceManager: [IccSmsInterfaceManager] Failed to remove GSM cell broadcast subscription for MID range 4380 to 4382 from client com.android.cellbroadcastreceiver
06-28 10:56:47.880   898   915 V AlarmClock: AlarmInitReceiver finished
06-28 10:56:47.913   583   832 D IccSmsInterfaceManager: [IccSmsInterfaceManager] Calling setGsmBroadcastConfig with 1 configurations
06-28 10:56:47.920   583   832 D IccSmsInterfaceManager: [IccSmsInterfaceManager] Failed to add GSM cell broadcast subscription for MID range 4383 to 4383 from client com.android.cellbroadcastreceiver
06-28 10:56:47.941   583   667 D IccSmsInterfaceManager: [IccSmsInterfaceManager] Calling setGsmBroadcastConfig with 1 configurations
06-28 10:56:47.949   583   667 D IccSmsInterfaceManager: [IccSmsInterfaceManager] Failed to add GSM cell broadcast subscription for MID range 4384 to 4385 from client com.android.cellbroadcastreceiver
06-28 10:56:48.128   197   412 W AudioTrack: AUDIO_OUTPUT_FLAG_FAST denied by client; transfer 4, track 48000 Hz, output 44100 Hz
06-28 10:56:48.463   583   600 D IccSmsInterfaceManager: [IccSmsInterfaceManager] Calling setGsmBroadcastConfig with 1 configurations
06-28 10:56:48.505   583   600 D IccSmsInterfaceManager: [IccSmsInterfaceManager] Failed to add GSM cell broadcast subscription for MID range 4386 to 4391 from client com.android.cellbroadcastreceiver
06-28 10:56:49.021   583   832 D IccSmsInterfaceManager: [IccSmsInterfaceManager] Calling setGsmBroadcastConfig with 1 configurations
06-28 10:56:49.089   583   832 D IccSmsInterfaceManager: [IccSmsInterfaceManager] Failed to add GSM cell broadcast subscription for MID range 4392 to 4392 from client com.android.cellbroadcastreceiver
06-28 10:56:50.917   583   682 D IccSmsInterfaceManager: [IccSmsInterfaceManager] Failed to remove GSM cell broadcast subscription for MID range 4393 to 4395 from client com.android.cellbroadcastreceiver
06-28 10:56:50.977   583   601 D IccSmsInterfaceManager: [IccSmsInterfaceManager] Failed to remove GSM cell broadcast subscription for MID range 50 to 50 from client com.android.cellbroadcastreceiver
06-28 10:56:51.018   661   916 D CellBroadcastOtherChannelsManager: No additional channels configured. subId = 1
06-28 10:56:51.094   919   919 W System  : ClassLoader referenced unknown path: /system/priv-app/DownloadProvider/lib/arm
06-28 10:56:51.327   919   919 W System  : ClassLoader referenced unknown path: /system/priv-app/MediaProvider/lib/arm
06-28 10:56:51.330   919   919 D ApplicationLoaders: ignored Vulkan layer search path /system/priv-app/MediaProvider/lib/arm:/system/priv-app/MediaProvider/MediaProvider.apk!/lib/armeabi-v7a:/system/lib:/vendor/lib for namespace 0xad721090
06-28 10:56:51.456   197   212 W ProcessCpuTracker: Skipping unknown process pid 924
06-28 10:56:52.016   919   919 D MediaScannerReceiver: action: android.intent.action.MEDIA_MOUNTED path: /storage/emulated/0
06-28 10:56:52.452   197   947 I RecoverySystem: No recovery log file
06-28 10:56:52.498   197   947 I BootReceiver: Copying audit failures to DropBox
06-28 10:56:52.499   197   947 I BootReceiver: Checking for fsck errors
06-28 10:56:52.526   197   197 W ActivityManager: Slow operation: 101ms so far, now at startProcess: returned from zygote!
06-28 10:56:52.526   197   197 W ActivityManager: Slow operation: 101ms so far, now at startProcess: done updating battery stats
06-28 10:56:52.527   197   197 W ActivityManager: Slow operation: 102ms so far, now at startProcess: building log message
06-28 10:56:52.527   197   197 I ActivityManager: Start proc 948:com.android.dialer/u0a8 for broadcast com.android.dialer/.calllog.CallLogReceiver
06-28 10:56:52.527   197   197 W ActivityManager: Slow operation: 102ms so far, now at startProcess: starting to update pids map
06-28 10:56:52.527   197   197 W ActivityManager: Slow operation: 102ms so far, now at startProcess: done updating pids map
06-28 10:56:52.527   197   197 W ActivityManager: Slow operation: 102ms so far, now at startProcess: done starting proc!
06-28 10:56:52.530   197   214 W art     : Long monitor contention with owner main (197) at void com.android.server.am.BroadcastQueue.processNextBroadcast(boolean)(BroadcastQueue.java:762) waiters=0 in void com.android.server.am.ActivityManagerService.dispatchUidsChanged() for 103ms
06-28 10:56:52.568   948   948 W art     : Unknown instruction set features for ARM CPU variant (generic) using conservative defaults
06-28 10:56:52.625   197   207 I art     : Background sticky concurrent mark sweep GC freed 20079(1663KB) AllocSpace objects, 12(552KB) LOS objects, 31% free, 5MB/8MB, paused 2.829ms total 164.114ms
06-28 10:56:52.803   948   948 W System  : ClassLoader referenced unknown path: /system/priv-app/Dialer/lib/arm
06-28 10:56:53.059   948   948 D ExtensionsFactory: No custom extensions.
06-28 10:56:53.084   948   948 D BlockedNumbersAuto: Not attempting auto-migrate: already checked once.
06-28 10:56:53.164   583   583 V OtaStartupReceiver: onOtaspChanged: mOtaspMode=3
06-28 10:56:53.168   583   583 D CarrierConfigLoader: mHandler: 13 phoneId: 0
06-28 10:56:53.168   583   583 D CarrierConfigLoader: mHandler: 7 phoneId: 0
06-28 10:56:53.219   968   968 W art     : Unknown instruction set features for ARM CPU variant (generic) using conservative defaults
06-28 10:56:53.225   197   668 I ActivityManager: Start proc 968:com.android.calendar/u0a31 for broadcast com.android.calendar/.alerts.AlertReceiver
06-28 10:56:53.241   583   583 D CarrierConfigLoader: Loaded config from XML. package=com.android.carrierconfig phoneId=0
06-28 10:56:53.275   583   583 D CarrierConfigLoader: mHandler: 5 phoneId: 0
06-28 10:56:53.326   197   197 I Telecom : PhoneAccountRegistrar: SimCallManager queried, returning: null: TSI.gSCMFU@ACY
06-28 10:56:53.488   948   967 W CountryDetector: No location permissions, not registering for location updates.
06-28 10:56:53.581   968   968 W System  : ClassLoader referenced unknown path: /system/app/Calendar/lib/arm
06-28 10:56:53.867   968   968 D ExtensionsFactory: No custom extensions.
06-28 10:56:53.903   968   968 D AlertReceiver: onReceive: a=android.intent.action.BOOT_COMPLETED Intent { act=android.intent.action.BOOT_COMPLETED flg=0x9000010 cmp=com.android.calendar/.alerts.AlertReceiver (has extras) }
06-28 10:56:53.945   898   898 I AlarmClock: AlarmInitReceiver android.intent.action.BOOT_COMPLETED
06-28 10:56:54.064   898   909 W art     : Suspending all threads took: 19.387ms
06-28 10:56:54.130   968   989 D AlertService: 0 Action = android.intent.action.BOOT_COMPLETED
06-28 10:56:54.140   968   989 D AlertService: Scheduling next alarm with AlarmScheduler. sEventReminderReceived: null
06-28 10:56:54.282   992   992 W art     : Unknown instruction set features for ARM CPU variant (generic) using conservative defaults
06-28 10:56:54.285   197   822 I ActivityManager: Start proc 992:com.android.email/u0a38 for broadcast com.android.email/.service.EmailBroadcastReceiver
06-28 10:56:54.396   898   915 V AlarmClock: AlarmInitReceiver finished
06-28 10:56:54.489   992   992 W System  : ClassLoader referenced unknown path: /system/app/Email/lib/arm
06-28 10:56:54.626   968   989 D AlarmScheduler: No events found starting within 1 week.
06-28 10:56:55.140   197   210 W ActivityManager: Unable to start service Intent { act=com.android.email.EXCHANGE_INTENT pkg=com.android.exchange } U=0: not found
06-28 10:56:55.179   992  1009 D ActivityThread: Loading provider com.android.email.provider;com.android.email.notifier: com.android.email.provider.EmailProvider
06-28 10:56:55.184   197   462 W ActivityManager: Unable to start service Intent { act=com.android.email.EXCHANGE_INTENT pkg=com.android.exchange } U=0: not found
06-28 10:56:55.396   992  1009 W art     : Verification of void com.android.email.provider.DBHelper$DatabaseHelper.onUpgrade(android.database.sqlite.SQLiteDatabase, int, int) took 147.683ms
06-28 10:56:55.600   197   396 W ActivityManager: Unable to start service Intent { cmp=com.android.email/.service.AttachmentService } U=0: not found
06-28 10:56:55.618   197   209 W ActivityManager: Unable to start service Intent { act=com.android.email.EXCHANGE_INTENT pkg=com.android.exchange } U=0: not found
06-28 10:56:55.652   197   822 W ActivityManager: Unable to start service Intent { cmp=com.android.email/.service.AttachmentService } U=0: not found
06-28 10:56:55.765   992  1009 W art     : Verification of void com.android.email.EmailNotificationController.watchForMessages() took 110.696ms
06-28 10:56:55.852   992  1014 I Email   : Observing account changes for notifications
06-28 10:56:55.927   197   209 W ActivityManager: Unable to start service Intent { act=com.android.email.EXCHANGE_INTENT pkg=com.android.exchange } U=0: not found
06-28 10:56:56.983   420   420 I SystemBroadcastReceiver: Boot has been completed
06-28 10:56:56.984   420   420 I SystemBroadcastReceiver: toggleAppIcon() : FLAG_SYSTEM = true
06-28 10:56:56.998   197   741 W ActivityManager: Unable to start service Intent { act=com.android.email.EXCHANGE_INTENT pkg=com.android.exchange } U=0: not found
06-28 10:56:57.003   197   210 W ActivityManager: Unable to start service Intent { act=com.android.email.EXCHANGE_INTENT pkg=com.android.exchange } U=0: not found
06-28 10:56:57.023   992   992 E ActivityThread: Service com.android.email.service.EmailBroadcastProcessorService has leaked ServiceConnection com.android.emailcommon.service.ServiceProxy$ProxyConnection@f7898e0 that was originally bound here
06-28 10:56:57.023   992   992 E ActivityThread: android.app.ServiceConnectionLeaked: Service com.android.email.service.EmailBroadcastProcessorService has leaked ServiceConnection com.android.emailcommon.service.ServiceProxy$ProxyConnection@f7898e0 that was originally bound here
06-28 10:56:57.023   992   992 E ActivityThread: 	at android.app.LoadedApk$ServiceDispatcher.<init>(LoadedApk.java:1336)
06-28 10:56:57.023   992   992 E ActivityThread: 	at android.app.LoadedApk.getServiceDispatcher(LoadedApk.java:1231)
06-28 10:56:57.023   992   992 E ActivityThread: 	at android.app.ContextImpl.bindServiceCommon(ContextImpl.java:1450)
06-28 10:56:57.023   992   992 E ActivityThread: 	at android.app.ContextImpl.bindService(ContextImpl.java:1422)
06-28 10:56:57.023   992   992 E ActivityThread: 	at android.content.ContextWrapper.bindService(ContextWrapper.java:636)
06-28 10:56:57.023   992   992 E ActivityThread: 	at com.android.emailcommon.service.ServiceProxy.setTask(ServiceProxy.java:181)
06-28 10:56:57.023   992   992 E ActivityThread: 	at com.android.emailcommon.service.ServiceProxy.test(ServiceProxy.java:224)
06-28 10:56:57.023   992   992 E ActivityThread: 	at com.android.email.service.EmailServiceUtils.isServiceAvailable(EmailServiceUtils.java:160)
06-28 10:56:57.023   992   992 E ActivityThread: 	at com.android.email.provider.AccountReconciler.reconcileAccountsInternal(AccountReconciler.java:171)
06-28 10:56:57.023   992   992 E ActivityThread: 	at com.android.email.provider.AccountReconciler.reconcileAccounts(AccountReconciler.java:115)
06-28 10:56:57.023   992   992 E ActivityThread: 	at com.android.email.service.EmailBroadcastProcessorService.reconcileAndStartServices(EmailBroadcastProcessorService.java:305)
06-28 10:56:57.023   992   992 E ActivityThread: 	at com.android.email.service.EmailBroadcastProcessorService.onBootCompleted(EmailBroadcastProcessorService.java:295)
06-28 10:56:57.023   992   992 E ActivityThread: 	at com.android.email.service.EmailBroadcastProcessorService.onHandleIntent(EmailBroadcastProcessorService.java:130)
06-28 10:56:57.023   992   992 E ActivityThread: 	at android.app.IntentService$ServiceHandler.handleMessage(IntentService.java:68)
06-28 10:56:57.023   992   992 E ActivityThread: 	at android.os.Handler.dispatchMessage(Handler.java:102)
06-28 10:56:57.023   992   992 E ActivityThread: 	at android.os.Looper.loop(Looper.java:154)
06-28 10:56:57.023   992   992 E ActivityThread: 	at android.os.HandlerThread.run(HandlerThread.java:61)
06-28 10:56:57.026   197   396 W ActivityManager: Unbind failed: could not find connection for android.os.BinderProxy@e126ffa
06-28 10:56:57.145   197   822 I ActivityManager: Start proc 1016:com.android.managedprovisioning/u0a15 for broadcast com.android.managedprovisioning/.BootReminder
06-28 10:56:57.171  1016  1016 W art     : Unknown instruction set features for ARM CPU variant (generic) using conservative defaults
06-28 10:56:57.343  1016  1016 W System  : ClassLoader referenced unknown path: /system/priv-app/ManagedProvisioning/lib/arm
06-28 10:56:57.505   197   481 I ActivityManager: Start proc 1033:com.android.messaging/u0a54 for broadcast com.android.messaging/.receiver.BootAndPackageReplacedReceiver
06-28 10:56:57.532  1033  1033 W art     : Unknown instruction set features for ARM CPU variant (generic) using conservative defaults
06-28 10:56:57.711  1033  1033 W System  : ClassLoader referenced unknown path: /system/app/messaging/lib/arm
06-28 10:56:57.975   919   931 W art     : Suspending all threads took: 78.705ms
06-28 10:56:58.708  1033  1051 W MessagingApp: canonicalizeMccMnc: invalid mccmnc:null ,null
06-28 10:56:58.739   197   668 D MmsServiceBroker: getCarrierConfigValues() by com.android.messaging
06-28 10:56:58.739   197   668 W MmsServiceBroker: MmsService not connected. Try connecting...
06-28 10:56:58.740   197   197 I MmsServiceBroker: Connecting to MmsService
06-28 10:56:58.741   197   197 W ContextImpl: Calling a method in the system process without a qualified user: android.app.ContextImpl.bindService:1421 com.android.server.MmsServiceBroker.tryConnecting:241 com.android.server.MmsServiceBroker.-wrap3:-1 com.android.server.MmsServiceBroker$1.handleMessage:83 android.os.Handler.dispatchMessage:102 
06-28 10:56:58.753   583   583 W System  : ClassLoader referenced unknown path: /system/priv-app/MmsService/lib/arm
06-28 10:56:58.758   583   583 D ApplicationLoaders: ignored Vulkan layer search path /system/priv-app/MmsService/lib/arm:/system/lib:/vendor/lib for namespace 0xad7210d0
06-28 10:56:58.772   583   583 D MmsService: onCreate
06-28 10:56:58.787   197   197 I MmsServiceBroker: MmsService connected
06-28 10:56:58.789   583   600 D MmsService: getCarrierConfigValues
06-28 10:56:58.789   583   600 I MmsService: mms config for sub 1: null
06-28 10:56:58.791   583   583 I MmsService: MmsConfigManager receiver action: android.intent.action.SIM_STATE_CHANGED
06-28 10:56:58.792   583   583 I MmsService: MmsConfigManager receiver action: android.telephony.action.CARRIER_CONFIG_CHANGED
06-28 10:56:58.796   583  1053 I MmsService: MmsConfigManager loads in background mcc/mnc: 310/260
06-28 10:56:58.796   583  1054 I MmsService: MmsConfigManager loads in background mcc/mnc: 310/260
06-28 10:56:58.839   583  1052 I MmsService: MmsConfigManager loads in background mcc/mnc: 310/260
06-28 10:56:58.861  1033  1051 I MessagingApp: Carrier configs loaded: Bundle[{maxImageHeight=1944, maxMessageSize=1048576, maxImageWidth=2592}] from resources+system for subId=1
06-28 10:56:59.010  1033  1056 W MessagingApp: canonicalizeMccMnc: invalid mccmnc:null ,null
06-28 10:56:59.029   197   610 D MmsServiceBroker: getCarrierConfigValues() by com.android.messaging
06-28 10:56:59.030   583   600 D MmsService: getCarrierConfigValues
