06-28 11:15:35.552   196   273 D VoldConnector: RCV <- {200 2 asec operation succeeded}
06-28 11:15:35.554   196   196 I SystemServer: StartStatusBarManagerService
06-28 11:15:35.561   196   196 I SystemServer: StartClipboardService
06-28 11:15:35.569   196   196 I SystemServer: StartNetworkManagementService
06-28 11:15:35.593   196   276 E NetdConnector: Communications error: java.io.IOException: Connection refused
06-28 11:15:35.606   196   276 E NetdConnector: Error in NativeDaemonConnector: java.io.IOException: Connection refused
06-28 11:15:38.749   196   211 I UsageStatsService: User[0] Rollover scheduled @ 2020-06-28 18:43:55(1593384235783)
06-28 11:15:40.609   196   276 E NetdConnector: Communications error: java.io.IOException: Connection refused
06-28 11:15:40.611   196   276 E NetdConnector: Error in NativeDaemonConnector: java.io.IOException: Connection refused
06-28 11:15:45.616   196   276 E NetdConnector: Communications error: java.io.IOException: Connection refused
06-28 11:15:45.618   196   276 E NetdConnector: Error in NativeDaemonConnector: java.io.IOException: Connection refused
06-28 11:15:49.255    85    85 V NatController: runCmd(/system/bin/iptables -w -F natctrl_FORWARD) res=0
06-28 11:15:49.354    85    85 V NatController: runCmd(/system/bin/ip6tables -w -F natctrl_FORWARD) res=0
06-28 11:15:49.444    85    85 V NatController: runCmd(/system/bin/iptables -w -A natctrl_FORWARD -j DROP) res=0
06-28 11:15:49.534    85    85 V NatController: runCmd(/system/bin/iptables -w -t nat -F natctrl_nat_POSTROUTING) res=0
06-28 11:15:49.625    85    85 V NatController: runCmd(/system/bin/ip6tables -w -t raw -F natctrl_raw_PREROUTING) res=0
06-28 11:15:49.716    85    85 V NatController: runCmd(/system/bin/iptables -w -F natctrl_tether_counters) res=1
06-28 11:15:49.815    85    85 V NatController: runCmd(/system/bin/ip6tables -w -F natctrl_tether_counters) res=1
06-28 11:15:49.914    85    85 V NatController: runCmd(/system/bin/iptables -w -X natctrl_tether_counters) res=1
06-28 11:15:50.014    85    85 V NatController: runCmd(/system/bin/ip6tables -w -X natctrl_tether_counters) res=1
06-28 11:15:50.114    85    85 V NatController: runCmd(/system/bin/iptables -w -N natctrl_tether_counters) res=0
06-28 11:15:50.224    85    85 V NatController: runCmd(/system/bin/ip6tables -w -N natctrl_tether_counters) res=0
06-28 11:15:50.324    85    85 V NatController: runCmd(/system/bin/iptables -w -t mangle -A natctrl_mangle_FORWARD -p tcp --tcp-flags SYN SYN -j TCPMSS --clamp-mss-to-pmtu) res=1
06-28 11:15:50.658   196   276 E NetdConnector: Communications error: java.io.IOException: Connection refused
06-28 11:15:50.680   196   276 E NetdConnector: Error in NativeDaemonConnector: java.io.IOException: Connection refused
06-28 11:15:51.684    85    85 E Netd    : cannot find interface dummy0
06-28 11:15:51.708    85    85 D MDnsDS  : MDnsSdListener::Hander starting up
06-28 11:15:51.710    85   390 D MDnsDS  : MDnsSdListener starting to monitor
06-28 11:15:51.710    85   390 D MDnsDS  : Going to poll with pollCount 1
06-28 11:15:55.687   196   276 I NetworkManagement: onDaemonConnected()
06-28 11:15:55.728   196   196 I SystemServiceManager: Starting com.android.server.TextServicesManagerService$Lifecycle
06-28 11:15:55.804   196   196 I SystemServer: StartNetworkScoreService
06-28 11:15:55.815   196   196 I SystemServer: StartNetworkStatsService
06-28 11:15:55.855   196   196 I SystemServer: StartNetworkPolicyManagerService
06-28 11:15:55.876   196   196 I SystemServer: No Wi-Fi NAN Service (NAN support Not Present)
06-28 11:15:55.894   196   196 I SystemServiceManager: Starting com.android.server.wifi.p2p.WifiP2pService
06-28 11:15:56.026   196   196 I SystemServiceManager: Starting com.android.server.wifi.WifiService
06-28 11:15:56.260   196   401 I chatty  : uid=1000 system_server expire 1 line
06-28 11:15:56.274    85   394 D CommandListener: Clearing all IP addresses on wlan0
06-28 11:15:56.520   196   400 I chatty  : uid=1000 system_server expire 10 lines
06-28 11:15:56.550   196   196 I SystemServiceManager: Starting com.android.server.wifi.scanner.WifiScanningService
06-28 11:15:56.562   196   196 I SystemServiceManager: Starting com.android.server.wifi.RttService
06-28 11:15:56.573   196   196 I SystemServer: StartConnectivityService
06-28 11:15:56.613   196   196 D ConnectivityService: ConnectivityService starting up
06-28 11:15:56.625   196   196 D ConnectivityService: wifiOnly=false
06-28 11:15:56.676   196   196 I SystemServer: StartNsdService
06-28 11:15:56.699   196   196 I SystemServer: StartUpdateLockService
06-28 11:15:56.706   196   196 I SystemServiceManager: Starting com.android.server.RecoverySystemService
06-28 11:15:56.711   196   196 I SystemServiceManager: Starting com.android.server.notification.NotificationManagerService
06-28 11:15:56.775   196   196 D ConditionProviders.SCP: new ScheduleConditionProvider()
06-28 11:15:56.802   196   196 D ZenLog  : config: readXml,ZenModeConfig[user=0,allowCalls=true,allowRepeatCallers=false,allowMessages=false,allowCallsFrom=contacts,allowMessagesFrom=contacts,allowReminders=true,allowEvents=true,allowWhenScreenOff=true,allowWhenScreenOn=true,automaticRules={b8527d8e9dd448fd915d607966a823b6=ZenRule[enabled=false,snoozing=false,name=Weeknight,zenMode=ZEN_MODE_ALARMS,conditionId=condition://android/schedule?days=1.2.3.4.5&start=22.0&end=7.0&exitAtAlarm=false,condition=Condition[id=condition://android/schedule?days=1.2.3.4.5&start=22.0&end=7.0&exitAtAlarm=false,summary=...,line1=...,line2=...,icon=0,state=STATE_FALSE,flags=2],component=ComponentInfo{android/com.android.server.notification.ScheduleConditionProvider},id=b8527d8e9dd448fd915d607966a823b6,creationTime=1586537817460,enabler=null], 826891134a454e38b19efd80576d0f41=ZenRule[enabled=false,snoozing=false,name=Weekend,zenMode=ZEN_MODE_ALARMS,conditionId=condition://android/schedule?days=6.7&start=23.30&end=10.0&exitAtAlarm=false,condition=Condition[id=condition://android/schedule?days=6.7&start=23.30&end=10.0&exitAtAlarm=false,summary=...,line1=...,line2=...,icon=0,state=STATE_FALSE,flags=2],component=ComponentInfo{android/com.android.server.notification.ScheduleConditionProvider},id=826891134a454e38b19efd80576d0f41,creationTime=1586537817461,enabler=null], aff2632651374c009592ba48645ede63=ZenRule[enabled=false,snoozing=false,name=Event,zenMode=ZEN_MODE_ALARMS,conditionId=condition://android/event?userId=-10000&calendar=&reply=1,condition=Condition[id=condition://android/event?userId=-10000&calendar=&reply=1,summary=...,line1=...,line2=...,icon=0,state=STATE_FALSE,flags=2],component=ComponentInfo{android/com.android.server.notification.EventConditionProvider},id=aff2632651374c009592ba48645ede63,creationTime=1586537817462,enabler=null]},manualRule=null],Diff[automaticRule[ca64ef424388439fa1e54f16605ac66b]:delete,automaticRule[969d4624e61742bea8d064f266276bab]:delete,automaticRule[b8527d8e9dd448fd915d607966a823b6]:insert,automaticRule[b1647cef7dd6470f925527bd59163981]:delete,automaticRule[826891134a454e38b19efd80576d0f41]:insert,automaticRule[aff2632651374c009592ba48645ede63]:insert]
06-28 11:15:56.856   196   196 D ZenLog  : set_zen_mode: off,init
06-28 11:15:56.871   196   196 I SystemServiceManager: Starting com.android.server.storage.DeviceStorageMonitorService
06-28 11:15:56.889   196   196 I SystemServer: StartLocationManagerService
06-28 11:15:56.901   196   196 I SystemServer: StartCountryDetectorService
06-28 11:15:56.905   196   196 I SystemServer: StartSearchManagerService
06-28 11:15:56.906   196   196 I SystemServiceManager: Starting com.android.server.search.SearchManagerService$Lifecycle
06-28 11:15:56.914   196   196 I SystemServiceManager: Starting com.android.server.DropBoxManagerService
06-28 11:15:56.923   196   196 I SystemServer: StartWallpaperManagerService
06-28 11:15:56.925   196   196 I SystemServiceManager: Starting com.android.server.wallpaper.WallpaperManagerService$Lifecycle
06-28 11:15:56.936   196   196 E WallpaperManagerService: Invalid wallpaper data
06-28 11:15:56.936   196   196 E WallpaperManagerService: Unable to apply new wallpaper
06-28 11:15:56.943   196   196 I SystemServer: StartAudioService
06-28 11:15:56.943   196   196 I SystemServiceManager: Starting com.android.server.audio.AudioService$Lifecycle
06-28 11:15:57.008    76   124 D PermissionCache: checking android.permission.MODIFY_AUDIO_SETTINGS for uid=1000 => granted (8558 us)
06-28 11:15:57.017   196   196 I chatty  : uid=1000 system_server expire 32 lines
06-28 11:15:57.033   196   209 I chatty  : uid=1000 system_server expire 2 lines
06-28 11:15:57.039    76   122 W AudioFlinger: no wake lock to update, system not ready yet
06-28 11:15:57.054   196   212 E KernelCpuSpeedReader: Failed to read cpu-freq: /sys/devices/system/cpu/cpu0/cpufreq/stats/time_in_state (No such file or directory)
06-28 11:15:57.057   196   212 E KernelUidCpuTimeReader: Failed to read uid_cputime: /proc/uid_cputime/show_uid_stat (No such file or directory)
06-28 11:15:57.151    69    97 D gralloc_goldfish: gralloc_alloc: format 1 and usage 0x933 imply creation of host color buffer
06-28 11:15:57.176   196   226 I chatty  : uid=1000 system_server expire 7 lines
06-28 11:15:57.256   196   196 I SystemServiceManager: Starting com.android.server.DockObserver
06-28 11:15:57.259   196   196 W DockObserver: This kernel does not have dock station support
06-28 11:15:57.263   196   196 I SystemServer: StartWiredAccessoryManager
06-28 11:15:57.268   196   196 W WiredAccessoryManager: This kernel does not have wired headset support
06-28 11:15:57.269   196   196 W WiredAccessoryManager: This kernel does not have usb audio support
06-28 11:15:57.270   196   196 W WiredAccessoryManager: This kernel does not have HDMI audio support
06-28 11:15:57.271   196   196 I SystemServiceManager: Starting com.android.server.usb.UsbService$Lifecycle
06-28 11:15:57.302   196   196 I SystemServer: StartSerialService
06-28 11:15:57.308   196   196 I SystemServiceManager: Starting com.android.server.twilight.TwilightService
06-28 11:15:57.311   196   196 I SystemServiceManager: Starting com.android.server.job.JobSchedulerService
06-28 11:15:57.323   196   196 D JobStore: Start tag: job-info
06-28 11:15:57.352   196   196 I SystemServiceManager: Starting com.android.server.soundtrigger.SoundTriggerService
06-28 11:15:57.356   196   196 I SystemServiceManager: Starting com.android.server.backup.BackupManagerService$Lifecycle
06-28 11:15:57.363   196   196 I SystemServiceManager: Starting com.android.server.appwidget.AppWidgetService
06-28 11:15:57.384   196   196 I SystemServiceManager: Starting com.android.server.voiceinteraction.VoiceInteractionManagerService
06-28 11:15:57.394   196   196 I SystemServer: Gesture Launcher Service
06-28 11:15:57.394   196   196 I SystemServiceManager: Starting com.android.server.GestureLauncherService
06-28 11:15:57.395   196   196 I SystemServiceManager: Starting com.android.server.SensorNotificationService
06-28 11:15:57.396   196   196 I SystemServiceManager: Starting com.android.server.ContextHubSystemService
06-28 11:15:57.400   196   196 I SystemServer: StartDiskStatsService
06-28 11:15:57.409   196   196 I SystemServer: StartSamplingProfilerService
06-28 11:15:57.427   196   196 I SystemServer: StartNetworkTimeUpdateService
06-28 11:15:57.431   196   196 I SystemServer: StartCommonTimeManagementService
06-28 11:15:57.436   196   196 I SystemServer: CertBlacklister
06-28 11:15:57.440   196   196 I SystemServiceManager: Starting com.android.server.emergency.EmergencyAffordanceService
06-28 11:15:57.443   196   196 I SystemServiceManager: Starting com.android.server.dreams.DreamManagerService
06-28 11:15:57.450   196   196 I SystemServer: StartAssetAtlasService
06-28 11:15:57.469   196   196 I SystemServiceManager: Starting com.android.server.print.PrintManagerService
06-28 11:15:57.482   196   416 I chatty  : uid=1000 system_server expire 3 lines
06-28 11:15:57.493   196   196 I SystemServiceManager: Starting com.android.server.restrictions.RestrictionsManagerService
06-28 11:15:57.498   196   196 I SystemServiceManager: Starting com.android.server.media.MediaSessionService
06-28 11:15:57.513   196   196 I SystemServer: StartMediaRouterService
06-28 11:15:57.515    69   171 D gralloc_goldfish: gralloc_alloc: format 1 and usage 0x100 imply creation of host color buffer
06-28 11:15:57.518    69   171 D         : HostConnection::get() New Host Connection established 0xa754a2d8, tid 171
06-28 11:15:57.526   196   196 I SystemServiceManager: Starting com.android.server.trust.TrustManagerService
06-28 11:15:57.545   196   196 I SystemServer: StartBackgroundDexOptService
06-28 11:15:57.549   196   196 I SystemServiceManager: Starting com.android.server.pm.ShortcutService$Lifecycle
06-28 11:15:57.599   196   196 I SystemServiceManager: Starting com.android.server.pm.LauncherAppsService
06-28 11:15:57.603   196   196 I SystemServiceManager: Starting com.android.server.media.projection.MediaProjectionManagerService
06-28 11:15:57.708   196   196 I SystemServiceManager: Starting com.android.server.MmsServiceBroker
06-28 11:15:57.972   196   196 E LockSettingsStorage: Cannot read file java.io.FileNotFoundException: /data/system/gatekeeper.password.key: open failed: ENOENT (No such file or directory)
06-28 11:15:57.974   196   196 E LockSettingsStorage: Cannot read file java.io.FileNotFoundException: /data/system/password.key: open failed: ENOENT (No such file or directory)
06-28 11:15:57.976   196   196 E LockSettingsStorage: Cannot read file java.io.FileNotFoundException: /data/system/gatekeeper.pattern.key: open failed: ENOENT (No such file or directory)
06-28 11:15:57.978   196   196 E LockSettingsStorage: Cannot read file java.io.FileNotFoundException: /data/system/gatekeeper.gesture.key: open failed: ENOENT (No such file or directory)
06-28 11:15:57.980   196   196 E LockSettingsStorage: Cannot read file java.io.FileNotFoundException: /data/system/gesture.key: open failed: ENOENT (No such file or directory)
06-28 11:15:57.981   196   196 I SystemServiceManager: Starting phase 480
06-28 11:15:57.996   196   196 I DevicePolicyManagerService: Set ro.device_owner property to false
06-28 11:15:58.008   196   196 I SystemServiceManager: Starting phase 500
06-28 11:15:58.066   196   196 I WifiService: WifiService starting up with Wi-Fi enabled
06-28 11:15:58.074   196   196 D WifiService: setWifiEnabled: true pid=196, uid=1000
06-28 11:15:58.088   196   399 I chatty  : uid=1000 system_server expire 2 lines
06-28 11:15:58.127   196   196 D ZenLog  : config: cleanUpZenRules,ZenModeConfig[user=0,allowCalls=true,allowRepeatCallers=false,allowMessages=false,allowCallsFrom=contacts,allowMessagesFrom=contacts,allowReminders=true,allowEvents=true,allowWhenScreenOff=true,allowWhenScreenOn=true,automaticRules={b8527d8e9dd448fd915d607966a823b6=ZenRule[enabled=false,snoozing=false,name=Weeknight,zenMode=ZEN_MODE_ALARMS,conditionId=condition://android/schedule?days=1.2.3.4.5&start=22.0&end=7.0&exitAtAlarm=false,condition=Condition[id=condition://android/schedule?days=1.2.3.4.5&start=22.0&end=7.0&exitAtAlarm=false,summary=...,line1=...,line2=...,icon=0,state=STATE_FALSE,flags=2],component=ComponentInfo{android/com.android.server.notification.ScheduleConditionProvider},id=b8527d8e9dd448fd915d607966a823b6,creationTime=1586537817460,enabler=null], 826891134a454e38b19efd80576d0f41=ZenRule[enabled=false,snoozing=false,name=Weekend,zenMode=ZEN_MODE_ALARMS,conditionId=condition://android/schedule?days=6.7&start=23.30&end=10.0&exitAtAlarm=false,condition=Condition[id=condition://android/schedule?days=6.7&start=23.30&end=10.0&exitAtAlarm=false,summary=...,line1=...,line2=...,icon=0,state=STATE_FALSE,flags=2],component=ComponentInfo{android/com.android.server.notification.ScheduleConditionProvider},id=826891134a454e38b19efd80576d0f41,creationTime=1586537817461,enabler=null], aff2632651374c009592ba48645ede63=ZenRule[enabled=false,snoozing=false,name=Event,zenMode=ZEN_MODE_ALARMS,conditionId=condition://android/event?userId=-10000&calendar=&reply=1,condition=Condition[id=condition://android/event?userId=-10000&calendar=&reply=1,summary=...,line1=...,line2=...,icon=0,state=STATE_FALSE,flags=2],component=ComponentInfo{android/com.android.server.notification.EventConditionProvider},id=aff2632651374c009592ba48645ede63,creationTime=1586537817462,enabler=null]},manualRule=null],Diff[]
06-28 11:15:58.128   196   196 D ZenLog  : set_zen_mode: off,onSystemReady
06-28 11:15:58.138    76   124 D PermissionCache: checking android.permission.CAPTURE_AUDIO_HOTWORD for uid=1000 => granted (728 us)
06-28 11:15:58.140   196   196 W SoundTriggerHelper: listModules status=0, # of modules=0
06-28 11:15:58.404   196   228 W KeyguardServiceDelegate: onScreenTurningOn(): no keyguard service!
06-28 11:15:58.427    69    95 D gralloc_goldfish: gralloc_alloc: format 1 and usage 0x933 imply creation of host color buffer
06-28 11:15:58.433   196   213 I chatty  : uid=1000 system_server expire 2 lines
06-28 11:15:58.438   196   196 V UserManagerService: Found /data/user_de/0 with serial number 0
06-28 11:15:58.441   196   196 V UserManagerService: Found /data/user/0 with serial number 0
06-28 11:15:58.442   196   196 V UserManagerService: Found /data/system_de/0 with serial number 0
06-28 11:15:58.442   196   196 V UserManagerService: Found /data/system_ce/0 with serial number 0
06-28 11:15:58.620    85   394 E SoftapController: Softap fwReload - NULL path for STA
06-28 11:15:58.626   196   196 I ActivityManager: System now ready
06-28 11:15:58.637    85   394 W CommandListener: Failed to retrieve HW addr for wlan0 (No such device)
06-28 11:15:58.650    85   394 D CommandListener: Setting iface cfg
06-28 11:15:58.670   196   196 I SystemServer: Making services ready
06-28 11:15:58.671   196   196 I SystemServiceManager: Starting phase 550
06-28 11:15:58.770   196   196 E InputMethodManagerService: Ignoring updateSystemUiLocked due to an invalid token. uid:1000 token:null
06-28 11:15:59.116   196   196 W ActivityManager: Slow operation: 69ms so far, now at startProcess: returned from zygote!
06-28 11:15:59.116   196   196 W ActivityManager: Slow operation: 70ms so far, now at startProcess: done updating battery stats
06-28 11:15:59.117   196   196 W ActivityManager: Slow operation: 71ms so far, now at startProcess: building log message
06-28 11:15:59.118   196   196 I ActivityManager: Start proc 421:com.android.inputmethod.latin/u0a43 for service com.android.inputmethod.latin/.LatinIME
06-28 11:15:59.118   196   196 W ActivityManager: Slow operation: 71ms so far, now at startProcess: starting to update pids map
06-28 11:15:59.118   196   196 W ActivityManager: Slow operation: 72ms so far, now at startProcess: done updating pids map
06-28 11:15:59.119   196   196 W ActivityManager: Slow operation: 74ms so far, now at startProcess: done starting proc!
06-28 11:15:59.120   196   196 V InputMethodManagerService: Adding window token: android.os.Binder@e2c5bd3
06-28 11:15:59.122   196   272 D MountService: Thinking about init, mSystemReady=true, mDaemonConnected=true
06-28 11:15:59.122   196   272 D MountService: Setting up emulation state, initlocked=false
06-28 11:15:59.123   196   272 D CryptdConnector: SND -> {2 cryptfs unlock_user_key 0 0 ! !}
06-28 11:15:59.129   196   196 E WallpaperManagerService: Invalid wallpaper data
06-28 11:15:59.129   196   196 E WallpaperManagerService: Unable to apply new wallpaper
06-28 11:15:59.153    57    62 D vold    : e4crypt_unlock_user_key 0 serial=0 token_present=0
06-28 11:15:59.167   196   274 D CryptdConnector: RCV <- {200 2 Command succeeded}
06-28 11:15:59.169   196   272 D MountService: Thinking about reset, mSystemReady=true, mDaemonConnected=true
06-28 11:15:59.174   196   272 D VoldConnector: SND -> {3 volume reset}
06-28 11:15:59.177   196   273 D VoldConnector: RCV <- {651 emulated 7}
06-28 11:15:59.179   196   273 D VoldConnector: RCV <- {659 emulated}
06-28 11:15:59.180   196   273 D VoldConnector: RCV <- {650 emulated 2 "" ""}
06-28 11:15:59.183   196   273 D VoldConnector: RCV <- {651 emulated 0}
06-28 11:15:59.192   196   224 V MountService: Found primary storage at VolumeInfo{emulated}:
06-28 11:15:59.192   196   224 V MountService:     type=EMULATED diskId=null partGuid=null mountFlags=0 mountUserId=-1 
06-28 11:15:59.192   196   224 V MountService:     state=UNMOUNTED 
06-28 11:15:59.192   196   224 V MountService:     fsType=null fsUuid=null fsLabel=null 
06-28 11:15:59.192   196   224 V MountService:     path=null internalPath=null 
06-28 11:15:59.199   196   273 D VoldConnector: RCV <- {200 3 Command succeeded}
06-28 11:15:59.201   196   272 D VoldConnector: SND -> {4 volume user_added 0 0}
06-28 11:15:59.220   196   273 D VoldConnector: RCV <- {200 4 Command succeeded}
06-28 11:15:59.269   426   426 W art     : Unknown instruction set features for ARM CPU variant (generic) using conservative defaults
06-28 11:15:59.292   196   196 W ActivityManager: Slow operation: 133ms so far, now at startProcess: returned from zygote!
06-28 11:15:59.292   196   196 W ActivityManager: Slow operation: 133ms so far, now at startProcess: done updating battery stats
06-28 11:15:59.292   196   196 W ActivityManager: Slow operation: 134ms so far, now at startProcess: building log message
06-28 11:15:59.292   196   196 I ActivityManager: Start proc 426:com.android.systemui/u0a24 for service com.android.systemui/.ImageWallpaper
06-28 11:15:59.293   196   196 W ActivityManager: Slow operation: 134ms so far, now at startProcess: starting to update pids map
06-28 11:15:59.293   196   196 W ActivityManager: Slow operation: 134ms so far, now at startProcess: done updating pids map
06-28 11:15:59.293   196   196 W ActivityManager: Slow operation: 135ms so far, now at startProcess: done starting proc!
06-28 11:15:59.296   196   212 I ActivityManager: Force stopping com.android.providers.media appid=10010 user=-1: vold reset
06-28 11:15:59.300   196   272 D VoldConnector: SND -> {5 volume mount emulated 3 -1}
06-28 11:15:59.304   196   273 D VoldConnector: RCV <- {651 emulated 1}
06-28 11:15:59.305   196   273 D VoldConnector: RCV <- {656 emulated /data/media}
06-28 11:15:59.306   196   273 D VoldConnector: RCV <- {655 emulated /storage/emulated}
06-28 11:15:59.327    57    61 V vold    : Waiting for FUSE to spin up...
06-28 11:15:59.335   421   421 W art     : Unknown instruction set features for ARM CPU variant (generic) using conservative defaults
06-28 11:15:59.357   196   411 I chatty  : uid=1000 system_server expire 3 lines
06-28 11:15:59.367   196   196 I SystemServer: WebViewFactory preparation
06-28 11:15:59.378    57    61 V vold    : Waiting for FUSE to spin up...
06-28 11:15:59.406   196   213 W WindowManager: Keyguard drawn timeout. Setting mKeyguardDrawComplete
06-28 11:15:59.428    57    61 V vold    : Waiting for FUSE to spin up...
06-28 11:15:59.479    57    61 V vold    : Waiting for FUSE to spin up...
06-28 11:15:59.500    76    76 I AudioFlinger: systemReady
06-28 11:15:59.530    57    61 V vold    : Waiting for FUSE to spin up...
06-28 11:15:59.581    57    61 V vold    : Waiting for FUSE to spin up...
06-28 11:15:59.632    57    61 V vold    : Waiting for FUSE to spin up...
06-28 11:15:59.683    57    61 V vold    : Waiting for FUSE to spin up...
06-28 11:15:59.734    57    61 V vold    : Waiting for FUSE to spin up...
06-28 11:15:59.773   196   196 W ActivityManager: Slow operation: 110ms so far, now at startProcess: returned from zygote!
06-28 11:15:59.773   196   196 W ActivityManager: Slow operation: 111ms so far, now at startProcess: done updating battery stats
06-28 11:15:59.776   196   196 W ActivityManager: Slow operation: 114ms so far, now at startProcess: building log message
06-28 11:15:59.777   196   196 I ActivityManager: Start proc 456:WebViewLoader-armeabi-v7a/1037 [android.webkit.WebViewFactory$RelroFileCreator] for 
06-28 11:15:59.777   196   196 W ActivityManager: Slow operation: 114ms so far, now at startProcess: starting to update pids map
06-28 11:15:59.777   196   196 W ActivityManager: Slow operation: 114ms so far, now at startProcess: done updating pids map
06-28 11:15:59.777   196   196 W ActivityManager: Slow operation: 119ms so far, now at startProcess: done starting proc!
06-28 11:15:59.785    57    61 V vold    : Waiting for FUSE to spin up...
06-28 11:15:59.836    57    61 V vold    : Waiting for FUSE to spin up...
06-28 11:15:59.839   196   208 W ActivityManager: Slow operation: 60ms so far, now at attachApplicationLocked: after mServices.attachApplicationLocked
06-28 11:15:59.862   196   196 D NetworkManagement: enabling bandwidth control
06-28 11:15:59.887    57    61 V vold    : Waiting for FUSE to spin up...
06-28 11:15:59.919   196   452 I chatty  : uid=1000 system_server expire 1 line
06-28 11:15:59.939    57    61 V vold    : Waiting for FUSE to spin up...
06-28 11:15:59.975   456   456 W art     : Unknown instruction set features for ARM CPU variant (generic) using conservative defaults
06-28 11:15:59.990    57    61 V vold    : Waiting for FUSE to spin up...
06-28 11:16:00.041    57    61 V vold    : Waiting for FUSE to spin up...
06-28 11:16:00.094    57    61 V vold    : Waiting for FUSE to spin up...
06-28 11:16:00.145    57    61 V vold    : Waiting for FUSE to spin up...
06-28 11:16:00.196    57    61 V vold    : Waiting for FUSE to spin up...
06-28 11:16:00.249    57    61 V vold    : Waiting for FUSE to spin up...
06-28 11:16:00.264   456   456 V WebViewFactory: RelroFileCreator (64bit = false),  32-bit lib: /system/app/webview/webview.apk!/lib/armeabi-v7a/libwebviewchromium.so, 64-bit lib: 
06-28 11:16:00.288   434   434 W sdcard  : Device explicitly disabled sdcardfs
06-28 11:16:00.300    57    61 V vold    : Waiting for FUSE to spin up...
06-28 11:16:00.351    57    61 V vold    : Waiting for FUSE to spin up...
06-28 11:16:00.378    84    84 I MediaPlayerService: MediaPlayerService::getOMX
06-28 11:16:00.443   196   273 D VoldConnector: RCV <- {651 emulated 2}
06-28 11:16:00.453   196   273 D VoldConnector: RCV <- {200 5 Command succeeded}
06-28 11:16:00.456   196   272 E VoldConnector: NDC Command {5 volume mount emulated 3 -1} took too long (1156ms)
06-28 11:16:00.610   426   426 W System  : ClassLoader referenced unknown path: /system/priv-app/SystemUI/lib/arm
06-28 11:16:00.628    84    84 I OMXClient: MuxOMX ctor
06-28 11:16:00.705    84    84 I MediaPlayerService: MediaPlayerService::getOMX
06-28 11:16:00.706    84    84 I OMXClient: MuxOMX ctor
06-28 11:16:00.713    81    81 I OMXMaster: makeComponentInstance(OMX.google.mp3.decoder) in mediacodec process
06-28 11:16:00.876   456   456 I art     : System.exit called, status: 0
06-28 11:16:00.877   456   456 I AndroidRuntime: VM exiting with result code 0, cleanup skipped.
06-28 11:16:00.938    69    97 D gralloc_goldfish: gralloc_alloc: format 1 and usage 0x933 imply creation of host color buffer
06-28 11:16:01.305   426   426 V SystemUIService: Starting SystemUI services for user 0.
06-28 11:16:01.506   421   421 I LatinIME: Hardware accelerated drawing: true
06-28 11:16:01.580   426   426 V MediaRouter: Adding route: RouteInfo{ name=Phone, description=null, status=null, category=RouteCategory{ name=null types=ROUTE_TYPE_LIVE_AUDIO ROUTE_TYPE_LIVE_VIDEO  groupable=false }, supportedTypes=ROUTE_TYPE_LIVE_AUDIO ROUTE_TYPE_LIVE_VIDEO , presentationDisplay=null }
06-28 11:16:01.632    84    84 I MediaPlayerService: MediaPlayerService::getOMX
06-28 11:16:01.633    84    84 I OMXClient: MuxOMX ctor
06-28 11:16:01.634    81   485 I OMXMaster: makeComponentInstance(OMX.google.amrnb.decoder) in mediacodec process
06-28 11:16:01.671   426   426 V MediaRouter: Updating audio routes: AudioRoutesInfo{ type=SPEAKER }
06-28 11:16:01.690   426   426 V MediaRouter: Selecting route: RouteInfo{ name=Phone, description=null, status=null, category=RouteCategory{ name=null types=ROUTE_TYPE_LIVE_AUDIO ROUTE_TYPE_LIVE_VIDEO  groupable=false }, supportedTypes=ROUTE_TYPE_LIVE_AUDIO ROUTE_TYPE_LIVE_VIDEO , presentationDisplay=null }
06-28 11:16:01.789    84    84 I MediaPlayerService: MediaPlayerService::getOMX
06-28 11:16:01.790    84    84 I OMXClient: MuxOMX ctor
06-28 11:16:01.790    81    81 I OMXMaster: makeComponentInstance(OMX.google.amrwb.decoder) in mediacodec process
06-28 11:16:01.854    84    84 I MediaPlayerService: MediaPlayerService::getOMX
06-28 11:16:01.856    84    84 I OMXClient: MuxOMX ctor
06-28 11:16:01.856    81    81 I OMXMaster: makeComponentInstance(OMX.google.aac.decoder) in mediacodec process
06-28 11:16:01.952   426   426 V FingerprintManager: FingerprintManagerService was null
06-28 11:16:01.991    84    84 I MediaPlayerService: MediaPlayerService::getOMX
06-28 11:16:01.995    84    84 I OMXClient: MuxOMX ctor
06-28 11:16:01.995    81    81 I OMXMaster: makeComponentInstance(OMX.google.g711.alaw.decoder) in mediacodec process
06-28 11:16:02.025   426   426 W FingerprintManager: isFingerprintHardwareDetected(): Service not connected!
06-28 11:16:02.025   426   426 W FingerprintManager: addLockoutResetCallback(): Service not connected!
06-28 11:16:02.259   426   496 E WVMExtractor: Failed to open libwvm.so: dlopen failed: library "libwvm.so" not found
06-28 11:16:02.650    84    84 I MediaPlayerService: MediaPlayerService::getOMX
06-28 11:16:02.651    84    84 I OMXClient: MuxOMX ctor
06-28 11:16:02.652    81    81 I OMXMaster: makeComponentInstance(OMX.google.g711.mlaw.decoder) in mediacodec process
06-28 11:16:03.020   421   421 W InputAttributes: No editor info for this field. Bug?
06-28 11:16:03.315    84    84 I MediaPlayerService: MediaPlayerService::getOMX
06-28 11:16:03.316    84    84 I OMXClient: MuxOMX ctor
06-28 11:16:03.316    81    81 I OMXMaster: makeComponentInstance(OMX.google.vorbis.decoder) in mediacodec process
06-28 11:16:03.421   421   508 I LatinIME:LogUtils: Dictionary info: dictionary = userunigram.en_US ; version = 1593357363 ; date = ?
06-28 11:16:03.425   421   508 E ActivityThread: Failed to find provider info for user_dictionary
06-28 11:16:03.432   421   508 I LatinIME:LogUtils: Dictionary info: dictionary = UserHistoryDictionary.en_US ; version = 1589393023 ; date = 1589699201
06-28 11:16:03.565   426   426 I vol.Events: writeEvent collection_started
06-28 11:16:03.629   426   509 I vol.Events: writeEvent external_ringer_mode_changed normal
06-28 11:16:03.630   426   509 I vol.Events: writeEvent internal_ringer_mode_changed normal
06-28 11:16:03.747   196   196 E NetdConnector: NDC Command {6 bandwidth enable} took too long (3885ms)
06-28 11:16:03.941    84    84 I MediaPlayerService: MediaPlayerService::getOMX
06-28 11:16:03.941    84    84 I OMXClient: MuxOMX ctor
06-28 11:16:03.942    81    81 I OMXMaster: makeComponentInstance(OMX.google.opus.decoder) in mediacodec process
06-28 11:16:04.427    84    84 I MediaPlayerService: MediaPlayerService::getOMX
06-28 11:16:04.428    84    84 I OMXClient: MuxOMX ctor
06-28 11:16:04.428    81    81 I OMXMaster: makeComponentInstance(OMX.google.raw.decoder) in mediacodec process
06-28 11:16:04.440    84    84 I MediaPlayerService: MediaPlayerService::getOMX
06-28 11:16:04.441    84    84 I OMXClient: MuxOMX ctor
06-28 11:16:04.441    81   112 I OMXMaster: makeComponentInstance(OMX.google.aac.encoder) in mediacodec process
06-28 11:16:04.498    84    84 I MediaPlayerService: MediaPlayerService::getOMX
06-28 11:16:04.498    84    84 I OMXClient: MuxOMX ctor
06-28 11:16:04.499    81   112 I OMXMaster: makeComponentInstance(OMX.google.amrnb.encoder) in mediacodec process
06-28 11:16:04.538    84    84 I MediaPlayerService: MediaPlayerService::getOMX
06-28 11:16:04.539    84    84 I OMXClient: MuxOMX ctor
06-28 11:16:04.540    81   112 I OMXMaster: makeComponentInstance(OMX.google.amrwb.encoder) in mediacodec process
06-28 11:16:04.568    84    84 I MediaPlayerService: MediaPlayerService::getOMX
06-28 11:16:04.569    84    84 I OMXClient: MuxOMX ctor
06-28 11:16:04.569    81   112 I OMXMaster: makeComponentInstance(OMX.google.flac.encoder) in mediacodec process
06-28 11:16:04.992    84    84 I MediaPlayerService: MediaPlayerService::getOMX
06-28 11:16:04.993    84    84 I OMXClient: MuxOMX ctor
06-28 11:16:05.004    81   112 I OMXMaster: makeComponentInstance(OMX.google.gsm.decoder) in mediacodec process
06-28 11:16:05.280   426   509 I vol.Events: writeEvent level_changed STREAM_ALARM 6
06-28 11:16:05.306   426   509 I vol.Events: writeEvent level_changed STREAM_BLUETOOTH_SCO 7
06-28 11:16:05.314   426   509 I vol.Events: writeEvent level_changed STREAM_MUSIC 11
06-28 11:16:05.326   196   196 E NetdConnector: NDC Command {7 strict enable} took too long (1573ms)
06-28 11:16:05.349   426   509 I vol.Events: writeEvent level_changed STREAM_RING 5
06-28 11:16:05.396   426   509 I vol.Events: writeEvent level_changed STREAM_SYSTEM 5
06-28 11:16:05.453   426   509 I vol.Events: writeEvent level_changed STREAM_VOICE_CALL 4
06-28 11:16:05.564    84    84 I MediaPlayerService: MediaPlayerService::getOMX
06-28 11:16:05.577    69   171 E SurfaceFlinger: ro.sf.lcd_density must be defined as a build property
06-28 11:16:05.607    84    84 I OMXClient: MuxOMX ctor
06-28 11:16:05.607    81   112 I OMXMaster: makeComponentInstance(OMX.google.mpeg4.decoder) in mediacodec process
06-28 11:16:05.639   426   426 D         : HostConnection::get() New Host Connection established 0xa85f91d0, tid 426
06-28 11:16:05.645   426   426 W         : Process pipe failed
06-28 11:16:05.762   426   426 D StorageNotification: Notifying about private volume: VolumeInfo{private}:
06-28 11:16:05.762   426   426 D StorageNotification:     type=PRIVATE diskId=null partGuid=null mountFlags=0 mountUserId=-1 
06-28 11:16:05.762   426   426 D StorageNotification:     state=MOUNTED 
06-28 11:16:05.762   426   426 D StorageNotification:     fsType=null fsUuid=null fsLabel=null 
06-28 11:16:05.762   426   426 D StorageNotification:     path=/data internalPath=null 
06-28 11:16:06.185   426   426 I Choreographer: Skipped 31 frames!  The application may be doing too much work on its main thread.
06-28 11:16:06.260    81    81 E OMXNodeInstance: getExtensionIndex(51000f:google.mpeg4.decoder, OMX.google.android.index.configureVideoTunnelMode) ERROR: UnsupportedIndex(0x8000101a)
06-28 11:16:06.261    81   485 W OMXNodeInstance: [51000f:google.mpeg4.decoder] component does not support metadata mode; using fallback
06-28 11:16:06.280    84    84 I MediaPlayerService: MediaPlayerService::getOMX
06-28 11:16:06.282    84    84 I OMXClient: MuxOMX ctor
06-28 11:16:06.283    81   112 I OMXMaster: makeComponentInstance(OMX.google.h263.decoder) in mediacodec process
06-28 11:16:06.509   196   454 I StatusBarManagerService: registerStatusBar bar=com.android.internal.statusbar.IStatusBar$Stub$Proxy@9078db6
06-28 11:16:06.881    81    81 E OMXNodeInstance: getExtensionIndex(510010:google.h263.decoder, OMX.google.android.index.configureVideoTunnelMode) ERROR: UnsupportedIndex(0x8000101a)
06-28 11:16:06.883    81   485 W OMXNodeInstance: [510010:google.h263.decoder] component does not support metadata mode; using fallback
06-28 11:16:06.890    84    84 I MediaPlayerService: MediaPlayerService::getOMX
06-28 11:16:06.891    84    84 I OMXClient: MuxOMX ctor
06-28 11:16:06.891    81   485 I OMXMaster: makeComponentInstance(OMX.google.h264.decoder) in mediacodec process
06-28 11:16:07.388    84    84 W ACodec  : [OMX.google.h264.decoder] stopping checking profiles after 32: 2/8000
06-28 11:16:07.390    81    81 E OMXNodeInstance: getExtensionIndex(510011:google.h264.decoder, OMX.google.android.index.configureVideoTunnelMode) ERROR: UnsupportedIndex(0x8000101a)
06-28 11:16:07.390    81   112 W OMXNodeInstance: [510011:google.h264.decoder] component does not support metadata mode; using fallback
06-28 11:16:07.409    84    84 I MediaPlayerService: MediaPlayerService::getOMX
06-28 11:16:07.411    84    84 I OMXClient: MuxOMX ctor
06-28 11:16:07.411    81   485 I OMXMaster: makeComponentInstance(OMX.google.hevc.decoder) in mediacodec process
06-28 11:16:07.627   196   196 E NetdConnector: NDC Command {10 bandwidth setglobalalert 2097152} took too long (2103ms)
06-28 11:16:07.665   196   196 D NetworkPolicy: setRestrictBackgroundUL(): false
06-28 11:16:07.667   196   196 I chatty  : uid=1000 system_server expire 16 lines
06-28 11:16:07.931    81    81 E OMXNodeInstance: getExtensionIndex(510012:google.hevc.decoder, OMX.google.android.index.configureVideoTunnelMode) ERROR: UnsupportedIndex(0x8000101a)
06-28 11:16:07.931    81   112 W OMXNodeInstance: [510012:google.hevc.decoder] component does not support metadata mode; using fallback
06-28 11:16:07.963    84    84 I MediaPlayerService: MediaPlayerService::getOMX
06-28 11:16:07.963    84    84 I OMXClient: MuxOMX ctor
06-28 11:16:07.969    81   485 I OMXMaster: makeComponentInstance(OMX.google.vp8.decoder) in mediacodec process
06-28 11:16:08.426    81    81 E OMXNodeInstance: getExtensionIndex(510013:google.vp8.decoder, OMX.google.android.index.configureVideoTunnelMode) ERROR: UnsupportedIndex(0x8000101a)
06-28 11:16:08.427    81   112 W OMXNodeInstance: [510013:google.vp8.decoder] component does not support metadata mode; using fallback
06-28 11:16:08.434    84    84 I MediaPlayerService: MediaPlayerService::getOMX
06-28 11:16:08.435    84    84 I OMXClient: MuxOMX ctor
06-28 11:16:08.435    81   485 I OMXMaster: makeComponentInstance(OMX.google.vp9.decoder) in mediacodec process
06-28 11:16:08.843    81   112 E OMXNodeInstance: getExtensionIndex(510014:google.vp9.decoder, OMX.google.android.index.configureVideoTunnelMode) ERROR: UnsupportedIndex(0x8000101a)
06-28 11:16:08.843    81    81 W OMXNodeInstance: [510014:google.vp9.decoder] component does not support metadata mode; using fallback
06-28 11:16:08.860    84    84 I MediaPlayerService: MediaPlayerService::getOMX
06-28 11:16:08.861    84    84 I OMXClient: MuxOMX ctor
06-28 11:16:08.861    81    81 I OMXMaster: makeComponentInstance(OMX.google.h263.encoder) in mediacodec process
06-28 11:16:09.040   426   426 W System  : ClassLoader referenced unknown path: 
06-28 11:16:09.067   426   426 D ApplicationLoaders: ignored Vulkan layer search path /system/app/Camera2/lib/arm:/system/app/Camera2/Camera2.apk!/lib/armeabi-v7a:/system/lib:/vendor/lib for namespace 0xaac6f090
06-28 11:16:09.292    81    81 I SoftMPEG4Encoder: Construct SoftMPEG4Encoder
06-28 11:16:09.299    84    84 W ACodec  : do not know color format 0x7f000789 = 2130708361
06-28 11:16:09.300    81   112 E OMXNodeInstance: getConfig(510015:google.h263.encoder, ConfigAndroidIntraRefresh(0x6f60000a)) ERROR: Undefined(0x80001001)
06-28 11:16:09.309    84    84 I MediaPlayerService: MediaPlayerService::getOMX
06-28 11:16:09.310    84    84 I OMXClient: MuxOMX ctor
06-28 11:16:09.311    81    81 I OMXMaster: makeComponentInstance(OMX.google.h264.encoder) in mediacodec process
06-28 11:16:09.753    84    84 W ACodec  : do not know color format 0x7f000789 = 2130708361
06-28 11:16:09.771    84    84 I MediaPlayerService: MediaPlayerService::getOMX
06-28 11:16:09.771    84    84 I OMXClient: MuxOMX ctor
06-28 11:16:09.772    81   563 I OMXMaster: makeComponentInstance(OMX.google.mpeg4.encoder) in mediacodec process
06-28 11:16:09.881   426   426 E BluetoothAdapter: Bluetooth binder is null
06-28 11:16:10.021   426   426 I CameraManagerGlobal: Connecting to camera service
06-28 11:16:10.045   196   212 W BroadcastQueue: Timeout of broadcast BroadcastRecord{f7b884e u-1 android.intent.action.TIME_TICK} - receiver=android.app.LoadedApk$ReceiverDispatcher$InnerReceiver@ef7e601, started 10005ms ago
06-28 11:16:10.046   196   212 W BroadcastQueue: Receiver during timeout: BroadcastFilter{68806e7 u0 ReceiverList{d676ca6 196 system/1000/u0 local:ef7e601}}
06-28 11:16:10.079    77   142 V EmulatedCamera_Camera: getCameraInfo
06-28 11:16:10.081    77   142 V EmulatedCamera_BaseCamera: getCameraInfo
06-28 11:16:10.081    77   142 I CameraService: getCameraCharacteristics: Switching to HAL1 shim implementation...
06-28 11:16:10.082    77   142 V EmulatedCamera_Camera: getCameraInfo
06-28 11:16:10.082    77   142 V EmulatedCamera_BaseCamera: getCameraInfo
06-28 11:16:10.094    77   142 I CameraService: CameraService::connect call (PID -1 "cameraserver", camera ID 0) for HAL version default and Camera API version 1
06-28 11:16:10.100    77   142 E CameraService: getCameraPriorityFromProcState: Received invalid process state -1 from ActivityManagerService!
06-28 11:16:10.101    77   142 V EmulatedCamera_Camera: getCameraInfo
06-28 11:16:10.101    77   142 V EmulatedCamera_BaseCamera: getCameraInfo
06-28 11:16:10.196    84   569 E WVMExtractor: Failed to open libwvm.so: dlopen failed: library "libwvm.so" not found
06-28 11:16:10.301    84   567 D NuPlayerDriver: notifyListener_l(0xb402ade0), (1, 0, 0), loop setting(0, 0)
06-28 11:16:10.320    81   563 I SoftMPEG4Encoder: Construct SoftMPEG4Encoder
06-28 11:16:10.329    84    84 W ACodec  : do not know color format 0x7f000789 = 2130708361
06-28 11:16:10.330    81   485 E OMXNodeInstance: getConfig(510017:google.mpeg4.encoder, ConfigAndroidIntraRefresh(0x6f60000a)) ERROR: Undefined(0x80001001)
06-28 11:16:10.358    84    84 I MediaPlayerService: MediaPlayerService::getOMX
06-28 11:16:10.359    84    84 I OMXClient: MuxOMX ctor
06-28 11:16:10.360    81   563 I OMXMaster: makeComponentInstance(OMX.google.vp8.encoder) in mediacodec process
06-28 11:16:10.385    84   570 D NuPlayerDriver: notifyListener_l(0xb402aea0), (1, 0, 0), loop setting(0, 0)
06-28 11:16:10.429   196   196 E NetdConnector: NDC Command {11 firewall enable_chain standby} took too long (1860ms)
06-28 11:16:10.437    85    85 E Netd    : Failed to dump IPv4 sockets for UID: No such file or directory
06-28 11:16:10.440   196   196 E NetworkManagement: Error closing sockets after enabling chain standby: android.os.ServiceSpecificException: destroySockets: No such file or directory
06-28 11:16:10.460    84   574 D NuPlayerDriver: notifyListener_l(0xb402af00), (1, 0, 0), loop setting(0, 0)
06-28 11:16:10.492    77   142 I CameraFlashlight: Opening camera 0
06-28 11:16:10.492    77   142 V EmulatedCamera_Camera: getCameraInfo
06-28 11:16:10.492    77   142 V EmulatedCamera_BaseCamera: getCameraInfo
06-28 11:16:10.493    77   142 V EmulatedCamera_Camera: connectCamera
06-28 11:16:10.493    77   142 V EmulatedCamera_FakeDevice: connectDevice
06-28 11:16:10.493    77   142 V EmulatedCamera_CallbackNotifier: setCallbacks: 0xa873c8ed, 0xa873c8f5, 0xa873c9a9, 0xa873ca65 (0xa8243460)
06-28 11:16:10.494    77   142 V EmulatedCamera_CallbackNotifier: enableMessage: msg_type = 0xc0d
06-28 11:16:10.494    77   142 V EmulatedCamera_CallbackNotifier:     CAMERA_MSG_ERROR
06-28 11:16:10.494    77   142 V EmulatedCamera_CallbackNotifier:     CAMERA_MSG_FOCUS
06-28 11:16:10.494    77   142 V EmulatedCamera_CallbackNotifier:     CAMERA_MSG_ZOOM
06-28 11:16:10.494    77   142 V EmulatedCamera_CallbackNotifier:     CAMERA_MSG_PREVIEW_METADATA
06-28 11:16:10.495    77   142 V EmulatedCamera_CallbackNotifier: **** Currently enabled messages:
06-28 11:16:10.495    77   142 V EmulatedCamera_CallbackNotifier:     CAMERA_MSG_ERROR
06-28 11:16:10.495    77   142 V EmulatedCamera_CallbackNotifier:     CAMERA_MSG_FOCUS
06-28 11:16:10.495    77   142 V EmulatedCamera_CallbackNotifier:     CAMERA_MSG_ZOOM
06-28 11:16:10.495    77   142 V EmulatedCamera_CallbackNotifier:     CAMERA_MSG_PREVIEW_METADATA
06-28 11:16:10.498    77   142 V EmulatedCamera_CallbackNotifier: disableMessage: msg_type = 0xffff
06-28 11:16:10.498    77   142 V EmulatedCamera_CallbackNotifier:     CAMERA_MSG_ERROR
06-28 11:16:10.498    77   142 V EmulatedCamera_CallbackNotifier:     CAMERA_MSG_SHUTTER
06-28 11:16:10.498    77   142 V EmulatedCamera_CallbackNotifier:     CAMERA_MSG_FOCUS
06-28 11:16:10.499    77   142 V EmulatedCamera_CallbackNotifier:     CAMERA_MSG_ZOOM
06-28 11:16:10.499    77   142 V EmulatedCamera_CallbackNotifier:     CAMERA_MSG_PREVIEW_FRAME
06-28 11:16:10.499    77   142 V EmulatedCamera_CallbackNotifier:     CAMERA_MSG_VIDEO_FRAME
06-28 11:16:10.499    77   142 V EmulatedCamera_CallbackNotifier:     CAMERA_MSG_POSTVIEW_FRAME
06-28 11:16:10.499    77   142 V EmulatedCamera_CallbackNotifier:     CAMERA_MSG_RAW_IMAGE
06-28 11:16:10.499    77   142 V EmulatedCamera_CallbackNotifier:     CAMERA_MSG_COMPRESSED_IMAGE
06-28 11:16:10.499    77   142 V EmulatedCamera_CallbackNotifier:     CAMERA_MSG_RAW_IMAGE_NOTIFY
06-28 11:16:10.499    77   142 V EmulatedCamera_CallbackNotifier:     CAMERA_MSG_PREVIEW_METADATA
06-28 11:16:10.499    77   142 V EmulatedCamera_CallbackNotifier: **** Currently enabled messages:
06-28 11:16:10.499    77   142 V EmulatedCamera_Camera: doStopPreview
06-28 11:16:10.503    77   142 V EmulatedCamera_Camera: cancelPicture
06-28 11:16:10.504    77   142 V EmulatedCamera_Camera: releaseCamera
06-28 11:16:10.504    77   142 V EmulatedCamera_Camera: doStopPreview
06-28 11:16:10.504    77   142 V EmulatedCamera_FakeDevice: disconnectDevice
06-28 11:16:10.504    77   142 I CameraFlashlight: Destroying camera 0
06-28 11:16:10.506    77   142 V EmulatedCamera_Camera: closeCamera
06-28 11:16:10.506    77   142 V EmulatedCamera_Camera: doStopPreview
06-28 11:16:10.589    77   142 I CameraService: disconnect: Disconnected client for camera 0 for PID 77
06-28 11:16:10.590    84   486 D NuPlayerDriver: reset(0xb402ade0) at state 4
06-28 11:16:10.590    84   486 D NuPlayerDriver: notifyListener_l(0xb402ade0), (8, 0, 0), loop setting(0, 0)
06-28 11:16:10.594    84   567 D NuPlayerDriver: notifyResetComplete(0xb402ade0)
06-28 11:16:10.606    84   486 D NuPlayerDriver: reset(0xb402aea0) at state 4
06-28 11:16:10.606    84   486 D NuPlayerDriver: notifyListener_l(0xb402aea0), (8, 0, 0), loop setting(0, 0)
06-28 11:16:10.607    84   570 D NuPlayerDriver: notifyResetComplete(0xb402aea0)
06-28 11:16:10.612    84   568 D NuPlayerDriver: reset(0xb402af00) at state 4
06-28 11:16:10.612    84   568 D NuPlayerDriver: notifyListener_l(0xb402af00), (8, 0, 0), loop setting(0, 0)
06-28 11:16:10.613    84   574 D NuPlayerDriver: notifyResetComplete(0xb402af00)
06-28 11:16:10.621    77   566 V EmulatedCamera_Camera: getCameraInfo
06-28 11:16:10.621    77   566 V EmulatedCamera_BaseCamera: getCameraInfo
06-28 11:16:10.643   196   196 I SystemServiceManager: Starting phase 600
06-28 11:16:10.666    77   566 V EmulatedCamera_Camera: getCameraInfo
06-28 11:16:10.666    77   566 V EmulatedCamera_BaseCamera: getCameraInfo
06-28 11:16:10.801   196   196 D SensorNotificationService: Cannot obtain dynamic meta sensor, not supported.
06-28 11:16:10.866   426   426 I StatusBar: isKeyguardShowing() called before startKeyguard(), returning true
06-28 11:16:10.869   426   426 W StatusBar: isKeyguardSecure() called before startKeyguard(), returning false
06-28 11:16:10.869   426   426 W StatusBar: java.lang.Throwable
06-28 11:16:10.869   426   426 W StatusBar: 	at com.android.systemui.statusbar.BaseStatusBar.isKeyguardSecure(BaseStatusBar.java:2663)
06-28 11:16:10.869   426   426 W StatusBar: 	at com.android.systemui.statusbar.BaseStatusBar.isCameraAllowedByAdmin(BaseStatusBar.java:2686)
06-28 11:16:10.869   426   426 W StatusBar: 	at com.android.systemui.statusbar.phone.KeyguardBottomAreaView.updateCameraVisibility(KeyguardBottomAreaView.java:309)
06-28 11:16:10.869   426   426 W StatusBar: 	at com.android.systemui.statusbar.phone.KeyguardBottomAreaView.setPhoneStatusBar(KeyguardBottomAreaView.java:272)
06-28 11:16:10.869   426   426 W StatusBar: 	at com.android.systemui.statusbar.phone.PhoneStatusBar.makeStatusBarView(PhoneStatusBar.java:909)
06-28 11:16:10.869   426   426 W StatusBar: 	at com.android.systemui.statusbar.phone.PhoneStatusBar.addStatusBarWindow(PhoneStatusBar.java:3467)
06-28 11:16:10.869   426   426 W StatusBar: 	at com.android.systemui.statusbar.phone.PhoneStatusBar.createAndAddWindows(PhoneStatusBar.java:3463)
06-28 11:16:10.869   426   426 W StatusBar: 	at com.android.systemui.statusbar.BaseStatusBar.start(BaseStatusBar.java:770)
06-28 11:16:10.869   426   426 W StatusBar: 	at com.android.systemui.statusbar.phone.PhoneStatusBar.start(PhoneStatusBar.java:687)
06-28 11:16:10.869   426   426 W StatusBar: 	at com.android.systemui.statusbar.SystemBars.createStatusBarFromConfig(SystemBars.java:106)
06-28 11:16:10.869   426   426 W StatusBar: 	at com.android.systemui.statusbar.SystemBars.onNoService(SystemBars.java:58)
06-28 11:16:10.869   426   426 W StatusBar: 	at com.android.systemui.statusbar.ServiceMonitor.startService(ServiceMonitor.java:230)
06-28 11:16:10.869   426   426 W StatusBar: 	at com.android.systemui.statusbar.ServiceMonitor.-wrap5(ServiceMonitor.java)
06-28 11:16:10.869   426   426 W StatusBar: 	at com.android.systemui.statusbar.ServiceMonitor$1.handleMessage(ServiceMonitor.java:73)
06-28 11:16:10.869   426   426 W StatusBar: 	at android.os.Handler.dispatchMessage(Handler.java:102)
06-28 11:16:10.869   426   426 W StatusBar: 	at android.os.Looper.loop(Looper.java:154)
06-28 11:16:10.869   426   426 W StatusBar: 	at android.app.ActivityThread.main(ActivityThread.java:6121)
06-28 11:16:10.869   426   426 W StatusBar: 	at java.lang.reflect.Method.invoke(Native Method)
06-28 11:16:10.869   426   426 W StatusBar: 	at com.android.internal.os.ZygoteInit$MethodAndArgsCaller.run(ZygoteInit.java:889)
06-28 11:16:10.869   426   426 W StatusBar: 	at com.android.internal.os.ZygoteInit.main(ZygoteInit.java:779)
06-28 11:16:10.872   426   426 I StatusBar: isKeyguardShowing() called before startKeyguard(), returning true
06-28 11:16:10.885   426   426 W StatusBar: isKeyguardSecure() called before startKeyguard(), returning false
06-28 11:16:10.885   426   426 W StatusBar: java.lang.Throwable
06-28 11:16:10.885   426   426 W StatusBar: 	at com.android.systemui.statusbar.BaseStatusBar.isKeyguardSecure(BaseStatusBar.java:2663)
