06-28 10:57:40.987    76   123 D AudioFlinger: mixer(0xaa5833c0) throttle end: throttle time(10)
06-28 10:57:41.106    76   123 D AudioFlinger: mixer(0xaa5833c0) throttle end: throttle time(10)
06-28 10:57:41.194    76   123 D AudioFlinger: mixer(0xaa5833c0) throttle end: throttle time(9)
06-28 10:57:41.312    76   123 D AudioFlinger: mixer(0xaa5833c0) throttle end: throttle time(7)
06-28 10:57:41.429    76   123 D AudioFlinger: mixer(0xaa5833c0) throttle end: throttle time(9)
06-28 10:57:41.546    76   123 D AudioFlinger: mixer(0xaa5833c0) throttle end: throttle time(8)
06-28 10:57:41.635    76   123 D AudioFlinger: mixer(0xaa5833c0) throttle end: throttle time(10)
06-28 10:57:41.750    76   123 D AudioFlinger: mixer(0xaa5833c0) throttle end: throttle time(10)
06-28 10:57:41.869    76   123 D AudioFlinger: mixer(0xaa5833c0) throttle end: throttle time(10)
06-28 10:57:41.986    76   123 D AudioFlinger: mixer(0xaa5833c0) throttle end: throttle time(10)
06-28 10:57:42.102    76   123 D AudioFlinger: mixer(0xaa5833c0) throttle end: throttle time(11)
06-28 10:57:42.190    76   123 D AudioFlinger: mixer(0xaa5833c0) throttle end: throttle time(10)
06-28 10:57:42.308    76   123 D AudioFlinger: mixer(0xaa5833c0) throttle end: throttle time(10)
06-28 10:57:42.427    76   123 D AudioFlinger: mixer(0xaa5833c0) throttle end: throttle time(10)
06-28 10:57:42.516    76   123 D AudioFlinger: mixer(0xaa5833c0) throttle end: throttle time(10)
06-28 10:57:42.634    76   123 D AudioFlinger: mixer(0xaa5833c0) throttle end: throttle time(10)
06-28 10:57:42.752    76   123 D AudioFlinger: mixer(0xaa5833c0) throttle end: throttle time(11)
06-28 10:57:42.869    76   123 D AudioFlinger: mixer(0xaa5833c0) throttle end: throttle time(10)
06-28 10:57:42.956    76   123 D AudioFlinger: mixer(0xaa5833c0) throttle end: throttle time(10)
06-28 10:57:43.074    76   123 D AudioFlinger: mixer(0xaa5833c0) throttle end: throttle time(10)
06-28 10:57:43.194    76   123 D AudioFlinger: mixer(0xaa5833c0) throttle end: throttle time(4)
06-28 10:57:43.282    76   123 D AudioFlinger: mixer(0xaa5833c0) throttle end: throttle time(9)
06-28 10:57:43.401    76   123 D AudioFlinger: mixer(0xaa5833c0) throttle end: throttle time(10)
06-28 10:57:43.520    76   123 D AudioFlinger: mixer(0xaa5833c0) throttle end: throttle time(10)
06-28 10:57:43.609    76   123 D AudioFlinger: mixer(0xaa5833c0) throttle end: throttle time(10)
06-28 10:57:43.686  1112  1112 I CrashlyticsCore: Initializing Crashlytics Core 2.7.0.33
06-28 10:57:43.714  1112  1194 W GooglePlayServicesUtil: Google Play Store is missing.
06-28 10:57:43.726    76   123 D AudioFlinger: mixer(0xaa5833c0) throttle end: throttle time(10)
06-28 10:57:43.843    76   123 D AudioFlinger: mixer(0xaa5833c0) throttle end: throttle time(10)
06-28 10:57:43.932    76   123 D AudioFlinger: mixer(0xaa5833c0) throttle end: throttle time(10)
06-28 10:57:44.047    76   123 D AudioFlinger: mixer(0xaa5833c0) throttle end: throttle time(10)
06-28 10:57:44.166    76   123 D AudioFlinger: mixer(0xaa5833c0) throttle end: throttle time(10)
06-28 10:57:44.282    76   123 D AudioFlinger: mixer(0xaa5833c0) throttle end: throttle time(8)
06-28 10:57:44.400    76   123 D AudioFlinger: mixer(0xaa5833c0) throttle end: throttle time(10)
06-28 10:57:44.519    76   123 D AudioFlinger: mixer(0xaa5833c0) throttle end: throttle time(10)
06-28 10:57:44.605    76   123 D AudioFlinger: mixer(0xaa5833c0) throttle end: throttle time(10)
06-28 10:57:44.722    76   123 D AudioFlinger: mixer(0xaa5833c0) throttle end: throttle time(10)
06-28 10:57:44.840    76   123 D AudioFlinger: mixer(0xaa5833c0) throttle end: throttle time(10)
06-28 10:57:44.959    76   123 D AudioFlinger: mixer(0xaa5833c0) throttle end: throttle time(10)
06-28 10:57:45.046    76   123 D AudioFlinger: mixer(0xaa5833c0) throttle end: throttle time(10)
06-28 10:57:45.162    76   123 D AudioFlinger: mixer(0xaa5833c0) throttle end: throttle time(10)
06-28 10:57:45.278    76   123 D AudioFlinger: mixer(0xaa5833c0) throttle end: throttle time(9)
06-28 10:57:45.395    76   123 D AudioFlinger: mixer(0xaa5833c0) throttle end: throttle time(10)
06-28 10:57:45.512    76   123 D AudioFlinger: mixer(0xaa5833c0) throttle end: throttle time(8)
06-28 10:57:45.629    76   123 D AudioFlinger: mixer(0xaa5833c0) throttle end: throttle time(8)
06-28 10:57:45.747    76   123 D AudioFlinger: mixer(0xaa5833c0) throttle end: throttle time(10)
06-28 10:57:45.866    76   123 D AudioFlinger: mixer(0xaa5833c0) throttle end: throttle time(8)
06-28 10:57:45.953    76   123 D AudioFlinger: mixer(0xaa5833c0) throttle end: throttle time(10)
06-28 10:57:46.072    76   123 D AudioFlinger: mixer(0xaa5833c0) throttle end: throttle time(10)
06-28 10:57:46.161    76   123 D AudioFlinger: mixer(0xaa5833c0) throttle end: throttle time(10)
06-28 10:57:46.280    76   123 D AudioFlinger: mixer(0xaa5833c0) throttle end: throttle time(7)
06-28 10:57:46.399    76   123 D AudioFlinger: mixer(0xaa5833c0) throttle end: throttle time(10)
06-28 10:57:46.486    76   123 D AudioFlinger: mixer(0xaa5833c0) throttle end: throttle time(10)
06-28 10:57:46.602    76   123 D AudioFlinger: mixer(0xaa5833c0) throttle end: throttle time(10)
06-28 10:57:46.720    76   123 D AudioFlinger: mixer(0xaa5833c0) throttle end: throttle time(10)
06-28 10:57:46.837    76   123 D AudioFlinger: mixer(0xaa5833c0) throttle end: throttle time(10)
06-28 10:57:46.947  1112  1198 W GooglePlayServicesUtil: Google Play Store is missing.
06-28 10:57:46.953    76   123 D AudioFlinger: mixer(0xaa5833c0) throttle end: throttle time(10)
06-28 10:57:46.962  1112  1112 I MoPub   : [com.mopub.common.MoPub][initializeSdk] SDK initialization started
06-28 10:57:47.047  1112  1112 I MoPub   : [com.mopub.common.MoPub][initializeSdk] SDK Log - SDK initialize has been called with ad unit: d225547d92b743179d8a04b75bf7d116
06-28 10:57:47.072    76   123 D AudioFlinger: mixer(0xaa5833c0) throttle end: throttle time(10)
06-28 10:57:47.159    76   123 D AudioFlinger: mixer(0xaa5833c0) throttle end: throttle time(8)
06-28 10:57:47.263  1112  1112 W System  : ClassLoader referenced unknown path: /system/app/webview/lib/arm
06-28 10:57:47.277    76   123 D AudioFlinger: mixer(0xaa5833c0) throttle end: throttle time(10)
06-28 10:57:47.309  1112  1112 D ApplicationLoaders: ignored Vulkan layer search path /system/app/webview/lib/arm:/system/app/webview/webview.apk!/lib/armeabi-v7a:/system/lib:/vendor/lib for namespace 0xad721090
06-28 10:57:47.395    76   123 D AudioFlinger: mixer(0xaa5833c0) throttle end: throttle time(2)
06-28 10:57:47.440  1112  1112 I WebViewFactory: Loading com.android.webview version 52.0.2743.100 (code 275610000)
06-28 10:57:47.513    76   123 D AudioFlinger: mixer(0xaa5833c0) throttle end: throttle time(9)
06-28 10:57:47.603    76   123 D AudioFlinger: mixer(0xaa5833c0) throttle end: throttle time(10)
06-28 10:57:47.720    76   123 D AudioFlinger: mixer(0xaa5833c0) throttle end: throttle time(10)
06-28 10:57:47.836    76   123 D AudioFlinger: mixer(0xaa5833c0) throttle end: throttle time(10)
06-28 10:57:47.954    76   123 D AudioFlinger: mixer(0xaa5833c0) throttle end: throttle time(10)
06-28 10:57:48.042    76   123 D AudioFlinger: mixer(0xaa5833c0) throttle end: throttle time(6)
06-28 10:57:48.161    76   123 D AudioFlinger: mixer(0xaa5833c0) throttle end: throttle time(8)
06-28 10:57:48.236  1112  1112 W art     : Verification of void com.android.webview.chromium.WebViewChromiumFactoryProvider.startChromiumLocked() took 250.761ms
06-28 10:57:48.277    76   123 D AudioFlinger: mixer(0xaa5833c0) throttle end: throttle time(10)
06-28 10:57:48.395    76   123 D AudioFlinger: mixer(0xaa5833c0) throttle end: throttle time(9)
06-28 10:57:48.483    76   123 D AudioFlinger: mixer(0xaa5833c0) throttle end: throttle time(10)
06-28 10:57:48.601    76   123 D AudioFlinger: mixer(0xaa5833c0) throttle end: throttle time(10)
06-28 10:57:48.719    76   123 D AudioFlinger: mixer(0xaa5833c0) throttle end: throttle time(10)
06-28 10:57:48.836    76   123 D AudioFlinger: mixer(0xaa5833c0) throttle end: throttle time(10)
06-28 10:57:48.888  1112  1112 I cr_LibraryLoader: Time to load native libraries: 175 ms (timestamps 7116-7291)
06-28 10:57:48.924    76   123 D AudioFlinger: mixer(0xaa5833c0) throttle end: throttle time(11)
06-28 10:57:48.946  1112  1112 I cr_LibraryLoader: Expected native library version number "52.0.2743.100", actual native library version number "52.0.2743.100"
06-28 10:57:49.040    76   123 D AudioFlinger: mixer(0xaa5833c0) throttle end: throttle time(10)
06-28 10:57:49.063  1112  1112 V WebViewChromiumFactoryProvider: Binding Chromium to main looper Looper (main, tid 1) {7895d30}
06-28 10:57:49.119  1112  1112 I cr_LibraryLoader: Expected native library version number "52.0.2743.100", actual native library version number "52.0.2743.100"
06-28 10:57:49.162    76   123 D AudioFlinger: mixer(0xaa5833c0) throttle end: throttle time(10)
06-28 10:57:49.274    76   123 D AudioFlinger: mixer(0xaa5833c0) throttle end: throttle time(10)
06-28 10:57:49.323  1112  1112 I chromium: [INFO:library_loader_hooks.cc(143)] Chromium logging enabled: level = 0, default verbosity = 0
06-28 10:57:49.390    76   123 D AudioFlinger: mixer(0xaa5833c0) throttle end: throttle time(10)
06-28 10:57:49.508    76   123 D AudioFlinger: mixer(0xaa5833c0) throttle end: throttle time(10)
06-28 10:57:49.626    76   123 D AudioFlinger: mixer(0xaa5833c0) throttle end: throttle time(10)
06-28 10:57:49.713    76   123 D AudioFlinger: mixer(0xaa5833c0) throttle end: throttle time(9)
06-28 10:57:49.834    76   123 D AudioFlinger: mixer(0xaa5833c0) throttle end: throttle time(10)
06-28 10:57:49.951    76   123 D AudioFlinger: mixer(0xaa5833c0) throttle end: throttle time(10)
06-28 10:57:50.067    76   123 D AudioFlinger: mixer(0xaa5833c0) throttle end: throttle time(10)
06-28 10:57:50.157    76   123 D AudioFlinger: mixer(0xaa5833c0) throttle end: throttle time(10)
06-28 10:57:50.276    76   123 D AudioFlinger: mixer(0xaa5833c0) throttle end: throttle time(10)
06-28 10:57:50.364    76   123 D AudioFlinger: mixer(0xaa5833c0) throttle end: throttle time(10)
06-28 10:57:50.482    76   123 D AudioFlinger: mixer(0xaa5833c0) throttle end: throttle time(5)
06-28 10:57:50.600    76   123 D AudioFlinger: mixer(0xaa5833c0) throttle end: throttle time(10)
06-28 10:57:50.669  1112  1112 I cr_BrowserStartup: Initializing chromium process, singleProcess=true
06-28 10:57:50.715    76   123 D AudioFlinger: mixer(0xaa5833c0) throttle end: throttle time(10)
06-28 10:57:50.834    76   123 D AudioFlinger: mixer(0xaa5833c0) throttle end: throttle time(9)
06-28 10:57:50.921    76   123 D AudioFlinger: mixer(0xaa5833c0) throttle end: throttle time(10)
06-28 10:57:51.038    76   123 D AudioFlinger: mixer(0xaa5833c0) throttle end: throttle time(10)
06-28 10:57:51.155    76   123 D AudioFlinger: mixer(0xaa5833c0) throttle end: throttle time(10)
06-28 10:57:51.273    76   123 D AudioFlinger: mixer(0xaa5833c0) throttle end: throttle time(10)
06-28 10:57:51.391    76   123 D AudioFlinger: mixer(0xaa5833c0) throttle end: throttle time(10)
06-28 10:57:51.480    76   123 D AudioFlinger: mixer(0xaa5833c0) throttle end: throttle time(8)
06-28 10:57:51.596    76   123 D AudioFlinger: mixer(0xaa5833c0) throttle end: throttle time(10)
06-28 10:57:51.713    76   123 D AudioFlinger: mixer(0xaa5833c0) throttle end: throttle time(10)
06-28 10:57:51.835    76   123 D AudioFlinger: mixer(0xaa5833c0) throttle end: throttle time(10)
06-28 10:57:51.919    76   123 D AudioFlinger: mixer(0xaa5833c0) throttle end: throttle time(10)
06-28 10:57:52.036    76   123 D AudioFlinger: mixer(0xaa5833c0) throttle end: throttle time(10)
06-28 10:57:52.154    76   123 D AudioFlinger: mixer(0xaa5833c0) throttle end: throttle time(10)
06-28 10:57:52.226  1112  1112 D         : HostConnection::get() New Host Connection established 0x93645810, tid 1112
06-28 10:57:52.230  1112  1112 W         : Process pipe failed
06-28 10:57:52.273    76   123 D AudioFlinger: mixer(0xaa5833c0) throttle end: throttle time(10)
06-28 10:57:52.362    76   123 D AudioFlinger: mixer(0xaa5833c0) throttle end: throttle time(9)
06-28 10:57:52.479    76   123 D AudioFlinger: mixer(0xaa5833c0) throttle end: throttle time(9)
06-28 10:57:52.596    76   123 D AudioFlinger: mixer(0xaa5833c0) throttle end: throttle time(10)
06-28 10:57:52.713    76   123 D AudioFlinger: mixer(0xaa5833c0) throttle end: throttle time(9)
06-28 10:57:52.830    76   123 D AudioFlinger: mixer(0xaa5833c0) throttle end: throttle time(10)
06-28 10:57:52.919    76   123 D AudioFlinger: mixer(0xaa5833c0) throttle end: throttle time(10)
06-28 10:57:53.037    76   123 D AudioFlinger: mixer(0xaa5833c0) throttle end: throttle time(10)
06-28 10:57:53.127    76   123 D AudioFlinger: mixer(0xaa5833c0) throttle end: throttle time(9)
06-28 10:57:53.245    76   123 D AudioFlinger: mixer(0xaa5833c0) throttle end: throttle time(10)
06-28 10:57:53.363    76   123 D AudioFlinger: mixer(0xaa5833c0) throttle end: throttle time(8)
06-28 10:57:53.454    76   123 D AudioFlinger: mixer(0xaa5833c0) throttle end: throttle time(10)
06-28 10:57:53.571    76   123 D AudioFlinger: mixer(0xaa5833c0) throttle end: throttle time(10)
06-28 10:57:53.688    76   123 D AudioFlinger: mixer(0xaa5833c0) throttle end: throttle time(10)
06-28 10:57:53.805    76   123 D AudioFlinger: mixer(0xaa5833c0) throttle end: throttle time(10)
06-28 10:57:53.862  1112  1211 W cr_media: Requires BLUETOOTH permission
06-28 10:57:53.894    76   123 D AudioFlinger: mixer(0xaa5833c0) throttle end: throttle time(9)
06-28 10:57:54.013    76   123 D AudioFlinger: mixer(0xaa5833c0) throttle end: throttle time(9)
06-28 10:57:54.132    76   123 D AudioFlinger: mixer(0xaa5833c0) throttle end: throttle time(8)
06-28 10:57:54.220    76   123 D AudioFlinger: mixer(0xaa5833c0) throttle end: throttle time(10)
06-28 10:57:54.241  1112  1112 I cr_DRP  : No DRP key due to exception:java.lang.ClassNotFoundException: com.android.webview.chromium.Drp
06-28 10:57:54.336    76   123 D AudioFlinger: mixer(0xaa5833c0) throttle end: throttle time(10)
06-28 10:57:54.453    76   123 D AudioFlinger: mixer(0xaa5833c0) throttle end: throttle time(10)
06-28 10:57:54.573    76   123 D AudioFlinger: mixer(0xaa5833c0) throttle end: throttle time(10)
06-28 10:57:54.661    76   123 D AudioFlinger: mixer(0xaa5833c0) throttle end: throttle time(8)
06-28 10:57:54.777    76   123 D AudioFlinger: mixer(0xaa5833c0) throttle end: throttle time(10)
06-28 10:57:54.895    76   123 D AudioFlinger: mixer(0xaa5833c0) throttle end: throttle time(8)
06-28 10:57:55.014    76   123 D AudioFlinger: mixer(0xaa5833c0) throttle end: throttle time(9)
06-28 10:57:55.101    76   123 D AudioFlinger: mixer(0xaa5833c0) throttle end: throttle time(9)
06-28 10:57:55.190  1112  1156 I MoPub   : [com.mopub.common.GpsHelper][fetchAdvertisingInfoSync] SDK Log - Unable to obtain Google AdvertisingIdClient.Info via reflection.
06-28 10:57:55.218    76   123 D AudioFlinger: mixer(0xaa5833c0) throttle end: throttle time(10)
06-28 10:57:55.336    76   123 D AudioFlinger: mixer(0xaa5833c0) throttle end: throttle time(10)
06-28 10:57:55.457    76   123 D AudioFlinger: mixer(0xaa5833c0) throttle end: throttle time(10)
06-28 10:57:55.544    76   123 D AudioFlinger: mixer(0xaa5833c0) throttle end: throttle time(5)
06-28 10:57:55.661    76   123 D AudioFlinger: mixer(0xaa5833c0) throttle end: throttle time(8)
06-28 10:57:55.778    76   123 D AudioFlinger: mixer(0xaa5833c0) throttle end: throttle time(10)
06-28 10:57:55.867    76   123 D AudioFlinger: mixer(0xaa5833c0) throttle end: throttle time(10)
06-28 10:57:55.985    76   123 D AudioFlinger: mixer(0xaa5833c0) throttle end: throttle time(10)
06-28 10:57:56.105    76   123 D AudioFlinger: mixer(0xaa5833c0) throttle end: throttle time(10)
06-28 10:57:56.191    76   123 D AudioFlinger: mixer(0xaa5833c0) throttle end: throttle time(10)
06-28 10:57:56.307    76   123 D AudioFlinger: mixer(0xaa5833c0) throttle end: throttle time(10)
06-28 10:57:56.426    76   123 D AudioFlinger: mixer(0xaa5833c0) throttle end: throttle time(10)
06-28 10:57:56.543    76   123 D AudioFlinger: mixer(0xaa5833c0) throttle end: throttle time(8)
06-28 10:57:56.661    76   123 D AudioFlinger: mixer(0xaa5833c0) throttle end: throttle time(8)
06-28 10:57:56.776    76   123 D AudioFlinger: mixer(0xaa5833c0) throttle end: throttle time(11)
06-28 10:57:56.866    76   123 D AudioFlinger: mixer(0xaa5833c0) throttle end: throttle time(5)
06-28 10:57:57.009    76   123 D AudioFlinger: mixer(0xaa5833c0) throttle end: throttle time(8)
06-28 10:57:57.097    76   123 D AudioFlinger: mixer(0xaa5833c0) throttle end: throttle time(10)
06-28 10:57:57.216    76   123 D AudioFlinger: mixer(0xaa5833c0) throttle end: throttle time(10)
06-28 10:57:57.335    76   123 D AudioFlinger: mixer(0xaa5833c0) throttle end: throttle time(10)
06-28 10:57:57.423    76   123 D AudioFlinger: mixer(0xaa5833c0) throttle end: throttle time(10)
06-28 10:57:57.538    76   123 D AudioFlinger: mixer(0xaa5833c0) throttle end: throttle time(10)
06-28 10:57:57.655    76   123 D AudioFlinger: mixer(0xaa5833c0) throttle end: throttle time(10)
06-28 10:57:57.772    76   123 D AudioFlinger: mixer(0xaa5833c0) throttle end: throttle time(10)
06-28 10:57:57.889    76   123 D AudioFlinger: mixer(0xaa5833c0) throttle end: throttle time(10)
06-28 10:57:58.007    76   123 D AudioFlinger: mixer(0xaa5833c0) throttle end: throttle time(10)
06-28 10:57:58.124    76   123 D AudioFlinger: mixer(0xaa5833c0) throttle end: throttle time(10)
06-28 10:57:58.213    76   123 D AudioFlinger: mixer(0xaa5833c0) throttle end: throttle time(8)
06-28 10:57:58.332    76   123 D AudioFlinger: mixer(0xaa5833c0) throttle end: throttle time(10)
06-28 10:57:58.451    76   123 D AudioFlinger: mixer(0xaa5833c0) throttle end: throttle time(10)
06-28 10:57:58.538    76   123 D AudioFlinger: mixer(0xaa5833c0) throttle end: throttle time(10)
06-28 10:57:58.656    76   123 D AudioFlinger: mixer(0xaa5833c0) throttle end: throttle time(10)
06-28 10:57:58.774    76   123 D AudioFlinger: mixer(0xaa5833c0) throttle end: throttle time(10)
06-28 10:57:58.863    76   123 D AudioFlinger: mixer(0xaa5833c0) throttle end: throttle time(9)
06-28 10:57:58.982    76   123 D AudioFlinger: mixer(0xaa5833c0) throttle end: throttle time(10)
06-28 10:57:59.024  1112  1158 I MoPub   : [com.mopub.common.BaseAdapterConfiguration][getCachedInitializationParameters] SDK Log - fetched init settings for 2 networks: [com.mopub.mobileads.GooglePlayServicesAdapterConfiguration, com.mopub.nativeads.InneractiveAdapterConfiguration]
06-28 10:57:59.100    76   123 D AudioFlinger: mixer(0xaa5833c0) throttle end: throttle time(10)
06-28 10:57:59.217    76   123 D AudioFlinger: mixer(0xaa5833c0) throttle end: throttle time(10)
06-28 10:57:59.303    76   123 D AudioFlinger: mixer(0xaa5833c0) throttle end: throttle time(10)
06-28 10:57:59.421    76   123 D AudioFlinger: mixer(0xaa5833c0) throttle end: throttle time(10)
06-28 10:57:59.539    76   123 D AudioFlinger: mixer(0xaa5833c0) throttle end: throttle time(10)
06-28 10:57:59.604  1112  1158 I MoPub   : [com.mopub.common.AdapterConfigurationManager$a][a] SDK Log - Initializing com.mopub.nativeads.InMobiBaseAdapterConfiguration version 7.2.6.0 with network sdk version 7.2.6 and with params {}
06-28 10:57:59.608  1112  1156 I MoPub   : [com.mopub.common.privacy.PersonalInfoManager$e][onInitializationFinished] Consent Log - MoPubIdentifier initialized.
06-28 10:57:59.628    76   123 D AudioFlinger: mixer(0xaa5833c0) throttle end: throttle time(10)
06-28 10:57:59.746    76   123 D AudioFlinger: mixer(0xaa5833c0) throttle end: throttle time(6)
06-28 10:57:59.862    76   123 D AudioFlinger: mixer(0xaa5833c0) throttle end: throttle time(9)
06-28 10:57:59.978    76   123 D AudioFlinger: mixer(0xaa5833c0) throttle end: throttle time(10)
06-28 10:58:00.096    76   123 D AudioFlinger: mixer(0xaa5833c0) throttle end: throttle time(10)
06-28 10:58:00.214    76   123 D AudioFlinger: mixer(0xaa5833c0) throttle end: throttle time(10)
06-28 10:58:00.304    76   123 D AudioFlinger: mixer(0xaa5833c0) throttle end: throttle time(10)
06-28 10:58:00.421    76   123 D AudioFlinger: mixer(0xaa5833c0) throttle end: throttle time(10)
06-28 10:58:00.464  1112  1232 W GooglePlayServicesUtil: Google Play Store is missing.
06-28 10:58:00.538    76   123 D AudioFlinger: mixer(0xaa5833c0) throttle end: throttle time(10)
06-28 10:58:00.655    76   123 D AudioFlinger: mixer(0xaa5833c0) throttle end: throttle time(10)
06-28 10:58:00.744    76   123 D AudioFlinger: mixer(0xaa5833c0) throttle end: throttle time(10)
06-28 10:58:00.861    76   123 D AudioFlinger: mixer(0xaa5833c0) throttle end: throttle time(2)
06-28 10:58:00.978    76   123 D AudioFlinger: mixer(0xaa5833c0) throttle end: throttle time(10)
06-28 10:58:01.075  1112  1230 D k.b.g.b : Construction of Android Sentry from Android Application.
06-28 10:58:01.095    76   123 D AudioFlinger: mixer(0xaa5833c0) throttle end: throttle time(9)
06-28 10:58:01.210    76   123 D AudioFlinger: mixer(0xaa5833c0) throttle end: throttle time(8)
06-28 10:58:01.328    76   123 D AudioFlinger: mixer(0xaa5833c0) throttle end: throttle time(10)
06-28 10:58:01.418    76   123 D AudioFlinger: mixer(0xaa5833c0) throttle end: throttle time(10)
06-28 10:58:01.536    76   123 D AudioFlinger: mixer(0xaa5833c0) throttle end: throttle time(10)
06-28 10:58:01.655    76   123 D AudioFlinger: mixer(0xaa5833c0) throttle end: throttle time(10)
06-28 10:58:01.744    76   123 D AudioFlinger: mixer(0xaa5833c0) throttle end: throttle time(9)
06-28 10:58:01.819  1112  1230 D k.b.g.b : Sentry init with ctx='cm.aptoide.pt.NotificationApplicationView@3c31171'
06-28 10:58:01.861    76   123 D AudioFlinger: mixer(0xaa5833c0) throttle end: throttle time(6)
06-28 10:58:01.978    76   123 D AudioFlinger: mixer(0xaa5833c0) throttle end: throttle time(10)
06-28 10:58:02.067    76   123 D AudioFlinger: mixer(0xaa5833c0) throttle end: throttle time(10)
06-28 10:58:02.184    76   123 D AudioFlinger: mixer(0xaa5833c0) throttle end: throttle time(10)
06-28 10:58:02.302    76   123 D AudioFlinger: mixer(0xaa5833c0) throttle end: throttle time(11)
06-28 10:58:02.419    76   123 D AudioFlinger: mixer(0xaa5833c0) throttle end: throttle time(10)
06-28 10:58:02.511    76   123 D AudioFlinger: mixer(0xaa5833c0) throttle end: throttle time(10)
06-28 10:58:02.563  1112  1233 W io.rakam.api.DeviceInfo: Google Play Services not available
06-28 10:58:02.626    76   123 D AudioFlinger: mixer(0xaa5833c0) throttle end: throttle time(10)
06-28 10:58:02.717  1112  1218 I MoPub   : [com.mopub.common.util.AsyncTasks][safeExecuteOnExecutor] SDK Log - Posting AsyncTask to main thread for execution.
06-28 10:58:02.738    76   123 D AudioFlinger: mixer(0xaa5833c0) throttle end: throttle time(10)
06-28 10:58:02.856    76   123 D AudioFlinger: mixer(0xaa5833c0) throttle end: throttle time(10)
06-28 10:58:02.875  1112  1233 W GooglePlayServicesUtil: Google Play Store is missing.
06-28 10:58:02.974    76   123 D AudioFlinger: mixer(0xaa5833c0) throttle end: throttle time(10)
06-28 10:58:03.086  1112  1242 W art     : Long monitor contention with owner arch_disk_io_1 (1229) at long android.database.sqlite.SQLiteConnection.nativePrepareStatement(long, java.lang.String)(SQLiteConnection.java:-2) waiters=0 in f.r.a.b f.r.a.g.b$a.a() for 5.353s
06-28 10:58:03.088    76   123 D AudioFlinger: mixer(0xaa5833c0) throttle end: throttle time(10)
06-28 10:58:03.109  1112  1241 W art     : Long monitor contention with owner arch_disk_io_1 (1229) at long android.database.sqlite.SQLiteConnection.nativePrepareStatement(long, java.lang.String)(SQLiteConnection.java:-2) waiters=1 in f.r.a.b f.r.a.g.b$a.a() for 2.484s
06-28 10:58:03.130  1112  1227 W art     : Long monitor contention with owner arch_disk_io_1 (1229) at long android.database.sqlite.SQLiteConnection.nativePrepareStatement(long, java.lang.String)(SQLiteConnection.java:-2) waiters=2 in f.r.a.b f.r.a.g.b$a.a() for 2.497s
06-28 10:58:03.196  1112  1230 W System.err: [RxNewThreadScheduler-1] WARN k.b.a - No 'stacktrace.app.packages' was configured, this option is highly recommended as it affects stacktrace grouping and display on Sentry. See documentation: https://docs.sentry.io/clients/java/config/#in-application-stack-frames
06-28 10:58:03.206    76   123 D AudioFlinger: mixer(0xaa5833c0) throttle end: throttle time(10)
06-28 10:58:03.213  1112  1230 D k.b.g.b : Using buffer dir: /data/user/0/cm.aptoide.pt/cache/sentry-buffered-events
06-28 10:58:03.323    76   123 D AudioFlinger: mixer(0xaa5833c0) throttle end: throttle time(10)
06-28 10:58:03.442    76   123 D AudioFlinger: mixer(0xaa5833c0) throttle end: throttle time(10)
06-28 10:58:03.513  1112  1227 W art     : Long monitor contention with owner arch_disk_io_2 (1241) at long android.database.sqlite.SQLiteConnection.nativeOpen(java.lang.String, int, java.lang.String, boolean, boolean)(SQLiteConnection.java:-2) waiters=1 in android.database.sqlite.SQLiteConnection android.database.sqlite.SQLiteConnectionPool.waitForConnection(java.lang.String, int, android.os.CancellationSignal) for 366ms
06-28 10:58:03.523  1112  1242 W art     : Long monitor contention with owner arch_disk_io_2 (1241) at long android.database.sqlite.SQLiteConnection.nativeOpen(java.lang.String, int, java.lang.String, boolean, boolean)(SQLiteConnection.java:-2) waiters=2 in void android.database.sqlite.SQLiteConnectionPool.releaseConnection(android.database.sqlite.SQLiteConnection) for 368ms
06-28 10:58:03.532    76   123 D AudioFlinger: mixer(0xaa5833c0) throttle end: throttle time(8)
06-28 10:58:03.650    76   123 D AudioFlinger: mixer(0xaa5833c0) throttle end: throttle time(10)
06-28 10:58:03.768    76   123 D AudioFlinger: mixer(0xaa5833c0) throttle end: throttle time(10)
06-28 10:58:03.855    76   123 D AudioFlinger: mixer(0xaa5833c0) throttle end: throttle time(10)
06-28 10:58:03.974    76   123 D AudioFlinger: mixer(0xaa5833c0) throttle end: throttle time(10)
06-28 10:58:04.091    76   123 D AudioFlinger: mixer(0xaa5833c0) throttle end: throttle time(10)
06-28 10:58:04.122  1112  1230 W System.err: [RxNewThreadScheduler-1] WARN k.b.a - No 'stacktrace.app.packages' was configured, this option is highly recommended as it affects stacktrace grouping and display on Sentry. See documentation: https://docs.sentry.io/clients/java/config/#in-application-stack-frames
06-28 10:58:04.163  1112  1230 D k.b.g.b : ANR is='false'
06-28 10:58:04.207    76   123 D AudioFlinger: mixer(0xaa5833c0) throttle end: throttle time(10)
06-28 10:58:04.296    76   123 D AudioFlinger: mixer(0xaa5833c0) throttle end: throttle time(10)
06-28 10:58:04.414    76   123 D AudioFlinger: mixer(0xaa5833c0) throttle end: throttle time(10)
06-28 10:58:04.535    76   123 D AudioFlinger: mixer(0xaa5833c0) throttle end: throttle time(10)
06-28 10:58:04.621    76   123 D AudioFlinger: mixer(0xaa5833c0) throttle end: throttle time(10)
06-28 10:58:04.739    76   123 D AudioFlinger: mixer(0xaa5833c0) throttle end: throttle time(10)
06-28 10:58:04.861    76   123 D AudioFlinger: mixer(0xaa5833c0) throttle end: throttle time(10)
06-28 10:58:04.891  1252  1252 I sh      : type=1400 audit(0.0:8): avc: denied { read } for name="/" dev="rootfs" ino=1 scontext=u:r:untrusted_app:s0:c512,c768 tcontext=u:object_r:rootfs:s0 tclass=dir permissive=1
06-28 10:58:04.921  1252  1252 I sh      : type=1400 audit(0.0:9): avc: denied { open } for name="/" dev="rootfs" ino=1 scontext=u:r:untrusted_app:s0:c512,c768 tcontext=u:object_r:rootfs:s0 tclass=dir permissive=1
06-28 10:58:04.945    76   123 D AudioFlinger: mixer(0xaa5833c0) throttle end: throttle time(8)
06-28 10:58:05.067    76   123 D AudioFlinger: mixer(0xaa5833c0) throttle end: throttle time(5)
06-28 10:58:05.182    76   123 D AudioFlinger: mixer(0xaa5833c0) throttle end: throttle time(10)
06-28 10:58:05.299    76   123 D AudioFlinger: mixer(0xaa5833c0) throttle end: throttle time(10)
06-28 10:58:05.389    76   123 D AudioFlinger: mixer(0xaa5833c0) throttle end: throttle time(10)
06-28 10:58:05.507    76   123 D AudioFlinger: mixer(0xaa5833c0) throttle end: throttle time(10)
06-28 10:58:05.624    76   123 D AudioFlinger: mixer(0xaa5833c0) throttle end: throttle time(10)
06-28 10:58:05.740    76   123 D AudioFlinger: mixer(0xaa5833c0) throttle end: throttle time(11)
06-28 10:58:05.856    76   123 D AudioFlinger: mixer(0xaa5833c0) throttle end: throttle time(10)
06-28 10:58:05.944    76   123 D AudioFlinger: mixer(0xaa5833c0) throttle end: throttle time(5)
06-28 10:58:06.062    76   123 D AudioFlinger: mixer(0xaa5833c0) throttle end: throttle time(10)
06-28 10:58:06.179    76   123 D AudioFlinger: mixer(0xaa5833c0) throttle end: throttle time(10)
06-28 10:58:06.299    76   123 D AudioFlinger: mixer(0xaa5833c0) throttle end: throttle time(9)
06-28 10:58:06.387    76   123 D AudioFlinger: mixer(0xaa5833c0) throttle end: throttle time(10)
06-28 10:58:06.505    76   123 D AudioFlinger: mixer(0xaa5833c0) throttle end: throttle time(10)
06-28 10:58:06.623    76   123 D AudioFlinger: mixer(0xaa5833c0) throttle end: throttle time(10)
06-28 10:58:06.712    76   123 D AudioFlinger: mixer(0xaa5833c0) throttle end: throttle time(10)
06-28 10:58:06.830    76   123 D AudioFlinger: mixer(0xaa5833c0) throttle end: throttle time(10)
06-28 10:58:06.920    76   123 D AudioFlinger: mixer(0xaa5833c0) throttle end: throttle time(10)
06-28 10:58:07.038    76   123 D AudioFlinger: mixer(0xaa5833c0) throttle end: throttle time(10)
06-28 10:58:07.157    76   123 D AudioFlinger: mixer(0xaa5833c0) throttle end: throttle time(10)
06-28 10:58:07.271    76   123 D AudioFlinger: mixer(0xaa5833c0) throttle end: throttle time(10)
06-28 10:58:07.388    76   123 D AudioFlinger: mixer(0xaa5833c0) throttle end: throttle time(10)
06-28 10:58:07.477    76   123 D AudioFlinger: mixer(0xaa5833c0) throttle end: throttle time(10)
06-28 10:58:07.593    76   123 D AudioFlinger: mixer(0xaa5833c0) throttle end: throttle time(10)
06-28 10:58:07.711    76   123 D AudioFlinger: mixer(0xaa5833c0) throttle end: throttle time(9)
06-28 10:58:07.825    76   123 D AudioFlinger: mixer(0xaa5833c0) throttle end: throttle time(10)
06-28 10:58:07.944    76   123 D AudioFlinger: mixer(0xaa5833c0) throttle end: throttle time(9)
06-28 10:58:08.061    76   123 D AudioFlinger: mixer(0xaa5833c0) throttle end: throttle time(9)
06-28 10:58:08.150    76   123 D AudioFlinger: mixer(0xaa5833c0) throttle end: throttle time(10)
06-28 10:58:08.268    76   123 D AudioFlinger: mixer(0xaa5833c0) throttle end: throttle time(10)
06-28 10:58:08.320   583  1108 I OmtpVvmCarrierCfgHlpr: OmtpEvent:CONFIG_STATUS_SMS_TIME_OUT
06-28 10:58:08.323   583   583 I RetryPolicy: discarding deferred status: configuration_state=4
06-28 10:58:08.339   583   583 D VvmTaskScheduler: No more tasks, stopping service if no task are added in 5000 millis
06-28 10:58:08.346   583   583 D VvmTaskScheduler: create task:com.android.phone.vvm.omtp.ActivationTask
06-28 10:58:08.350   583   583 D RetryPolicy: retry #1 for com.android.phone.vvm.omtp.ActivationTask@c35b4e6 queued, executing in 5000
06-28 10:58:08.372   583   583 D VvmTaskScheduler: minimal wait time:4987
06-28 10:58:08.384    76   123 D AudioFlinger: mixer(0xaa5833c0) throttle end: throttle time(10)
06-28 10:58:08.391   583   583 D VvmTaskScheduler: minimal wait time:4961
06-28 10:58:08.502    76   123 D AudioFlinger: mixer(0xaa5833c0) throttle end: throttle time(10)
06-28 10:58:08.592    76   123 D AudioFlinger: mixer(0xaa5833c0) throttle end: throttle time(10)
06-28 10:58:08.708    76   123 D AudioFlinger: mixer(0xaa5833c0) throttle end: throttle time(10)
06-28 10:58:08.827    76   123 D AudioFlinger: mixer(0xaa5833c0) throttle end: throttle time(10)
06-28 10:58:08.918    76   123 D AudioFlinger: mixer(0xaa5833c0) throttle end: throttle time(10)
06-28 10:58:09.035    76   123 D AudioFlinger: mixer(0xaa5833c0) throttle end: throttle time(10)
06-28 10:58:09.152    76   123 D AudioFlinger: mixer(0xaa5833c0) throttle end: throttle time(10)
06-28 10:58:09.269    76   123 D AudioFlinger: mixer(0xaa5833c0) throttle end: throttle time(10)
06-28 10:58:09.360    76   123 D AudioFlinger: mixer(0xaa5833c0) throttle end: throttle time(10)
06-28 10:58:09.477    76   123 D AudioFlinger: mixer(0xaa5833c0) throttle end: throttle time(9)
06-28 10:58:09.595    76   123 D AudioFlinger: mixer(0xaa5833c0) throttle end: throttle time(8)
06-28 10:58:09.683    76   123 D AudioFlinger: mixer(0xaa5833c0) throttle end: throttle time(2)
06-28 10:58:09.802    76   123 D AudioFlinger: mixer(0xaa5833c0) throttle end: throttle time(9)
06-28 10:58:09.917    76   123 D AudioFlinger: mixer(0xaa5833c0) throttle end: throttle time(10)
06-28 10:58:10.034    76   123 D AudioFlinger: mixer(0xaa5833c0) throttle end: throttle time(10)
06-28 10:58:10.080  1112  1289 W GooglePlayServicesUtil: Google Play Store is missing.
06-28 10:58:10.102  1112  1289 W GooglePlayServicesUtil: Google Play Store is missing.
06-28 10:58:10.103  1112  1289 W GooglePlayServicesUtil: Google Play Store is missing.
06-28 10:58:10.150    76   123 D AudioFlinger: mixer(0xaa5833c0) throttle end: throttle time(10)
06-28 10:58:10.267    76   123 D AudioFlinger: mixer(0xaa5833c0) throttle end: throttle time(10)
06-28 10:58:10.384    76   123 D AudioFlinger: mixer(0xaa5833c0) throttle end: throttle time(10)
06-28 10:58:10.472    76   123 D AudioFlinger: mixer(0xaa5833c0) throttle end: throttle time(10)
06-28 10:58:10.591    76   123 D AudioFlinger: mixer(0xaa5833c0) throttle end: throttle time(10)
06-28 10:58:10.708    76   123 D AudioFlinger: mixer(0xaa5833c0) throttle end: throttle time(10)
06-28 10:58:10.797    76   123 D AudioFlinger: mixer(0xaa5833c0) throttle end: throttle time(9)
06-28 10:58:10.916    76   123 D AudioFlinger: mixer(0xaa5833c0) throttle end: throttle time(10)
06-28 10:58:11.026   197   610 W ActivityManager: Slow operation: 102ms so far, now at startProcess: returned from zygote!
06-28 10:58:11.026   197   610 W ActivityManager: Slow operation: 102ms so far, now at startProcess: done updating battery stats
06-28 10:58:11.027   197   610 W ActivityManager: Slow operation: 103ms so far, now at startProcess: building log message
06-28 10:58:11.027   197   610 I ActivityManager: Start proc 1297:com.paraphron.youtube/u0a56 for broadcast com.paraphron.youtube/com.google.android.libraries.youtube.upload.service.UploadService$BootReceiver
06-28 10:58:11.028   197   610 W ActivityManager: Slow operation: 104ms so far, now at startProcess: starting to update pids map
06-28 10:58:11.028   197   610 W ActivityManager: Slow operation: 104ms so far, now at startProcess: done updating pids map
06-28 10:58:11.028   197   610 W ActivityManager: Slow operation: 136ms so far, now at startProcess: done starting proc!
06-28 10:58:11.035    76   123 D AudioFlinger: mixer(0xaa5833c0) throttle end: throttle time(10)
06-28 10:58:11.114  1297  1297 W art     : Unknown instruction set features for ARM CPU variant (generic) using conservative defaults
06-28 10:58:11.153    76   123 D AudioFlinger: mixer(0xaa5833c0) throttle end: throttle time(10)
06-28 10:58:11.238    76   123 D AudioFlinger: mixer(0xaa5833c0) throttle end: throttle time(10)
06-28 10:58:11.355    76   123 D AudioFlinger: mixer(0xaa5833c0) throttle end: throttle time(10)
06-28 10:58:11.473    76   123 D AudioFlinger: mixer(0xaa5833c0) throttle end: throttle time(10)
06-28 10:58:11.590    76   123 D AudioFlinger: mixer(0xaa5833c0) throttle end: throttle time(10)
06-28 10:58:11.706    76   123 D AudioFlinger: mixer(0xaa5833c0) throttle end: throttle time(10)
06-28 10:58:11.820    76   123 D AudioFlinger: mixer(0xaa5833c0) throttle end: throttle time(10)
06-28 10:58:11.887  1112  1282 W art     : Long monitor contention with owner RxIoScheduler-4 (1239) at void com.fasterxml.jackson.databind.ObjectWriter.<clinit>()(ObjectWriter.java:1) waiters=0 in retrofit2.ServiceMethod retrofit2.Retrofit.loadServiceMethod(java.lang.reflect.Method) for 3.222s
06-28 10:58:11.895  1112  1268 W art     : Long monitor contention with owner RxIoScheduler-4 (1239) at void com.fasterxml.jackson.databind.ObjectWriter.<clinit>()(ObjectWriter.java:1) waiters=1 in retrofit2.ServiceMethod retrofit2.Retrofit.loadServiceMethod(java.lang.reflect.Method) for 3.241s
06-28 10:58:11.907  1112  1283 W art     : Long monitor contention with owner RxIoScheduler-4 (1239) at void com.fasterxml.jackson.databind.ObjectWriter.<clinit>()(ObjectWriter.java:1) waiters=2 in retrofit2.ServiceMethod retrofit2.Retrofit.loadServiceMethod(java.lang.reflect.Method) for 2.879s
06-28 10:58:11.938    76   123 D AudioFlinger: mixer(0xaa5833c0) throttle end: throttle time(10)
06-28 10:58:12.054    76   123 D AudioFlinger: mixer(0xaa5833c0) throttle end: throttle time(10)
06-28 10:58:12.173    76   123 D AudioFlinger: mixer(0xaa5833c0) throttle end: throttle time(10)
06-28 10:58:12.261    76   123 D AudioFlinger: mixer(0xaa5833c0) throttle end: throttle time(10)
06-28 10:58:12.377    76   123 D AudioFlinger: mixer(0xaa5833c0) throttle end: throttle time(10)
06-28 10:58:12.494    76   123 D AudioFlinger: mixer(0xaa5833c0) throttle end: throttle time(9)
06-28 10:58:12.613    76   123 D AudioFlinger: mixer(0xaa5833c0) throttle end: throttle time(10)
06-28 10:58:12.666  1112  1158 I MoPub   : [com.mopub.common.BaseAdapterConfiguration][getCachedInitializationParameters] SDK Log - fetched init settings for 2 networks: [com.mopub.mobileads.GooglePlayServicesAdapterConfiguration, com.mopub.nativeads.InneractiveAdapterConfiguration]
06-28 10:58:12.680  1112  1158 I MoPub   : [com.mopub.common.BaseAdapterConfiguration][setCachedInitializationParameters] SDK Log - Updating init settings for custom event com.mopub.mobileads.GooglePlayServicesAdapterConfiguration with params {"npa":"1"}
06-28 10:58:12.683  1112  1158 I MoPub   : [com.mopub.common.AdapterConfigurationManager$a][a] SDK Log - Initializing com.mopub.mobileads.GooglePlayServicesAdapterConfiguration version 17.2.1.0 with network sdk version 17.2.1 and with params {npa=1}
06-28 10:58:12.731    76   123 D AudioFlinger: mixer(0xaa5833c0) throttle end: throttle time(10)
06-28 10:58:12.819    76   123 D AudioFlinger: mixer(0xaa5833c0) throttle end: throttle time(10)
06-28 10:58:12.938    76   123 D AudioFlinger: mixer(0xaa5833c0) throttle end: throttle time(10)
06-28 10:58:13.054    76   123 D AudioFlinger: mixer(0xaa5833c0) throttle end: throttle time(10)
06-28 10:58:13.143    76   123 D AudioFlinger: mixer(0xaa5833c0) throttle end: throttle time(10)
06-28 10:58:13.258    76   123 D AudioFlinger: mixer(0xaa5833c0) throttle end: throttle time(9)
06-28 10:58:13.371   583  1108 V VvmTaskScheduler: executing task com.android.phone.vvm.omtp.ActivationTask@c35b4e6
06-28 10:58:13.380    76   123 D AudioFlinger: mixer(0xaa5833c0) throttle end: throttle time(10)
06-28 10:58:13.494    76   123 D AudioFlinger: mixer(0xaa5833c0) throttle end: throttle time(10)
06-28 10:58:13.576  1112  1313 W art     : Verification of void com.inmobi.commons.core.utilities.b.a.<init>() took 121.741ms
06-28 10:58:13.612    76   123 D AudioFlinger: mixer(0xaa5833c0) throttle end: throttle time(7)
06-28 10:58:13.701    76   123 D AudioFlinger: mixer(0xaa5833c0) throttle end: throttle time(10)
06-28 10:58:13.820    76   123 D AudioFlinger: mixer(0xaa5833c0) throttle end: throttle time(11)
06-28 10:58:13.909   197   742 W ActivityManager: Slow operation: 490ms so far, now at getContentProviderImpl: after updateOomAdj
06-28 10:58:13.910   197   742 W ActivityManager: Slow operation: 491ms so far, now at getContentProviderImpl: done!
06-28 10:58:13.938    76   123 D AudioFlinger: mixer(0xaa5833c0) throttle end: throttle time(10)
06-28 10:58:14.025    76   123 D AudioFlinger: mixer(0xaa5833c0) throttle end: throttle time(10)
06-28 10:58:14.079   583  1108 I VvmActivationTask: VVM content provider configured - vvm_type_cvvm
06-28 10:58:14.081   583  1108 I OmtpVvmCarrierCfgHlpr: OmtpEvent:CONFIG_ACTIVATING
06-28 10:58:14.145    76   123 D AudioFlinger: mixer(0xaa5833c0) throttle end: throttle time(9)
06-28 10:58:14.229   583  1108 V OmtpMessageSender: Sending BINARY sms 'Activate:dt=6' to 122:1808
06-28 10:58:14.234    76   123 D AudioFlinger: mixer(0xaa5833c0) throttle end: throttle time(10)
06-28 10:58:14.353    76   123 D AudioFlinger: mixer(0xaa5833c0) throttle end: throttle time(10)
06-28 10:58:14.443    76   123 D AudioFlinger: mixer(0xaa5833c0) throttle end: throttle time(10)
06-28 10:58:14.482   583   583 D VvmStatusSmsFetcher: Request SMS successfully sent
06-28 10:58:14.561    76   123 D AudioFlinger: mixer(0xaa5833c0) throttle end: throttle time(9)
06-28 10:58:14.627  1112  1158 I MoPub   : [com.mopub.common.AdapterConfigurationManager][onNetworkInitializationFinished] SDK Log - class com.mopub.mobileads.GooglePlayServicesAdapterConfiguration initialized with error code AdapterConfiguration initialization success.
06-28 10:58:14.676    76   123 D AudioFlinger: mixer(0xaa5833c0) throttle end: throttle time(10)
06-28 10:58:14.791    76   123 D AudioFlinger: mixer(0xaa5833c0) throttle end: throttle time(10)
06-28 10:58:14.910    76   123 D AudioFlinger: mixer(0xaa5833c0) throttle end: throttle time(8)
06-28 10:58:15.030    76   123 D AudioFlinger: mixer(0xaa5833c0) throttle end: throttle time(10)
06-28 10:58:15.119    76   123 D AudioFlinger: mixer(0xaa5833c0) throttle end: throttle time(10)
06-28 10:58:15.235    76   123 D AudioFlinger: mixer(0xaa5833c0) throttle end: throttle time(10)
06-28 10:58:15.354    76   123 D AudioFlinger: mixer(0xaa5833c0) throttle end: throttle time(10)
06-28 10:58:15.441    76   123 D AudioFlinger: mixer(0xaa5833c0) throttle end: throttle time(10)
06-28 10:58:15.558    76   123 D AudioFlinger: mixer(0xaa5833c0) throttle end: throttle time(10)
06-28 10:58:15.675    76   123 D AudioFlinger: mixer(0xaa5833c0) throttle end: throttle time(10)
06-28 10:58:15.794    76   123 D AudioFlinger: mixer(0xaa5833c0) throttle end: throttle time(8)
06-28 10:58:15.884    76   123 D AudioFlinger: mixer(0xaa5833c0) throttle end: throttle time(10)
06-28 10:58:16.001    76   123 D AudioFlinger: mixer(0xaa5833c0) throttle end: throttle time(10)
06-28 10:58:16.117    76   123 D AudioFlinger: mixer(0xaa5833c0) throttle end: throttle time(10)
06-28 10:58:16.234    76   123 D AudioFlinger: mixer(0xaa5833c0) throttle end: throttle time(10)
06-28 10:58:16.352    76   123 D AudioFlinger: mixer(0xaa5833c0) throttle end: throttle time(10)
06-28 10:58:16.441    76   123 D AudioFlinger: mixer(0xaa5833c0) throttle end: throttle time(10)
06-28 10:58:16.562    76   123 D AudioFlinger: mixer(0xaa5833c0) throttle end: throttle time(10)
06-28 10:58:16.674    76   123 D AudioFlinger: mixer(0xaa5833c0) throttle end: throttle time(10)
06-28 10:58:16.792    76   123 D AudioFlinger: mixer(0xaa5833c0) throttle end: throttle time(10)
06-28 10:58:16.908    76   123 D AudioFlinger: mixer(0xaa5833c0) throttle end: throttle time(10)
06-28 10:58:16.997    76   123 D AudioFlinger: mixer(0xaa5833c0) throttle end: throttle time(7)
06-28 10:58:17.010  1112  1313 W art     : Long monitor contention with owner RxIoScheduler-13 (1283) at void com.android.org.conscrypt.TrustedCertificateIndex.index(java.security.cert.TrustAnchor)(TrustedCertificateIndex.java:69) waiters=0 in java.util.Set com.android.org.conscrypt.TrustedCertificateIndex.findAllByIssuerAndSignature(java.security.cert.X509Certificate) for 416ms
06-28 10:58:17.092  1297  1318 E ProviderInstaller: Failed to get remote context
06-28 10:58:17.118    76   123 D AudioFlinger: mixer(0xaa5833c0) throttle end: throttle time(10)
06-28 10:58:17.202  1112  1158 W art     : Verification of void com.vungle.warren.network.VungleApiClient.config(retrofit2.Callback) took 2.557s
06-28 10:58:17.234    76   123 D AudioFlinger: mixer(0xaa5833c0) throttle end: throttle time(10)
06-28 10:58:17.322    76   123 D AudioFlinger: mixer(0xaa5833c0) throttle end: throttle time(10)
06-28 10:58:17.438    76   123 D AudioFlinger: mixer(0xaa5833c0) throttle end: throttle time(10)
06-28 10:58:17.551  1297  1318 W L       : (unknown) ProviderInstaller failed.
06-28 10:58:17.551  1297  1318 W L       : epm: dub
06-28 10:58:17.551  1297  1318 W L       : 	at esc.a(SourceFile:1024)
06-28 10:58:17.551  1297  1318 W L       : 	at fws.a(SourceFile:1142)
06-28 10:58:17.551  1297  1318 W L       : 	at fwt.run(SourceFile:78)
06-28 10:58:17.551  1297  1318 W L       : 	at java.util.concurrent.ThreadPoolExecutor.runWorker(ThreadPoolExecutor.java:1133)
06-28 10:58:17.551  1297  1318 W L       : 	at java.util.concurrent.ThreadPoolExecutor$Worker.run(ThreadPoolExecutor.java:607)
06-28 10:58:17.551  1297  1318 W L       : 	at fxt.run(SourceFile:40)
06-28 10:58:17.551  1297  1318 W L       : 	at java.lang.Thread.run(Thread.java:761)
06-28 10:58:17.551  1297  1318 W L       : Caused by: dub
06-28 10:58:17.551  1297  1318 W L       : 	at emp.a(Unknown Source)
06-28 10:58:17.551  1297  1318 W L       : 	at esc.a(SourceFile:1022)
06-28 10:58:17.551  1297  1318 W L       : 	... 6 more
06-28 10:58:17.554    76   123 D AudioFlinger: mixer(0xaa5833c0) throttle end: throttle time(10)
06-28 10:58:17.671    76   123 D AudioFlinger: mixer(0xaa5833c0) throttle end: throttle time(10)
06-28 10:58:17.789    76   123 D AudioFlinger: mixer(0xaa5833c0) throttle end: throttle time(10)
06-28 10:58:17.907    76   123 D AudioFlinger: mixer(0xaa5833c0) throttle end: throttle time(10)
06-28 10:58:17.995    76   123 D AudioFlinger: mixer(0xaa5833c0) throttle end: throttle time(2)
06-28 10:58:18.115    76   123 D AudioFlinger: mixer(0xaa5833c0) throttle end: throttle time(9)
06-28 10:58:18.179  1112  1268 W art     : Long monitor contention with owner Thread-10 (1218) at sun.security.x509.X509CertImpl sun.security.provider.X509Factory.intern(java.security.cert.X509Certificate)(X509Factory.java:-1) waiters=0 in sun.security.x509.X509CertImpl sun.security.provider.X509Factory.intern(java.security.cert.X509Certificate) for 754ms
06-28 10:58:18.187  1112  1282 W art     : Long monitor contention with owner Thread-10 (1218) at sun.security.x509.X509CertImpl sun.security.provider.X509Factory.intern(java.security.cert.X509Certificate)(X509Factory.java:-1) waiters=1 in sun.security.x509.X509CertImpl sun.security.provider.X509Factory.intern(java.security.cert.X509Certificate) for 672ms
06-28 10:58:18.188  1112  1283 W art     : Long monitor contention with owner Thread-10 (1218) at sun.security.x509.X509CertImpl sun.security.provider.X509Factory.intern(java.security.cert.X509Certificate)(X509Factory.java:-1) waiters=2 in sun.security.x509.X509CertImpl sun.security.provider.X509Factory.intern(java.security.cert.X509Certificate) for 651ms
06-28 10:58:18.210  1112  1239 W art     : Long monitor contention with owner Thread-10 (1218) at sun.security.x509.X509CertImpl sun.security.provider.X509Factory.intern(java.security.cert.X509Certificate)(X509Factory.java:-1) waiters=3 in sun.security.x509.X509CertImpl sun.security.provider.X509Factory.intern(java.security.cert.X509Certificate) for 660ms
06-28 10:58:18.230  1112  1313 W art     : Long monitor contention with owner Thread-10 (1218) at sun.security.x509.X509CertImpl sun.security.provider.X509Factory.intern(java.security.cert.X509Certificate)(X509Factory.java:-1) waiters=4 in sun.security.x509.X509CertImpl sun.security.provider.X509Factory.intern(java.security.cert.X509Certificate) for 539ms
06-28 10:58:18.233    76   123 D AudioFlinger: mixer(0xaa5833c0) throttle end: throttle time(10)
06-28 10:58:18.279  1112  1158 W art     : Verification of com.google.gson.k com.vungle.warren.network.VungleApiClient.getDeviceBody() took 1.065s
06-28 10:58:18.321    76   123 D AudioFlinger: mixer(0xaa5833c0) throttle end: throttle time(10)
06-28 10:58:18.438    76   123 D AudioFlinger: mixer(0xaa5833c0) throttle end: throttle time(10)
06-28 10:58:18.558    76   123 D AudioFlinger: mixer(0xaa5833c0) throttle end: throttle time(10)
06-28 10:58:18.590  1112  1218 W art     : Long monitor contention with owner RxIoScheduler-4 (1239) at sun.security.x509.X509CertImpl sun.security.provider.X509Factory.intern(java.security.cert.X509Certificate)(X509Factory.java:-1) waiters=3 in sun.security.x509.X509CertImpl sun.security.provider.X509Factory.intern(java.security.cert.X509Certificate) for 279ms
06-28 10:58:18.601  1112  1282 W art     : Long monitor contention with owner RxIoScheduler-4 (1239) at sun.security.x509.X509CertImpl sun.security.provider.X509Factory.intern(java.security.cert.X509Certificate)(X509Factory.java:-1) waiters=4 in sun.security.x509.X509CertImpl sun.security.provider.X509Factory.intern(java.security.cert.X509Certificate) for 257ms
06-28 10:58:18.645    76   123 D AudioFlinger: mixer(0xaa5833c0) throttle end: throttle time(9)
06-28 10:58:18.763    76   123 D AudioFlinger: mixer(0xaa5833c0) throttle end: throttle time(7)
06-28 10:58:18.883    76   123 D AudioFlinger: mixer(0xaa5833c0) throttle end: throttle time(10)
06-28 10:58:18.970    76   123 D AudioFlinger: mixer(0xaa5833c0) throttle end: throttle time(10)
06-28 10:58:19.086    76   123 D AudioFlinger: mixer(0xaa5833c0) throttle end: throttle time(10)
06-28 10:58:19.206    76   123 D AudioFlinger: mixer(0xaa5833c0) throttle end: throttle time(10)
06-28 10:58:19.321    76   123 D AudioFlinger: mixer(0xaa5833c0) throttle end: throttle time(10)
06-28 10:58:19.441    76   123 D AudioFlinger: mixer(0xaa5833c0) throttle end: throttle time(10)
06-28 10:58:19.530    76   123 D AudioFlinger: mixer(0xaa5833c0) throttle end: throttle time(10)
06-28 10:58:19.648    76   123 D AudioFlinger: mixer(0xaa5833c0) throttle end: throttle time(10)
06-28 10:58:19.737    76   123 D AudioFlinger: mixer(0xaa5833c0) throttle end: throttle time(10)
06-28 10:58:19.856    76   123 D AudioFlinger: mixer(0xaa5833c0) throttle end: throttle time(10)
