06-28 11:25:30.048  1491  1491 I SystemServer: StartNetworkManagementService
06-28 11:25:30.060  1491  1566 E NetdConnector: Communications error: java.io.IOException: Connection refused
06-28 11:25:30.073  1491  1566 E NetdConnector: Error in NativeDaemonConnector: java.io.IOException: Connection refused
06-28 11:25:30.382  1491  1501 I art     : Background sticky concurrent mark sweep GC freed 31337(1827KB) AllocSpace objects, 11(220KB) LOS objects, 21% free, 4MB/5MB, paused 2.011ms total 732.626ms
06-28 11:25:32.788  1491  1506 I UsageStatsService: User[0] Rollover scheduled @ 2020-06-28 18:43:55(1593384235783)
06-28 11:25:35.098  1491  1566 E NetdConnector: Communications error: java.io.IOException: Connection refused
06-28 11:25:35.142  1491  1566 E NetdConnector: Error in NativeDaemonConnector: java.io.IOException: Connection refused
06-28 11:25:40.033  1411  1411 V NatController: runCmd(/system/bin/iptables -w -F natctrl_FORWARD) res=0
06-28 11:25:40.147  1491  1566 E NetdConnector: Communications error: java.io.IOException: Connection refused
06-28 11:25:40.150  1491  1566 E NetdConnector: Error in NativeDaemonConnector: java.io.IOException: Connection refused
06-28 11:25:40.163  1411  1411 V NatController: runCmd(/system/bin/ip6tables -w -F natctrl_FORWARD) res=0
06-28 11:25:40.293  1411  1411 V NatController: runCmd(/system/bin/iptables -w -A natctrl_FORWARD -j DROP) res=0
06-28 11:25:40.412  1411  1411 V NatController: runCmd(/system/bin/iptables -w -t nat -F natctrl_nat_POSTROUTING) res=0
06-28 11:25:40.532  1411  1411 V NatController: runCmd(/system/bin/ip6tables -w -t raw -F natctrl_raw_PREROUTING) res=0
06-28 11:25:40.652  1411  1411 V NatController: runCmd(/system/bin/iptables -w -F natctrl_tether_counters) res=0
06-28 11:25:40.782  1411  1411 V NatController: runCmd(/system/bin/ip6tables -w -F natctrl_tether_counters) res=0
06-28 11:25:40.902  1411  1411 V NatController: runCmd(/system/bin/iptables -w -X natctrl_tether_counters) res=0
06-28 11:25:41.032  1411  1411 V NatController: runCmd(/system/bin/ip6tables -w -X natctrl_tether_counters) res=0
06-28 11:25:41.152  1411  1411 V NatController: runCmd(/system/bin/iptables -w -N natctrl_tether_counters) res=0
06-28 11:25:41.282  1411  1411 V NatController: runCmd(/system/bin/ip6tables -w -N natctrl_tether_counters) res=0
06-28 11:25:41.412  1411  1411 V NatController: runCmd(/system/bin/iptables -w -t mangle -A natctrl_mangle_FORWARD -p tcp --tcp-flags SYN SYN -j TCPMSS --clamp-mss-to-pmtu) res=1
06-28 11:25:43.615  1411  1411 E Netd    : cannot find interface dummy0
06-28 11:25:43.639  1411  1411 D MDnsDS  : MDnsSdListener::Hander starting up
06-28 11:25:43.644  1411  1682 D MDnsDS  : MDnsSdListener starting to monitor
06-28 11:25:43.644  1411  1682 D MDnsDS  : Going to poll with pollCount 1
06-28 11:25:45.154  1491  1566 I NetworkManagement: onDaemonConnected()
06-28 11:25:45.203  1491  1491 I SystemServiceManager: Starting com.android.server.TextServicesManagerService$Lifecycle
06-28 11:25:45.287  1491  1491 I SystemServer: StartNetworkScoreService
06-28 11:25:45.295  1491  1491 I SystemServer: StartNetworkStatsService
06-28 11:25:45.339  1491  1491 I SystemServer: StartNetworkPolicyManagerService
06-28 11:25:45.361  1491  1491 I SystemServer: No Wi-Fi NAN Service (NAN support Not Present)
06-28 11:25:45.368  1491  1491 I SystemServiceManager: Starting com.android.server.wifi.p2p.WifiP2pService
06-28 11:25:45.482  1491  1491 I WifiP2pService: Registering wifip2p
06-28 11:25:45.484  1491  1491 I SystemServiceManager: Starting com.android.server.wifi.WifiService
06-28 11:25:45.564  1491  1491 D HS20    : Passpoint is disabled
06-28 11:25:45.630  1491  1692 E IpManager.wlan0: Failed to disable IPv6java.lang.IllegalStateException: command '1 interface ipv6 wlan0 disable' failed with '400 1 Failed to change IPv6 state (No such file or directory)'
06-28 11:25:45.642  1411  1686 D CommandListener: Clearing all IP addresses on wlan0
06-28 11:25:45.867  1491  1491 W art     : Long monitor contention with owner WifiStateMachine (1691) at boolean com.android.server.wifi.WifiNative.unloadDriverNative()(WifiNative.java:-2) waiters=0 in java.lang.String com.android.server.wifi.WifiNative.doStringCommand(java.lang.String) for 183ms
06-28 11:25:45.870  1491  1491 E WifiLogger: no ring buffers found
06-28 11:25:45.871  1491  1491 E WifiLogger: Failed to start packet fate monitoring
06-28 11:25:45.875  1491  1691 D WifiApConfigStore: 2G band allowed channels are:1,6,11
06-28 11:25:45.920  1491  1491 D WifiController: isAirplaneModeOn = false, isWifiEnabled = true, isScanningAvailable = false
06-28 11:25:45.928  1491  1491 I WifiService: Registering wifi
06-28 11:25:45.930  1491  1491 I SystemServiceManager: Starting com.android.server.wifi.scanner.WifiScanningService
06-28 11:25:45.930  1491  1491 I WifiScanningService: Creating wifiscanner
06-28 11:25:45.938  1491  1491 I WifiScanningService: Publishing wifiscanner
06-28 11:25:45.940  1491  1491 I SystemServiceManager: Starting com.android.server.wifi.RttService
06-28 11:25:45.943  1491  1491 I RttService: Creating rttmanager
06-28 11:25:45.946  1491  1491 I RttService: Starting rttmanager
06-28 11:25:45.948  1491  1491 I SystemServer: StartConnectivityService
06-28 11:25:45.975  1491  1491 D ConnectivityService: ConnectivityService starting up
06-28 11:25:45.992  1491  1491 D ConnectivityService: wifiOnly=false
06-28 11:25:46.040  1491  1491 I SystemServer: StartNsdService
06-28 11:25:46.060  1491  1491 I SystemServer: StartUpdateLockService
06-28 11:25:46.066  1491  1491 I SystemServiceManager: Starting com.android.server.RecoverySystemService
06-28 11:25:46.073  1491  1491 I SystemServiceManager: Starting com.android.server.notification.NotificationManagerService
06-28 11:25:46.132  1491  1491 D ConditionProviders.SCP: new ScheduleConditionProvider()
06-28 11:25:46.171  1491  1491 D ZenLog  : config: readXml,ZenModeConfig[user=0,allowCalls=true,allowRepeatCallers=false,allowMessages=false,allowCallsFrom=contacts,allowMessagesFrom=contacts,allowReminders=true,allowEvents=true,allowWhenScreenOff=true,allowWhenScreenOn=true,automaticRules={b8527d8e9dd448fd915d607966a823b6=ZenRule[enabled=false,snoozing=false,name=Weeknight,zenMode=ZEN_MODE_ALARMS,conditionId=condition://android/schedule?days=1.2.3.4.5&start=22.0&end=7.0&exitAtAlarm=false,condition=Condition[id=condition://android/schedule?days=1.2.3.4.5&start=22.0&end=7.0&exitAtAlarm=false,summary=...,line1=...,line2=...,icon=0,state=STATE_FALSE,flags=2],component=ComponentInfo{android/com.android.server.notification.ScheduleConditionProvider},id=b8527d8e9dd448fd915d607966a823b6,creationTime=1586537817460,enabler=null], 826891134a454e38b19efd80576d0f41=ZenRule[enabled=false,snoozing=false,name=Weekend,zenMode=ZEN_MODE_ALARMS,conditionId=condition://android/schedule?days=6.7&start=23.30&end=10.0&exitAtAlarm=false,condition=Condition[id=condition://android/schedule?days=6.7&start=23.30&end=10.0&exitAtAlarm=false,summary=...,line1=...,line2=...,icon=0,state=STATE_FALSE,flags=2],component=ComponentInfo{android/com.android.server.notification.ScheduleConditionProvider},id=826891134a454e38b19efd80576d0f41,creationTime=1586537817461,enabler=null], aff2632651374c009592ba48645ede63=ZenRule[enabled=false,snoozing=false,name=Event,zenMode=ZEN_MODE_ALARMS,conditionId=condition://android/event?userId=-10000&calendar=&reply=1,condition=Condition[id=condition://android/event?userId=-10000&calendar=&reply=1,summary=...,line1=...,line2=...,icon=0,state=STATE_FALSE,flags=2],component=ComponentInfo{android/com.android.server.notification.EventConditionProvider},id=aff2632651374c009592ba48645ede63,creationTime=1586537817462,enabler=null]},manualRule=null],Diff[automaticRule[9dd576f67586404a9b98f033aa5c1ad8]:delete,automaticRule[3481a138343541459db53aa36bf3ed5c]:delete,automaticRule[b8527d8e9dd448fd915d607966a823b6]:insert,automaticRule[02b68fd6dc3c4c1aa285bdec5a44d002]:delete,automaticRule[826891134a454e38b19efd80576d0f41]:insert,automaticRule[aff2632651374c009592ba48645ede63]:insert]
06-28 11:25:46.227  1491  1491 D ZenLog  : set_zen_mode: off,init
06-28 11:25:46.240  1491  1491 I SystemServiceManager: Starting com.android.server.storage.DeviceStorageMonitorService
06-28 11:25:46.257  1491  1491 I SystemServer: StartLocationManagerService
06-28 11:25:46.264  1491  1491 I SystemServer: StartCountryDetectorService
06-28 11:25:46.267  1491  1491 I SystemServer: StartSearchManagerService
06-28 11:25:46.268  1491  1491 I SystemServiceManager: Starting com.android.server.search.SearchManagerService$Lifecycle
06-28 11:25:46.275  1491  1491 I SystemServiceManager: Starting com.android.server.DropBoxManagerService
06-28 11:25:46.281  1491  1491 I SystemServer: StartWallpaperManagerService
06-28 11:25:46.281  1491  1491 I SystemServiceManager: Starting com.android.server.wallpaper.WallpaperManagerService$Lifecycle
06-28 11:25:46.296  1491  1491 E BitmapFactory: Unable to decode stream: java.io.FileNotFoundException: /data/system/users/0/wallpaper_orig (No such file or directory)
06-28 11:25:46.297  1491  1491 E WallpaperManagerService: Invalid wallpaper data
06-28 11:25:46.297  1491  1491 E WallpaperManagerService: Unable to apply new wallpaper
06-28 11:25:46.304  1491  1491 I SystemServer: StartAudioService
06-28 11:25:46.304  1491  1491 I SystemServiceManager: Starting com.android.server.audio.AudioService$Lifecycle
06-28 11:25:46.354  1491  1491 W TelecomManager: Telecom Service not found.
06-28 11:25:46.369  1408  1450 D PermissionCache: checking android.permission.MODIFY_AUDIO_SETTINGS for uid=1000 => granted (3791 us)
06-28 11:25:46.392  1491  1504 E BatteryStatsService: power: Missing API
06-28 11:25:46.408  1408  1447 W AudioFlinger: no wake lock to update, system not ready yet
06-28 11:25:46.433  1491  1507 E KernelCpuSpeedReader: Failed to read cpu-freq: /sys/devices/system/cpu/cpu0/cpufreq/stats/time_in_state (No such file or directory)
06-28 11:25:46.436  1491  1507 E KernelUidCpuTimeReader: Failed to read uid_cputime: /proc/uid_cputime/show_uid_stat (No such file or directory)
06-28 11:25:46.552    69   171 D gralloc_goldfish: gralloc_alloc: format 1 and usage 0x933 imply creation of host color buffer
06-28 11:25:46.597  1491  1491 I SystemServiceManager: Starting com.android.server.DockObserver
06-28 11:25:46.600  1491  1491 W DockObserver: This kernel does not have dock station support
06-28 11:25:46.604  1491  1517 D         : HostConnection::get() New Host Connection established 0xa96f9a20, tid 1517
06-28 11:25:46.608  1491  1517 W         : Process pipe failed
06-28 11:25:46.616  1491  1491 I SystemServer: StartWiredAccessoryManager
06-28 11:25:46.621  1491  1491 W WiredAccessoryManager: This kernel does not have wired headset support
06-28 11:25:46.621  1491  1491 W WiredAccessoryManager: This kernel does not have usb audio support
06-28 11:25:46.622  1491  1491 W WiredAccessoryManager: This kernel does not have HDMI audio support
06-28 11:25:46.632  1491  1491 I SystemServiceManager: Starting com.android.server.usb.UsbService$Lifecycle
06-28 11:25:46.655  1491  1491 W System.err: java.io.FileNotFoundException: /proc/asound/cards (No such file or directory)
06-28 11:25:46.657  1491  1491 W System.err: 	at java.io.FileInputStream.open(Native Method)
06-28 11:25:46.657  1491  1491 W System.err: 	at java.io.FileInputStream.<init>(FileInputStream.java:146)
06-28 11:25:46.657  1491  1491 W System.err: 	at java.io.FileReader.<init>(FileReader.java:72)
06-28 11:25:46.657  1491  1491 W System.err: 	at com.android.internal.alsa.AlsaCardsParser.scan(AlsaCardsParser.java:115)
06-28 11:25:46.657  1491  1491 W System.err: 	at com.android.server.usb.UsbAlsaManager.<init>(UsbAlsaManager.java:135)
06-28 11:25:46.658  1491  1491 W System.err: 	at com.android.server.usb.UsbService.<init>(UsbService.java:109)
06-28 11:25:46.658  1491  1491 W System.err: 	at com.android.server.usb.UsbService$Lifecycle.onStart(UsbService.java:65)
06-28 11:25:46.658  1491  1491 W System.err: 	at com.android.server.SystemServiceManager.startService(SystemServiceManager.java:113)
06-28 11:25:46.658  1491  1491 W System.err: 	at com.android.server.SystemServiceManager.startService(SystemServiceManager.java:67)
06-28 11:25:46.658  1491  1491 W System.err: 	at com.android.server.SystemServer.startOtherServices(SystemServer.java:993)
06-28 11:25:46.658  1491  1491 W System.err: 	at com.android.server.SystemServer.run(SystemServer.java:340)
06-28 11:25:46.659  1491  1491 W System.err: 	at com.android.server.SystemServer.main(SystemServer.java:222)
06-28 11:25:46.659  1491  1491 W System.err: 	at java.lang.reflect.Method.invoke(Native Method)
06-28 11:25:46.659  1491  1491 W System.err: 	at com.android.internal.os.ZygoteInit$MethodAndArgsCaller.run(ZygoteInit.java:889)
06-28 11:25:46.659  1491  1491 W System.err: 	at com.android.internal.os.ZygoteInit.main(ZygoteInit.java:779)
06-28 11:25:46.671  1491  1491 I SystemServer: StartSerialService
06-28 11:25:46.676  1491  1491 E HardwarePropertiesManagerService-JNI: Couldn't load thermal module (No such file or directory)
06-28 11:25:46.678  1491  1491 I SystemServiceManager: Starting com.android.server.twilight.TwilightService
06-28 11:25:46.680  1491  1491 I SystemServiceManager: Starting com.android.server.job.JobSchedulerService
06-28 11:25:46.689  1491  1491 D JobStore: Start tag: job-info
06-28 11:25:46.715  1491  1491 I SystemServiceManager: Starting com.android.server.soundtrigger.SoundTriggerService
06-28 11:25:46.722  1491  1491 I SystemServiceManager: Starting com.android.server.backup.BackupManagerService$Lifecycle
06-28 11:25:46.730  1491  1491 I SystemServiceManager: Starting com.android.server.appwidget.AppWidgetService
06-28 11:25:46.751  1491  1491 I SystemServiceManager: Starting com.android.server.voiceinteraction.VoiceInteractionManagerService
06-28 11:25:46.758  1491  1491 I SystemServer: Gesture Launcher Service
06-28 11:25:46.758  1491  1491 I SystemServiceManager: Starting com.android.server.GestureLauncherService
06-28 11:25:46.760  1491  1491 I SystemServiceManager: Starting com.android.server.SensorNotificationService
06-28 11:25:46.761  1491  1491 I SystemServiceManager: Starting com.android.server.ContextHubSystemService
06-28 11:25:46.764  1491  1491 E ContextHubService: ** Could not load context_hub module : err No such file or directory
06-28 11:25:46.764  1491  1491 W ContextHubService: No Context Hub Module present
06-28 11:25:46.765  1491  1491 I SystemServer: StartDiskStatsService
06-28 11:25:46.771  1491  1491 I SystemServer: StartSamplingProfilerService
06-28 11:25:46.786  1491  1491 I SystemServer: StartNetworkTimeUpdateService
06-28 11:25:46.789  1491  1491 I SystemServer: StartCommonTimeManagementService
06-28 11:25:46.794  1491  1491 I SystemServer: CertBlacklister
06-28 11:25:46.798  1491  1491 I SystemServiceManager: Starting com.android.server.emergency.EmergencyAffordanceService
06-28 11:25:46.805  1491  1491 I SystemServiceManager: Starting com.android.server.dreams.DreamManagerService
06-28 11:25:46.811  1491  1491 I SystemServer: StartAssetAtlasService
06-28 11:25:46.837  1491  1491 I SystemServiceManager: Starting com.android.server.print.PrintManagerService
06-28 11:25:46.850  1491  1707 D AssetAtlas: Loaded configuration: SliceMinArea (576x576) flags=0x2 count=91
06-28 11:25:46.855    69    95 D gralloc_goldfish: gralloc_alloc: format 1 and usage 0x100 imply creation of host color buffer
06-28 11:25:46.861  1491  1707 D         : HostConnection::get() New Host Connection established 0xa96faeb0, tid 1707
06-28 11:25:46.865  1491  1491 I SystemServiceManager: Starting com.android.server.restrictions.RestrictionsManagerService
06-28 11:25:46.869  1491  1491 I SystemServiceManager: Starting com.android.server.media.MediaSessionService
06-28 11:25:46.879  1491  1491 I SystemServer: StartMediaRouterService
06-28 11:25:46.892  1491  1491 I SystemServiceManager: Starting com.android.server.trust.TrustManagerService
06-28 11:25:46.899  1491  1491 I SystemServer: StartBackgroundDexOptService
06-28 11:25:46.915  1491  1491 I SystemServiceManager: Starting com.android.server.pm.ShortcutService$Lifecycle
06-28 11:25:46.938  1491  1491 I SystemServiceManager: Starting com.android.server.pm.LauncherAppsService
06-28 11:25:46.953  1491  1491 I SystemServiceManager: Starting com.android.server.media.projection.MediaProjectionManagerService
06-28 11:25:46.982  1491  1491 V MediaRouter: Adding route: RouteInfo{ name=Phone, description=null, status=null, category=RouteCategory{ name=null types=ROUTE_TYPE_LIVE_AUDIO ROUTE_TYPE_LIVE_VIDEO  groupable=false }, supportedTypes=ROUTE_TYPE_LIVE_AUDIO ROUTE_TYPE_LIVE_VIDEO , presentationDisplay=null }
06-28 11:25:46.991  1491  1491 V MediaRouter: Updating audio routes: AudioRoutesInfo{ type=SPEAKER }
06-28 11:25:46.998  1491  1491 V MediaRouter: Selecting route: RouteInfo{ name=Phone, description=null, status=null, category=RouteCategory{ name=null types=ROUTE_TYPE_LIVE_AUDIO ROUTE_TYPE_LIVE_VIDEO  groupable=false }, supportedTypes=ROUTE_TYPE_LIVE_AUDIO ROUTE_TYPE_LIVE_VIDEO , presentationDisplay=null }
06-28 11:25:47.005  1491  1491 I WindowManager: SAFE MODE not enabled
06-28 11:25:47.024  1491  1491 I SystemServiceManager: Starting com.android.server.MmsServiceBroker
06-28 11:25:47.149  1491  1707 D AssetAtlas: Rendered atlas in 232.76ms (105.20+127.56ms)
06-28 11:25:47.261  1491  1491 E LockSettingsStorage: Cannot read file java.io.FileNotFoundException: /data/system/gatekeeper.password.key: open failed: ENOENT (No such file or directory)
06-28 11:25:47.263  1491  1491 E LockSettingsStorage: Cannot read file java.io.FileNotFoundException: /data/system/password.key: open failed: ENOENT (No such file or directory)
06-28 11:25:47.265  1491  1491 E LockSettingsStorage: Cannot read file java.io.FileNotFoundException: /data/system/gatekeeper.pattern.key: open failed: ENOENT (No such file or directory)
06-28 11:25:47.267  1491  1491 E LockSettingsStorage: Cannot read file java.io.FileNotFoundException: /data/system/gatekeeper.gesture.key: open failed: ENOENT (No such file or directory)
06-28 11:25:47.268  1491  1491 E LockSettingsStorage: Cannot read file java.io.FileNotFoundException: /data/system/gesture.key: open failed: ENOENT (No such file or directory)
06-28 11:25:47.269  1491  1491 I SystemServiceManager: Starting phase 480
06-28 11:25:47.280  1491  1491 W DevicePolicyManagerService: Trying to set ro.device_owner, but it has already been set?
06-28 11:25:47.291  1491  1491 I SystemServiceManager: Starting phase 500
06-28 11:25:47.308  1491  1491 D ConnectivityMetricsLoggerService: onBootPhase: PHASE_SYSTEM_SERVICES_READY
06-28 11:25:47.344  1491  1491 I WifiService: WifiService starting up with Wi-Fi enabled
06-28 11:25:47.366  1491  1491 D WifiService: setWifiEnabled: true pid=1491, uid=1000
06-28 11:25:47.370  1491  1690 D WifiController: WifiController msg { when=-1ms what=155656 target=com.android.internal.util.StateMachine$SmHandler } deferred for 498ms
06-28 11:25:47.371  1491  1491 I WifiScanningService: Starting wifiscanner
06-28 11:25:47.405  1491  1491 I RttService: Registering rttmanager
06-28 11:25:47.447  1491  1491 D ZenLog  : config: cleanUpZenRules,ZenModeConfig[user=0,allowCalls=true,allowRepeatCallers=false,allowMessages=false,allowCallsFrom=contacts,allowMessagesFrom=contacts,allowReminders=true,allowEvents=true,allowWhenScreenOff=true,allowWhenScreenOn=true,automaticRules={b8527d8e9dd448fd915d607966a823b6=ZenRule[enabled=false,snoozing=false,name=Weeknight,zenMode=ZEN_MODE_ALARMS,conditionId=condition://android/schedule?days=1.2.3.4.5&start=22.0&end=7.0&exitAtAlarm=false,condition=Condition[id=condition://android/schedule?days=1.2.3.4.5&start=22.0&end=7.0&exitAtAlarm=false,summary=...,line1=...,line2=...,icon=0,state=STATE_FALSE,flags=2],component=ComponentInfo{android/com.android.server.notification.ScheduleConditionProvider},id=b8527d8e9dd448fd915d607966a823b6,creationTime=1586537817460,enabler=null], 826891134a454e38b19efd80576d0f41=ZenRule[enabled=false,snoozing=false,name=Weekend,zenMode=ZEN_MODE_ALARMS,conditionId=condition://android/schedule?days=6.7&start=23.30&end=10.0&exitAtAlarm=false,condition=Condition[id=condition://android/schedule?days=6.7&start=23.30&end=10.0&exitAtAlarm=false,summary=...,line1=...,line2=...,icon=0,state=STATE_FALSE,flags=2],component=ComponentInfo{android/com.android.server.notification.ScheduleConditionProvider},id=826891134a454e38b19efd80576d0f41,creationTime=1586537817461,enabler=null], aff2632651374c009592ba48645ede63=ZenRule[enabled=false,snoozing=false,name=Event,zenMode=ZEN_MODE_ALARMS,conditionId=condition://android/event?userId=-10000&calendar=&reply=1,condition=Condition[id=condition://android/event?userId=-10000&calendar=&reply=1,summary=...,line1=...,line2=...,icon=0,state=STATE_FALSE,flags=2],component=ComponentInfo{android/com.android.server.notification.EventConditionProvider},id=aff2632651374c009592ba48645ede63,creationTime=1586537817462,enabler=null]},manualRule=null],Diff[]
06-28 11:25:47.447  1491  1491 D ZenLog  : set_zen_mode: off,onSystemReady
06-28 11:25:47.457  1408  1704 D PermissionCache: checking android.permission.CAPTURE_AUDIO_HOTWORD for uid=1000 => granted (691 us)
06-28 11:25:47.459  1491  1491 W SoundTriggerHelper: listModules status=0, # of modules=0
06-28 11:25:47.459  1491  1491 D ContextHubSystemService: onBootPhase: PHASE_SYSTEM_SERVICES_READY
06-28 11:25:47.476  1491  1501 I art     : Background sticky concurrent mark sweep GC freed 11186(912KB) AllocSpace objects, 6(120KB) LOS objects, 2% free, 6MB/6MB, paused 5.936ms total 568.543ms
06-28 11:25:47.693  1491  1519 W KeyguardServiceDelegate: onScreenTurningOn(): no keyguard service!
06-28 11:25:47.704  1491  1491 V UserManagerService: Found /data/user_de/0 with serial number 0
06-28 11:25:47.705  1491  1491 V UserManagerService: Found /data/user/0 with serial number 0
06-28 11:25:47.705  1491  1491 V UserManagerService: Found /data/system_de/0 with serial number 0
06-28 11:25:47.706  1491  1491 V UserManagerService: Found /data/system_ce/0 with serial number 0
06-28 11:25:47.807    69   171 D gralloc_goldfish: gralloc_alloc: format 1 and usage 0x933 imply creation of host color buffer
06-28 11:25:47.815  1491  1508 D         : HostConnection::get() New Host Connection established 0xa96f8de0, tid 1508
06-28 11:25:47.843  1491  1501 I art     : Background partial concurrent mark sweep GC freed 2409(178KB) AllocSpace objects, 1(1300KB) LOS objects, 33% free, 4MB/6MB, paused 6.031ms total 362.439ms
06-28 11:25:47.875  1491  1690 D WifiController: DEFERRED_TOGGLE handled
06-28 11:25:47.885  1411  1686 E SoftapController: Softap fwReload - NULL path for STA
06-28 11:25:47.914  1411  1686 W CommandListener: Failed to retrieve HW addr for wlan0 (No such device)
06-28 11:25:47.951  1411  1686 D CommandListener: Setting iface cfg
06-28 11:25:47.964  1491  1691 E WifiStateMachine: Unable to change interface settings: java.lang.IllegalStateException: command '5 interface setcfg wlan0 0.0.0.0 0 down' failed with '400 5 Failed to clear address (No such device)'
06-28 11:25:47.965  1491  1691 E WifiMonitor: killSupplicant p2pfalse init.svc.wpa_supplicant=unknown init.svc.p2p_supplicant=unknown
06-28 11:25:48.034  1491  1491 I ActivityManager: System now ready
06-28 11:25:48.058  1491  1491 I SystemServer: Making services ready
06-28 11:25:48.058  1491  1491 I SystemServiceManager: Starting phase 550
06-28 11:25:48.161  1491  1491 E InputMethodManagerService: Ignoring updateSystemUiLocked due to an invalid token. uid:1000 token:null
06-28 11:25:48.360  1491  1491 I Zygote  : Process: zygote socket opened, supported ABIS: armeabi-v7a,armeabi
06-28 11:25:48.390  1491  1491 W ActivityManager: Slow operation: 58ms so far, now at startProcess: returned from zygote!
06-28 11:25:48.391  1491  1491 W ActivityManager: Slow operation: 59ms so far, now at startProcess: done updating battery stats
06-28 11:25:48.393  1491  1491 W ActivityManager: Slow operation: 61ms so far, now at startProcess: building log message
06-28 11:25:48.394  1491  1491 I ActivityManager: Start proc 1712:com.android.inputmethod.latin/u0a43 for service com.android.inputmethod.latin/.LatinIME
06-28 11:25:48.394  1491  1491 W ActivityManager: Slow operation: 62ms so far, now at startProcess: starting to update pids map
06-28 11:25:48.394  1491  1491 W ActivityManager: Slow operation: 62ms so far, now at startProcess: done updating pids map
06-28 11:25:48.395  1491  1491 W ActivityManager: Slow operation: 63ms so far, now at startProcess: done starting proc!
06-28 11:25:48.396  1491  1491 V InputMethodManagerService: Adding window token: android.os.Binder@35194ca
06-28 11:25:48.397  1491  1562 D MountService: Thinking about init, mSystemReady=true, mDaemonConnected=true
06-28 11:25:48.398  1491  1562 D MountService: Setting up emulation state, initlocked=false
06-28 11:25:48.398  1491  1562 D CryptdConnector: SND -> {2 cryptfs unlock_user_key 0 0 ! !}
06-28 11:25:48.410  1491  1491 E BitmapFactory: Unable to decode stream: java.io.FileNotFoundException: /data/system/users/0/wallpaper_orig (No such file or directory)
06-28 11:25:48.410  1491  1491 E WallpaperManagerService: Invalid wallpaper data
06-28 11:25:48.410  1491  1491 E WallpaperManagerService: Unable to apply new wallpaper
06-28 11:25:48.430    57    62 D vold    : e4crypt_unlock_user_key 0 serial=0 token_present=0
06-28 11:25:48.464  1491  1564 D CryptdConnector: RCV <- {200 2 Command succeeded}
06-28 11:25:48.466  1491  1562 D MountService: Thinking about reset, mSystemReady=true, mDaemonConnected=true
06-28 11:25:48.468  1491  1562 D VoldConnector: SND -> {3 volume reset}
06-28 11:25:48.472  1491  1563 D VoldConnector: RCV <- {651 emulated 5}
06-28 11:25:48.551  1712  1712 W art     : Unknown instruction set features for ARM CPU variant (generic) using conservative defaults
06-28 11:25:48.559  1717  1717 W art     : Unknown instruction set features for ARM CPU variant (generic) using conservative defaults
06-28 11:25:48.574  1491  1491 W ActivityManager: Slow operation: 136ms so far, now at startProcess: returned from zygote!
06-28 11:25:48.575  1491  1491 W ActivityManager: Slow operation: 136ms so far, now at startProcess: done updating battery stats
06-28 11:25:48.575  1491  1491 W ActivityManager: Slow operation: 137ms so far, now at startProcess: building log message
06-28 11:25:48.575  1491  1491 I ActivityManager: Start proc 1717:com.android.systemui/u0a24 for service com.android.systemui/.ImageWallpaper
06-28 11:25:48.575  1491  1491 W ActivityManager: Slow operation: 137ms so far, now at startProcess: starting to update pids map
06-28 11:25:48.576  1491  1491 W ActivityManager: Slow operation: 137ms so far, now at startProcess: done updating pids map
06-28 11:25:48.576  1491  1491 W ActivityManager: Slow operation: 139ms so far, now at startProcess: done starting proc!
06-28 11:25:48.583  1491  1507 I ActivityManager: Force stopping com.android.providers.media appid=10010 user=-1: vold reset
06-28 11:25:48.595  1491  1491 I SystemServer: WebViewFactory preparation
06-28 11:25:48.615  1491  1702 E BluetoothAdapter: Bluetooth binder is null
06-28 11:25:48.621  1491  1702 E BluetoothAdapter: Bluetooth binder is null
06-28 11:25:48.680  1408  1450 I AudioFlinger: systemReady
06-28 11:25:48.695  1491  1508 W WindowManager: Keyguard drawn timeout. Setting mKeyguardDrawComplete
06-28 11:25:48.736  1491  1491 D WebViewFactory: Setting new address space to 104857600
06-28 11:25:48.876  1491  1491 W ActivityManager: Slow operation: 127ms so far, now at startProcess: returned from zygote!
06-28 11:25:48.876  1491  1491 W ActivityManager: Slow operation: 128ms so far, now at startProcess: done updating battery stats
06-28 11:25:48.876  1491  1491 W ActivityManager: Slow operation: 128ms so far, now at startProcess: building log message
06-28 11:25:48.877  1491  1491 I ActivityManager: Start proc 1737:WebViewLoader-armeabi-v7a/1037 [android.webkit.WebViewFactory$RelroFileCreator] for 
06-28 11:25:48.877  1491  1491 W ActivityManager: Slow operation: 128ms so far, now at startProcess: starting to update pids map
06-28 11:25:48.877  1491  1491 W ActivityManager: Slow operation: 128ms so far, now at startProcess: done updating pids map
06-28 11:25:48.877  1491  1491 W ActivityManager: Slow operation: 130ms so far, now at startProcess: done starting proc!
06-28 11:25:48.883  1491  1508 W art     : Long monitor contention with owner main (1491) at int com.android.server.am.ActivityManagerService.startIsolatedProcess(java.lang.String, java.lang.String[], java.lang.String, java.lang.String, int, java.lang.Runnable)(ActivityManagerService.java:3517) waiters=0 in void com.android.server.am.ActivityManagerService.dispatchUidsChanged() for 134ms
06-28 11:25:48.920  1491  1491 D NetworkManagement: enabling bandwidth control
06-28 11:25:48.992  1737  1737 W art     : Unknown instruction set features for ARM CPU variant (generic) using conservative defaults
06-28 11:25:49.158  1737  1737 V WebViewFactory: RelroFileCreator (64bit = false),  32-bit lib: /system/app/webview/webview.apk!/lib/armeabi-v7a/libwebviewchromium.so, 64-bit lib: 
06-28 11:25:49.204  1491  1503 W ActivityManager: Slow operation: 66ms so far, now at attachApplicationLocked: after mServices.attachApplicationLocked
06-28 11:25:49.367  1491  1754 E WVMExtractor: Failed to open libwvm.so: dlopen failed: library "libwvm.so" not found
06-28 11:25:49.732  1717  1717 W System  : ClassLoader referenced unknown path: /system/priv-app/SystemUI/lib/arm
06-28 11:25:49.759  1410  1410 I MediaPlayerService: MediaPlayerService::getOMX
06-28 11:25:49.897  1410  1410 I OMXClient: MuxOMX ctor
06-28 11:25:49.905  1737  1737 I art     : System.exit called, status: 0
06-28 11:25:49.905  1737  1737 I AndroidRuntime: VM exiting with result code 0, cleanup skipped.
06-28 11:25:49.993  1410  1410 I MediaPlayerService: MediaPlayerService::getOMX
06-28 11:25:50.002  1410  1410 I OMXClient: MuxOMX ctor
06-28 11:25:50.022    81   563 I OMXMaster: makeComponentInstance(OMX.google.mp3.decoder) in mediacodec process
06-28 11:25:50.207    69    97 D gralloc_goldfish: gralloc_alloc: format 1 and usage 0x933 imply creation of host color buffer
06-28 11:25:50.375  1717  1717 V SystemUIService: Starting SystemUI services for user 0.
06-28 11:25:50.386   434   473 E sdcard  : [0] someone stole our marbles!
06-28 11:25:50.455  1491  1563 D VoldConnector: RCV <- {651 emulated 0}
06-28 11:25:50.457  1491  1563 D VoldConnector: RCV <- {651 emulated 8}
06-28 11:25:50.458  1491  1563 D VoldConnector: RCV <- {659 emulated}
06-28 11:25:50.459  1491  1563 D VoldConnector: RCV <- {650 emulated 2 "" ""}
06-28 11:25:50.460  1491  1563 D VoldConnector: RCV <- {651 emulated 0}
06-28 11:25:50.461  1491  1563 D VoldConnector: RCV <- {200 3 Command succeeded}
06-28 11:25:50.488  1491  1514 V MountService: Found primary storage at VolumeInfo{emulated}:
06-28 11:25:50.488  1491  1514 V MountService:     type=EMULATED diskId=null partGuid=null mountFlags=0 mountUserId=-1 
06-28 11:25:50.488  1491  1514 V MountService:     state=UNMOUNTED 
06-28 11:25:50.488  1491  1514 V MountService:     fsType=null fsUuid=null fsLabel=null 
06-28 11:25:50.488  1491  1514 V MountService:     path=null internalPath=null 
06-28 11:25:50.494  1491  1562 E VoldConnector: NDC Command {3 volume reset} took too long (2026ms)
06-28 11:25:50.495  1491  1562 D VoldConnector: SND -> {4 volume user_added 0 0}
06-28 11:25:50.502  1491  1563 D VoldConnector: RCV <- {200 4 Command succeeded}
06-28 11:25:50.508  1491  1562 D VoldConnector: SND -> {5 volume mount emulated 3 -1}
06-28 11:25:50.513  1491  1563 D VoldConnector: RCV <- {651 emulated 1}
06-28 11:25:50.517  1491  1563 D VoldConnector: RCV <- {656 emulated /data/media}
06-28 11:25:50.518  1491  1563 D VoldConnector: RCV <- {655 emulated /storage/emulated}
06-28 11:25:50.537    57    61 V vold    : Waiting for FUSE to spin up...
06-28 11:25:50.589    57    61 V vold    : Waiting for FUSE to spin up...
06-28 11:25:50.610  1712  1712 I LatinIME: Hardware accelerated drawing: true
06-28 11:25:50.639    57    61 V vold    : Waiting for FUSE to spin up...
06-28 11:25:50.690    57    61 V vold    : Waiting for FUSE to spin up...
06-28 11:25:50.733  1717  1717 V MediaRouter: Adding route: RouteInfo{ name=Phone, description=null, status=null, category=RouteCategory{ name=null types=ROUTE_TYPE_LIVE_AUDIO ROUTE_TYPE_LIVE_VIDEO  groupable=false }, supportedTypes=ROUTE_TYPE_LIVE_AUDIO ROUTE_TYPE_LIVE_VIDEO , presentationDisplay=null }
06-28 11:25:50.741    57    61 V vold    : Waiting for FUSE to spin up...
06-28 11:25:50.747  1717  1717 V MediaRouter: Updating audio routes: AudioRoutesInfo{ type=SPEAKER }
06-28 11:25:50.796    57    61 V vold    : Waiting for FUSE to spin up...
06-28 11:25:50.805  1717  1717 V MediaRouter: Selecting route: RouteInfo{ name=Phone, description=null, status=null, category=RouteCategory{ name=null types=ROUTE_TYPE_LIVE_AUDIO ROUTE_TYPE_LIVE_VIDEO  groupable=false }, supportedTypes=ROUTE_TYPE_LIVE_AUDIO ROUTE_TYPE_LIVE_VIDEO , presentationDisplay=null }
06-28 11:25:50.846    57    61 V vold    : Waiting for FUSE to spin up...
06-28 11:25:50.897    57    61 V vold    : Waiting for FUSE to spin up...
06-28 11:25:50.948    57    61 V vold    : Waiting for FUSE to spin up...
06-28 11:25:50.999    57    61 V vold    : Waiting for FUSE to spin up...
06-28 11:25:51.047  1717  1717 V FingerprintManager: FingerprintManagerService was null
06-28 11:25:51.051    57    61 V vold    : Waiting for FUSE to spin up...
06-28 11:25:51.071  1717  1717 W FingerprintManager: isFingerprintHardwareDetected(): Service not connected!
06-28 11:25:51.101  1717  1717 W FingerprintManager: addLockoutResetCallback(): Service not connected!
06-28 11:25:51.102    57    61 V vold    : Waiting for FUSE to spin up...
06-28 11:25:51.153    57    61 V vold    : Waiting for FUSE to spin up...
06-28 11:25:51.204    57    61 V vold    : Waiting for FUSE to spin up...
06-28 11:25:51.242  1410  1410 I MediaPlayerService: MediaPlayerService::getOMX
06-28 11:25:51.253  1410  1410 I OMXClient: MuxOMX ctor
06-28 11:25:51.254    81    81 I OMXMaster: makeComponentInstance(OMX.google.amrnb.decoder) in mediacodec process
06-28 11:25:51.262    57    61 V vold    : Waiting for FUSE to spin up...
06-28 11:25:51.299  1410  1410 I MediaPlayerService: MediaPlayerService::getOMX
06-28 11:25:51.300  1410  1410 I OMXClient: MuxOMX ctor
06-28 11:25:51.300    81   112 I OMXMaster: makeComponentInstance(OMX.google.amrwb.decoder) in mediacodec process
06-28 11:25:51.313    57    61 V vold    : Waiting for FUSE to spin up...
06-28 11:25:51.364    57    61 V vold    : Waiting for FUSE to spin up...
06-28 11:25:51.377  1717  1780 E WVMExtractor: Failed to open libwvm.so: dlopen failed: library "libwvm.so" not found
06-28 11:25:51.404  1771  1771 W sdcard  : Device explicitly disabled sdcardfs
06-28 11:25:51.415    57    61 V vold    : Waiting for FUSE to spin up...
06-28 11:25:51.415  1410  1410 I MediaPlayerService: MediaPlayerService::getOMX
06-28 11:25:51.416  1410  1410 I OMXClient: MuxOMX ctor
06-28 11:25:51.417    81   592 I OMXMaster: makeComponentInstance(OMX.google.aac.decoder) in mediacodec process
06-28 11:25:51.466    57    61 V vold    : Waiting for FUSE to spin up...
06-28 11:25:51.499  1410  1410 I MediaPlayerService: MediaPlayerService::getOMX
06-28 11:25:51.501  1410  1410 I OMXClient: MuxOMX ctor
06-28 11:25:51.501    81   563 I OMXMaster: makeComponentInstance(OMX.google.g711.alaw.decoder) in mediacodec process
06-28 11:25:51.518    57    61 V vold    : Waiting for FUSE to spin up...
06-28 11:25:51.626  1491  1563 D VoldConnector: RCV <- {651 emulated 2}
06-28 11:25:51.627  1491  1563 D VoldConnector: RCV <- {200 5 Command succeeded}
06-28 11:25:51.630  1491  1562 E VoldConnector: NDC Command {5 volume mount emulated 3 -1} took too long (1122ms)
06-28 11:25:52.148  1712  1712 W InputAttributes: No editor info for this field. Bug?
06-28 11:25:52.209  1410  1410 I MediaPlayerService: MediaPlayerService::getOMX
06-28 11:25:52.211  1410  1410 I OMXClient: MuxOMX ctor
06-28 11:25:52.211    81   592 I OMXMaster: makeComponentInstance(OMX.google.g711.mlaw.decoder) in mediacodec process
06-28 11:25:52.483  1712  1797 I LatinIME:LogUtils: Dictionary info: dictionary = userunigram.en_US ; version = 1593357952 ; date = ?
06-28 11:25:52.488  1712  1797 E ActivityThread: Failed to find provider info for user_dictionary
06-28 11:25:52.556  1712  1797 I LatinIME:LogUtils: Dictionary info: dictionary = UserHistoryDictionary.en_US ; version = 1589393023 ; date = 1589699201
06-28 11:25:52.745  1491  1761 I ActivityManager: user 0 is still locked. Cannot load recents
06-28 11:25:52.759  1491  1501 I art     : Background sticky concurrent mark sweep GC freed 28102(1450KB) AllocSpace objects, 7(152KB) LOS objects, 29% free, 4MB/6MB, paused 2.068ms total 212.767ms
06-28 11:25:52.823  1410  1410 I MediaPlayerService: MediaPlayerService::getOMX
06-28 11:25:52.824  1410  1410 I OMXClient: MuxOMX ctor
06-28 11:25:52.825    81   485 I OMXMaster: makeComponentInstance(OMX.google.vorbis.decoder) in mediacodec process
06-28 11:25:52.923  1717  1717 I vol.Events: writeEvent collection_started
06-28 11:25:52.957  1717  1801 I vol.Events: writeEvent external_ringer_mode_changed normal
06-28 11:25:52.958  1717  1801 I vol.Events: writeEvent internal_ringer_mode_changed normal
06-28 11:25:53.033  1491  1691 E WifiHW  : Failed to stop supplicant
06-28 11:25:53.036  1491  1691 E wifi    : Can not initialize the vendor function pointer table
06-28 11:25:53.036  1491  1691 E WifiNative-HAL: Could not start hal
06-28 11:25:53.037  1491  1691 E WifiStateMachine: Failed to start HAL
06-28 11:25:53.037  1491  1691 E WifiHW  : Cannot open "/system/etc/wifi/wpa_supplicant.conf": No such file or directory
06-28 11:25:53.037  1491  1691 E WifiHW  : Wi-Fi will not be enabled
06-28 11:25:53.037  1491  1691 E WifiStateMachine: Failed to start supplicant!
06-28 11:25:53.277  1410  1410 I MediaPlayerService: MediaPlayerService::getOMX
06-28 11:25:53.278  1410  1410 I OMXClient: MuxOMX ctor
06-28 11:25:53.279    81   112 I OMXMaster: makeComponentInstance(OMX.google.opus.decoder) in mediacodec process
06-28 11:25:53.544  1491  1491 E NetdConnector: NDC Command {6 bandwidth enable} took too long (4623ms)
06-28 11:25:53.720  1410  1410 I MediaPlayerService: MediaPlayerService::getOMX
06-28 11:25:53.721  1410  1410 I OMXClient: MuxOMX ctor
06-28 11:25:53.722    81   592 I OMXMaster: makeComponentInstance(OMX.google.raw.decoder) in mediacodec process
06-28 11:25:53.735  1410  1410 I MediaPlayerService: MediaPlayerService::getOMX
06-28 11:25:53.736  1410  1410 I OMXClient: MuxOMX ctor
06-28 11:25:53.737    81   563 I OMXMaster: makeComponentInstance(OMX.google.aac.encoder) in mediacodec process
06-28 11:25:53.768  1410  1410 I MediaPlayerService: MediaPlayerService::getOMX
06-28 11:25:53.769  1410  1410 I OMXClient: MuxOMX ctor
06-28 11:25:53.769    81   485 I OMXMaster: makeComponentInstance(OMX.google.amrnb.encoder) in mediacodec process
06-28 11:25:53.804  1410  1410 I MediaPlayerService: MediaPlayerService::getOMX
06-28 11:25:53.805  1410  1410 I OMXClient: MuxOMX ctor
06-28 11:25:53.806    81   112 I OMXMaster: makeComponentInstance(OMX.google.amrwb.encoder) in mediacodec process
06-28 11:25:53.829  1410  1410 I MediaPlayerService: MediaPlayerService::getOMX
06-28 11:25:53.830  1410  1410 I OMXClient: MuxOMX ctor
06-28 11:25:53.831    81   592 I OMXMaster: makeComponentInstance(OMX.google.flac.encoder) in mediacodec process
06-28 11:25:54.320  1410  1410 I MediaPlayerService: MediaPlayerService::getOMX
06-28 11:25:54.321  1410  1410 I OMXClient: MuxOMX ctor
06-28 11:25:54.321    81    81 I OMXMaster: makeComponentInstance(OMX.google.gsm.decoder) in mediacodec process
06-28 11:25:54.540  1717  1801 I vol.Events: writeEvent level_changed STREAM_ALARM 6
06-28 11:25:54.556  1717  1801 I vol.Events: writeEvent level_changed STREAM_BLUETOOTH_SCO 7
06-28 11:25:54.596  1717  1801 I vol.Events: writeEvent level_changed STREAM_MUSIC 11
06-28 11:25:54.638  1717  1801 I vol.Events: writeEvent level_changed STREAM_RING 5
06-28 11:25:54.652  1717  1801 I vol.Events: writeEvent level_changed STREAM_SYSTEM 5
06-28 11:25:54.675  1717  1801 I vol.Events: writeEvent level_changed STREAM_VOICE_CALL 4
06-28 11:25:54.809  1410  1410 I MediaPlayerService: MediaPlayerService::getOMX
06-28 11:25:54.810  1410  1410 I OMXClient: MuxOMX ctor
06-28 11:25:54.810    81   112 I OMXMaster: makeComponentInstance(OMX.google.mpeg4.decoder) in mediacodec process
06-28 11:25:54.817    69   171 E SurfaceFlinger: ro.sf.lcd_density must be defined as a build property
06-28 11:25:54.878  1717  1717 D         : HostConnection::get() New Host Connection established 0xa96f91d0, tid 1717
06-28 11:25:54.880  1717  1717 W         : Process pipe failed
06-28 11:25:55.046  1717  1717 D StorageNotification: Notifying about private volume: VolumeInfo{private}:
06-28 11:25:55.046  1717  1717 D StorageNotification:     type=PRIVATE diskId=null partGuid=null mountFlags=0 mountUserId=-1 
06-28 11:25:55.046  1717  1717 D StorageNotification:     state=MOUNTED 
06-28 11:25:55.046  1717  1717 D StorageNotification:     fsType=null fsUuid=null fsLabel=null 
06-28 11:25:55.046  1717  1717 D StorageNotification:     path=/data internalPath=null 
06-28 11:25:55.344    81   485 E OMXNodeInstance: getExtensionIndex(510033:google.mpeg4.decoder, OMX.google.android.index.configureVideoTunnelMode) ERROR: UnsupportedIndex(0x8000101a)
06-28 11:25:55.345    81   112 W OMXNodeInstance: [510033:google.mpeg4.decoder] component does not support metadata mode; using fallback
06-28 11:25:55.375  1410  1410 I MediaPlayerService: MediaPlayerService::getOMX
06-28 11:25:55.383  1410  1410 I OMXClient: MuxOMX ctor
06-28 11:25:55.383    81   112 I OMXMaster: makeComponentInstance(OMX.google.h263.decoder) in mediacodec process
06-28 11:25:55.509  1717  1717 I Choreographer: Skipped 36 frames!  The application may be doing too much work on its main thread.
06-28 11:25:55.824  1491  1503 I StatusBarManagerService: registerStatusBar bar=com.android.internal.statusbar.IStatusBar$Stub$Proxy@21acb7
06-28 11:25:55.941    81   563 E OMXNodeInstance: getExtensionIndex(510034:google.h263.decoder, OMX.google.android.index.configureVideoTunnelMode) ERROR: UnsupportedIndex(0x8000101a)
06-28 11:25:55.952    81   485 W OMXNodeInstance: [510034:google.h263.decoder] component does not support metadata mode; using fallback
06-28 11:25:55.958  1410  1410 I MediaPlayerService: MediaPlayerService::getOMX
06-28 11:25:55.959  1410  1410 I OMXClient: MuxOMX ctor
06-28 11:25:55.959    81   485 I OMXMaster: makeComponentInstance(OMX.google.h264.decoder) in mediacodec process
06-28 11:25:55.994  1491  1491 E NetdConnector: NDC Command {7 strict enable} took too long (2441ms)
06-28 11:25:55.996  1491  1491 W NetworkManagement: setDataSaverMode(): already false
06-28 11:25:56.440  1410  1410 W ACodec  : [OMX.google.h264.decoder] stopping checking profiles after 32: 2/8000
06-28 11:25:56.452    81   485 E OMXNodeInstance: getExtensionIndex(510035:google.h264.decoder, OMX.google.android.index.configureVideoTunnelMode) ERROR: UnsupportedIndex(0x8000101a)
06-28 11:25:56.453    81   592 W OMXNodeInstance: [510035:google.h264.decoder] component does not support metadata mode; using fallback
06-28 11:25:56.460  1410  1410 I MediaPlayerService: MediaPlayerService::getOMX
06-28 11:25:56.460  1410  1410 I OMXClient: MuxOMX ctor
06-28 11:25:56.461    81   485 I OMXMaster: makeComponentInstance(OMX.google.hevc.decoder) in mediacodec process
06-28 11:25:57.002    81    81 E OMXNodeInstance: getExtensionIndex(510036:google.hevc.decoder, OMX.google.android.index.configureVideoTunnelMode) ERROR: UnsupportedIndex(0x8000101a)
06-28 11:25:57.002    81   592 W OMXNodeInstance: [510036:google.hevc.decoder] component does not support metadata mode; using fallback
06-28 11:25:57.031  1410  1410 I MediaPlayerService: MediaPlayerService::getOMX
06-28 11:25:57.033  1410  1410 I OMXClient: MuxOMX ctor
06-28 11:25:57.033    81   592 I OMXMaster: makeComponentInstance(OMX.google.vp8.decoder) in mediacodec process
06-28 11:25:57.453    81   563 E OMXNodeInstance: getExtensionIndex(510037:google.vp8.decoder, OMX.google.android.index.configureVideoTunnelMode) ERROR: UnsupportedIndex(0x8000101a)
06-28 11:25:57.453    81    81 W OMXNodeInstance: [510037:google.vp8.decoder] component does not support metadata mode; using fallback
06-28 11:25:57.460  1410  1410 I MediaPlayerService: MediaPlayerService::getOMX
06-28 11:25:57.460  1410  1410 I OMXClient: MuxOMX ctor
06-28 11:25:57.461    81    81 I OMXMaster: makeComponentInstance(OMX.google.vp9.decoder) in mediacodec process
06-28 11:25:57.826    81   592 E OMXNodeInstance: getExtensionIndex(510038:google.vp9.decoder, OMX.google.android.index.configureVideoTunnelMode) ERROR: UnsupportedIndex(0x8000101a)
06-28 11:25:57.827    81   485 W OMXNodeInstance: [510038:google.vp9.decoder] component does not support metadata mode; using fallback
06-28 11:25:57.844  1410  1410 I MediaPlayerService: MediaPlayerService::getOMX
06-28 11:25:57.847  1410  1410 I OMXClient: MuxOMX ctor
06-28 11:25:57.848    81   592 I OMXMaster: makeComponentInstance(OMX.google.h263.encoder) in mediacodec process
06-28 11:25:58.174  1491  1491 E NetdConnector: NDC Command {10 bandwidth setglobalalert 2097152} took too long (2047ms)
06-28 11:25:58.203  1491  1491 D NetworkPolicy: setRestrictBackgroundUL(): false
06-28 11:25:58.208  1491  1491 W NetworkManagement: setDataSaverMode(): already false
06-28 11:25:58.291    81   592 I SoftMPEG4Encoder: Construct SoftMPEG4Encoder
06-28 11:25:58.307  1410  1410 W ACodec  : do not know color format 0x7f000789 = 2130708361
06-28 11:25:58.308    81    81 E OMXNodeInstance: getConfig(510039:google.h263.encoder, ConfigAndroidIntraRefresh(0x6f60000a)) ERROR: Undefined(0x80001001)
06-28 11:25:58.324  1410  1410 I MediaPlayerService: MediaPlayerService::getOMX
06-28 11:25:58.326  1410  1410 I OMXClient: MuxOMX ctor
06-28 11:25:58.326    81   592 I OMXMaster: makeComponentInstance(OMX.google.h264.encoder) in mediacodec process
06-28 11:25:58.483  1717  1717 W System  : ClassLoader referenced unknown path: 
06-28 11:25:58.489  1717  1717 D ApplicationLoaders: ignored Vulkan layer search path /system/app/Camera2/lib/arm:/system/app/Camera2/Camera2.apk!/lib/armeabi-v7a:/system/lib:/vendor/lib for namespace 0xabd20090
06-28 11:25:58.758  1410  1410 W ACodec  : do not know color format 0x7f000789 = 2130708361
06-28 11:25:58.775  1410  1410 I MediaPlayerService: MediaPlayerService::getOMX
06-28 11:25:58.776  1410  1410 I OMXClient: MuxOMX ctor
06-28 11:25:58.777    81   592 I OMXMaster: makeComponentInstance(OMX.google.mpeg4.encoder) in mediacodec process
06-28 11:25:59.209    81   592 I SoftMPEG4Encoder: Construct SoftMPEG4Encoder
06-28 11:25:59.215  1410  1410 W ACodec  : do not know color format 0x7f000789 = 2130708361
06-28 11:25:59.216    81   563 E OMXNodeInstance: getConfig(51003b:google.mpeg4.encoder, ConfigAndroidIntraRefresh(0x6f60000a)) ERROR: Undefined(0x80001001)
06-28 11:25:59.228  1410  1410 I MediaPlayerService: MediaPlayerService::getOMX
06-28 11:25:59.229  1410  1410 I OMXClient: MuxOMX ctor
06-28 11:25:59.229    81   563 I OMXMaster: makeComponentInstance(OMX.google.vp8.encoder) in mediacodec process
06-28 11:25:59.304  1491  1491 W art     : Long monitor contention with owner NetworkPolicy (1688) at boolean android.os.BinderProxy.transactNative(int, android.os.Parcel, android.os.Parcel, int)(Binder.java:-2) waiters=0 in void com.android.server.NetworkManagementService.setFirewallChainEnabled(int, boolean) for 982ms
06-28 11:25:59.310  1717  1717 E BluetoothAdapter: Bluetooth binder is null
06-28 11:25:59.409  1717  1717 I CameraManagerGlobal: Connecting to camera service
06-28 11:25:59.493  1409  1409 V EmulatedCamera_Camera: getCameraInfo
06-28 11:25:59.494  1409  1409 V EmulatedCamera_BaseCamera: getCameraInfo
06-28 11:25:59.495  1409  1409 I CameraService: getCameraCharacteristics: Switching to HAL1 shim implementation...
06-28 11:25:59.495  1409  1409 V EmulatedCamera_Camera: getCameraInfo
06-28 11:25:59.495  1409  1409 V EmulatedCamera_BaseCamera: getCameraInfo
06-28 11:25:59.497  1409  1409 I CameraService: CameraService::connect call (PID -1 "cameraserver", camera ID 0) for HAL version default and Camera API version 1
06-28 11:25:59.501  1409  1409 E CameraService: getCameraPriorityFromProcState: Received invalid process state -1 from ActivityManagerService!
06-28 11:25:59.516  1409  1409 V EmulatedCamera_Camera: getCameraInfo
06-28 11:25:59.516  1409  1409 V EmulatedCamera_BaseCamera: getCameraInfo
06-28 11:25:59.586  1410  1861 E WVMExtractor: Failed to open libwvm.so: dlopen failed: library "libwvm.so" not found
06-28 11:25:59.668  1410  1859 D NuPlayerDriver: notifyListener_l(0xb512ade0), (1, 0, 0), loop setting(0, 0)
06-28 11:25:59.737  1410  1862 D NuPlayerDriver: notifyListener_l(0xb512aea0), (1, 0, 0), loop setting(0, 0)
06-28 11:25:59.773  1410  1864 D NuPlayerDriver: notifyListener_l(0xb512aae0), (1, 0, 0), loop setting(0, 0)
06-28 11:25:59.790  1409  1409 I CameraFlashlight: Opening camera 0
06-28 11:25:59.790  1409  1409 V EmulatedCamera_Camera: getCameraInfo
06-28 11:25:59.791  1409  1409 V EmulatedCamera_BaseCamera: getCameraInfo
06-28 11:25:59.791  1409  1409 V EmulatedCamera_Camera: connectCamera
06-28 11:25:59.791  1409  1409 V EmulatedCamera_FakeDevice: connectDevice
06-28 11:25:59.831  1409  1409 V EmulatedCamera_CallbackNotifier: setCallbacks: 0xa93548ed, 0xa93548f5, 0xa93549a9, 0xa9354a65 (0xa8d435a0)
06-28 11:25:59.832  1409  1409 V EmulatedCamera_CallbackNotifier: enableMessage: msg_type = 0xc0d
