06-28 10:59:37.778    76   123 D AudioFlinger: mixer(0xaa5833c0) throttle end: throttle time(10)
06-28 10:59:37.901    76   123 D AudioFlinger: mixer(0xaa5833c0) throttle end: throttle time(10)
06-28 10:59:38.016    76   123 D AudioFlinger: mixer(0xaa5833c0) throttle end: throttle time(11)
06-28 10:59:38.104    76   123 D AudioFlinger: mixer(0xaa5833c0) throttle end: throttle time(10)
06-28 10:59:38.221    76   123 D AudioFlinger: mixer(0xaa5833c0) throttle end: throttle time(10)
06-28 10:59:38.339    76   123 D AudioFlinger: mixer(0xaa5833c0) throttle end: throttle time(11)
06-28 10:59:38.456    76   123 D AudioFlinger: mixer(0xaa5833c0) throttle end: throttle time(10)
06-28 10:59:38.545    76   123 D AudioFlinger: mixer(0xaa5833c0) throttle end: throttle time(7)
06-28 10:59:38.662    76   123 D AudioFlinger: mixer(0xaa5833c0) throttle end: throttle time(8)
06-28 10:59:38.779    76   123 D AudioFlinger: mixer(0xaa5833c0) throttle end: throttle time(10)
06-28 10:59:38.899    76   123 D AudioFlinger: mixer(0xaa5833c0) throttle end: throttle time(10)
06-28 10:59:38.987    76   123 D AudioFlinger: mixer(0xaa5833c0) throttle end: throttle time(11)
06-28 10:59:39.103    76   123 D AudioFlinger: mixer(0xaa5833c0) throttle end: throttle time(10)
06-28 10:59:39.221    76   123 D AudioFlinger: mixer(0xaa5833c0) throttle end: throttle time(10)
06-28 10:59:39.339    76   123 D AudioFlinger: mixer(0xaa5833c0) throttle end: throttle time(10)
06-28 10:59:39.430    76   123 D AudioFlinger: mixer(0xaa5833c0) throttle end: throttle time(10)
06-28 10:59:39.548    76   123 D AudioFlinger: mixer(0xaa5833c0) throttle end: throttle time(10)
06-28 10:59:39.635    76   123 D AudioFlinger: mixer(0xaa5833c0) throttle end: throttle time(10)
06-28 10:59:39.754    76   123 D AudioFlinger: mixer(0xaa5833c0) throttle end: throttle time(10)
06-28 10:59:39.871    76   123 D AudioFlinger: mixer(0xaa5833c0) throttle end: throttle time(10)
06-28 10:59:39.962    76   123 D AudioFlinger: mixer(0xaa5833c0) throttle end: throttle time(8)
06-28 10:59:40.078    76   123 D AudioFlinger: mixer(0xaa5833c0) throttle end: throttle time(10)
06-28 10:59:40.197    76   123 D AudioFlinger: mixer(0xaa5833c0) throttle end: throttle time(10)
06-28 10:59:40.311    76   123 D AudioFlinger: mixer(0xaa5833c0) throttle end: throttle time(9)
06-28 10:59:40.433    76   123 D AudioFlinger: mixer(0xaa5833c0) throttle end: throttle time(8)
06-28 10:59:40.546    76   123 D AudioFlinger: mixer(0xaa5833c0) throttle end: throttle time(8)
06-28 10:59:40.635    76   123 D AudioFlinger: mixer(0xaa5833c0) throttle end: throttle time(10)
06-28 10:59:40.753    76   123 D AudioFlinger: mixer(0xaa5833c0) throttle end: throttle time(10)
06-28 10:59:40.871    76   123 D AudioFlinger: mixer(0xaa5833c0) throttle end: throttle time(10)
06-28 10:59:40.986    76   123 D AudioFlinger: mixer(0xaa5833c0) throttle end: throttle time(10)
06-28 10:59:41.104    76   123 D AudioFlinger: mixer(0xaa5833c0) throttle end: throttle time(10)
06-28 10:59:41.192    76   123 D AudioFlinger: mixer(0xaa5833c0) throttle end: throttle time(10)
06-28 10:59:41.309    76   123 D AudioFlinger: mixer(0xaa5833c0) throttle end: throttle time(9)
06-28 10:59:41.428    76   123 D AudioFlinger: mixer(0xaa5833c0) throttle end: throttle time(10)
06-28 10:59:41.519    76   123 D AudioFlinger: mixer(0xaa5833c0) throttle end: throttle time(10)
06-28 10:59:41.638    76   123 D AudioFlinger: mixer(0xaa5833c0) throttle end: throttle time(10)
06-28 10:59:41.753    76   123 D AudioFlinger: mixer(0xaa5833c0) throttle end: throttle time(10)
06-28 10:59:41.840    76   123 D AudioFlinger: mixer(0xaa5833c0) throttle end: throttle time(10)
06-28 10:59:41.960    76   123 D AudioFlinger: mixer(0xaa5833c0) throttle end: throttle time(10)
06-28 10:59:42.075    76   123 D AudioFlinger: mixer(0xaa5833c0) throttle end: throttle time(10)
06-28 10:59:42.194    76   123 D AudioFlinger: mixer(0xaa5833c0) throttle end: throttle time(8)
06-28 10:59:42.311    76   123 D AudioFlinger: mixer(0xaa5833c0) throttle end: throttle time(10)
06-28 10:59:42.399    76   123 D AudioFlinger: mixer(0xaa5833c0) throttle end: throttle time(10)
06-28 10:59:42.517    76   123 D AudioFlinger: mixer(0xaa5833c0) throttle end: throttle time(10)
06-28 10:59:42.635    76   123 D AudioFlinger: mixer(0xaa5833c0) throttle end: throttle time(10)
06-28 10:59:42.725    76   123 D AudioFlinger: mixer(0xaa5833c0) throttle end: throttle time(10)
06-28 10:59:42.844    76   123 D AudioFlinger: mixer(0xaa5833c0) throttle end: throttle time(10)
06-28 10:59:42.959    76   123 D AudioFlinger: mixer(0xaa5833c0) throttle end: throttle time(10)
06-28 10:59:43.048    76   123 D AudioFlinger: mixer(0xaa5833c0) throttle end: throttle time(10)
06-28 10:59:43.167    76   123 D AudioFlinger: mixer(0xaa5833c0) throttle end: throttle time(10)
06-28 10:59:43.284    76   123 D AudioFlinger: mixer(0xaa5833c0) throttle end: throttle time(10)
06-28 10:59:43.402    76   123 D AudioFlinger: mixer(0xaa5833c0) throttle end: throttle time(10)
06-28 10:59:43.491    76   123 D AudioFlinger: mixer(0xaa5833c0) throttle end: throttle time(10)
06-28 10:59:43.606    76   123 D AudioFlinger: mixer(0xaa5833c0) throttle end: throttle time(10)
06-28 10:59:43.724    76   123 D AudioFlinger: mixer(0xaa5833c0) throttle end: throttle time(10)
06-28 10:59:43.841    76   123 D AudioFlinger: mixer(0xaa5833c0) throttle end: throttle time(10)
06-28 10:59:43.960    76   123 D AudioFlinger: mixer(0xaa5833c0) throttle end: throttle time(9)
06-28 10:59:44.049    76   123 D AudioFlinger: mixer(0xaa5833c0) throttle end: throttle time(10)
06-28 10:59:44.167    76   123 D AudioFlinger: mixer(0xaa5833c0) throttle end: throttle time(10)
06-28 10:59:44.283    76   123 D AudioFlinger: mixer(0xaa5833c0) throttle end: throttle time(10)
06-28 10:59:44.399    76   123 D AudioFlinger: mixer(0xaa5833c0) throttle end: throttle time(9)
06-28 10:59:44.514    76   123 D AudioFlinger: mixer(0xaa5833c0) throttle end: throttle time(10)
06-28 10:59:44.634    76   123 D AudioFlinger: mixer(0xaa5833c0) throttle end: throttle time(9)
06-28 10:59:44.723    76   123 D AudioFlinger: mixer(0xaa5833c0) throttle end: throttle time(10)
06-28 10:59:44.838    76   123 D AudioFlinger: mixer(0xaa5833c0) throttle end: throttle time(10)
06-28 10:59:44.957    76   123 D AudioFlinger: mixer(0xaa5833c0) throttle end: throttle time(10)
06-28 10:59:45.073    76   123 D AudioFlinger: mixer(0xaa5833c0) throttle end: throttle time(10)
06-28 10:59:45.194    76   123 D AudioFlinger: mixer(0xaa5833c0) throttle end: throttle time(3)
06-28 10:59:45.282    76   123 D AudioFlinger: mixer(0xaa5833c0) throttle end: throttle time(10)
06-28 10:59:45.399    76   123 D AudioFlinger: mixer(0xaa5833c0) throttle end: throttle time(10)
06-28 10:59:45.488    76   123 D AudioFlinger: mixer(0xaa5833c0) throttle end: throttle time(10)
06-28 10:59:45.607    76   123 D AudioFlinger: mixer(0xaa5833c0) throttle end: throttle time(10)
06-28 10:59:45.724    76   123 D AudioFlinger: mixer(0xaa5833c0) throttle end: throttle time(10)
06-28 10:59:45.813    76   123 D AudioFlinger: mixer(0xaa5833c0) throttle end: throttle time(10)
06-28 10:59:45.933    76   123 D AudioFlinger: mixer(0xaa5833c0) throttle end: throttle time(10)
06-28 10:59:46.021    76   123 D AudioFlinger: mixer(0xaa5833c0) throttle end: throttle time(10)
06-28 10:59:46.141    76   123 D AudioFlinger: mixer(0xaa5833c0) throttle end: throttle time(10)
06-28 10:59:46.255    76   123 D AudioFlinger: mixer(0xaa5833c0) throttle end: throttle time(10)
06-28 10:59:46.372    76   123 D AudioFlinger: mixer(0xaa5833c0) throttle end: throttle time(10)
06-28 10:59:46.490    76   123 D AudioFlinger: mixer(0xaa5833c0) throttle end: throttle time(10)
06-28 10:59:46.578    76   123 D AudioFlinger: mixer(0xaa5833c0) throttle end: throttle time(10)
06-28 10:59:46.696    76   123 D AudioFlinger: mixer(0xaa5833c0) throttle end: throttle time(10)
06-28 10:59:46.816    76   123 D AudioFlinger: mixer(0xaa5833c0) throttle end: throttle time(7)
06-28 10:59:46.933    76   123 D AudioFlinger: mixer(0xaa5833c0) throttle end: throttle time(10)
06-28 10:59:47.020    76   123 D AudioFlinger: mixer(0xaa5833c0) throttle end: throttle time(10)
06-28 10:59:47.139    76   123 D AudioFlinger: mixer(0xaa5833c0) throttle end: throttle time(10)
06-28 10:59:47.231    76   123 D AudioFlinger: mixer(0xaa5833c0) throttle end: throttle time(9)
06-28 10:59:47.346    76   123 D AudioFlinger: mixer(0xaa5833c0) throttle end: throttle time(7)
06-28 10:59:47.463    76   123 D AudioFlinger: mixer(0xaa5833c0) throttle end: throttle time(10)
06-28 10:59:47.583    76   123 D AudioFlinger: mixer(0xaa5833c0) throttle end: throttle time(10)
06-28 10:59:47.671    76   123 D AudioFlinger: mixer(0xaa5833c0) throttle end: throttle time(10)
06-28 10:59:47.816    76   123 D AudioFlinger: mixer(0xaa5833c0) throttle end: throttle time(10)
06-28 10:59:47.905    76   123 D AudioFlinger: mixer(0xaa5833c0) throttle end: throttle time(10)
06-28 10:59:48.022    76   123 D AudioFlinger: mixer(0xaa5833c0) throttle end: throttle time(10)
06-28 10:59:48.140    76   123 D AudioFlinger: mixer(0xaa5833c0) throttle end: throttle time(10)
06-28 10:59:48.233    76   123 D AudioFlinger: mixer(0xaa5833c0) throttle end: throttle time(7)
06-28 10:59:48.345    76   123 D AudioFlinger: mixer(0xaa5833c0) throttle end: throttle time(10)
06-28 10:59:48.462    76   123 D AudioFlinger: mixer(0xaa5833c0) throttle end: throttle time(9)
06-28 10:59:48.580    76   123 D AudioFlinger: mixer(0xaa5833c0) throttle end: throttle time(10)
06-28 10:59:48.668    76   123 D AudioFlinger: mixer(0xaa5833c0) throttle end: throttle time(10)
06-28 10:59:48.676   919   931 W art     : Suspending all threads took: 12.026ms
06-28 10:59:48.785    76   123 D AudioFlinger: mixer(0xaa5833c0) throttle end: throttle time(10)
06-28 10:59:48.903    76   123 D AudioFlinger: mixer(0xaa5833c0) throttle end: throttle time(10)
06-28 10:59:49.020    76   123 D AudioFlinger: mixer(0xaa5833c0) throttle end: throttle time(10)
06-28 10:59:49.136    76   123 D AudioFlinger: mixer(0xaa5833c0) throttle end: throttle time(10)
06-28 10:59:49.225    76   123 D AudioFlinger: mixer(0xaa5833c0) throttle end: throttle time(10)
06-28 10:59:49.343    76   123 D AudioFlinger: mixer(0xaa5833c0) throttle end: throttle time(10)
06-28 10:59:49.461    76   123 D AudioFlinger: mixer(0xaa5833c0) throttle end: throttle time(10)
06-28 10:59:49.551    76   123 D AudioFlinger: mixer(0xaa5833c0) throttle end: throttle time(10)
06-28 10:59:49.668    76   123 D AudioFlinger: mixer(0xaa5833c0) throttle end: throttle time(10)
06-28 10:59:49.785    76   123 D AudioFlinger: mixer(0xaa5833c0) throttle end: throttle time(10)
06-28 10:59:49.904    76   123 D AudioFlinger: mixer(0xaa5833c0) throttle end: throttle time(10)
06-28 10:59:49.992    76   123 D AudioFlinger: mixer(0xaa5833c0) throttle end: throttle time(10)
06-28 10:59:50.109    76   123 D AudioFlinger: mixer(0xaa5833c0) throttle end: throttle time(10)
06-28 10:59:50.226    76   123 D AudioFlinger: mixer(0xaa5833c0) throttle end: throttle time(10)
06-28 10:59:50.342    76   123 D AudioFlinger: mixer(0xaa5833c0) throttle end: throttle time(10)
06-28 10:59:50.459    76   123 D AudioFlinger: mixer(0xaa5833c0) throttle end: throttle time(10)
06-28 10:59:50.577    76   123 D AudioFlinger: mixer(0xaa5833c0) throttle end: throttle time(10)
06-28 10:59:50.666    76   123 D AudioFlinger: mixer(0xaa5833c0) throttle end: throttle time(10)
06-28 10:59:50.784    76   123 D AudioFlinger: mixer(0xaa5833c0) throttle end: throttle time(10)
06-28 10:59:50.901    76   123 D AudioFlinger: mixer(0xaa5833c0) throttle end: throttle time(10)
06-28 10:59:50.993    76   123 D AudioFlinger: mixer(0xaa5833c0) throttle end: throttle time(10)
06-28 10:59:51.110    76   123 D AudioFlinger: mixer(0xaa5833c0) throttle end: throttle time(10)
06-28 10:59:51.226    76   123 D AudioFlinger: mixer(0xaa5833c0) throttle end: throttle time(10)
06-28 10:59:51.344    76   123 D AudioFlinger: mixer(0xaa5833c0) throttle end: throttle time(10)
06-28 10:59:51.434    76   123 D AudioFlinger: mixer(0xaa5833c0) throttle end: throttle time(10)
06-28 10:59:51.549    76   123 D AudioFlinger: mixer(0xaa5833c0) throttle end: throttle time(10)
06-28 10:59:51.667    76   123 D AudioFlinger: mixer(0xaa5833c0) throttle end: throttle time(10)
06-28 10:59:51.756    76   123 D AudioFlinger: mixer(0xaa5833c0) throttle end: throttle time(10)
06-28 10:59:51.874    76   123 D AudioFlinger: mixer(0xaa5833c0) throttle end: throttle time(10)
06-28 10:59:52.083    76   123 D AudioFlinger: mixer(0xaa5833c0) throttle end: throttle time(10)
06-28 10:59:52.200    76   123 D AudioFlinger: mixer(0xaa5833c0) throttle end: throttle time(10)
06-28 10:59:52.314    76   123 D AudioFlinger: mixer(0xaa5833c0) throttle end: throttle time(9)
06-28 10:59:52.434    76   123 D AudioFlinger: mixer(0xaa5833c0) throttle end: throttle time(4)
06-28 10:59:52.549    76   123 D AudioFlinger: mixer(0xaa5833c0) throttle end: throttle time(10)
06-28 10:59:52.667    76   123 D AudioFlinger: mixer(0xaa5833c0) throttle end: throttle time(10)
06-28 10:59:52.784    76   123 D AudioFlinger: mixer(0xaa5833c0) throttle end: throttle time(7)
06-28 10:59:52.871    76   123 D AudioFlinger: mixer(0xaa5833c0) throttle end: throttle time(10)
06-28 10:59:52.988    76   123 D AudioFlinger: mixer(0xaa5833c0) throttle end: throttle time(10)
06-28 10:59:53.110    76   123 D AudioFlinger: mixer(0xaa5833c0) throttle end: throttle time(10)
06-28 10:59:53.223    76   123 D AudioFlinger: mixer(0xaa5833c0) throttle end: throttle time(10)
06-28 10:59:53.312    76   123 D AudioFlinger: mixer(0xaa5833c0) throttle end: throttle time(10)
06-28 10:59:53.428    76   123 D AudioFlinger: mixer(0xaa5833c0) throttle end: throttle time(10)
06-28 10:59:53.545    76   123 D AudioFlinger: mixer(0xaa5833c0) throttle end: throttle time(9)
06-28 10:59:53.662    76   123 D AudioFlinger: mixer(0xaa5833c0) throttle end: throttle time(8)
06-28 10:59:53.776    76   123 D AudioFlinger: mixer(0xaa5833c0) throttle end: throttle time(10)
06-28 10:59:53.894    76   123 D AudioFlinger: mixer(0xaa5833c0) throttle end: throttle time(7)
06-28 10:59:54.009    76   123 D AudioFlinger: mixer(0xaa5833c0) throttle end: throttle time(9)
06-28 10:59:54.127    76   123 D AudioFlinger: mixer(0xaa5833c0) throttle end: throttle time(10)
06-28 10:59:54.246    76   123 D AudioFlinger: mixer(0xaa5833c0) throttle end: throttle time(2)
06-28 10:59:54.334    76   123 D AudioFlinger: mixer(0xaa5833c0) throttle end: throttle time(10)
06-28 10:59:54.451    76   123 D AudioFlinger: mixer(0xaa5833c0) throttle end: throttle time(10)
06-28 10:59:54.569    76   123 D AudioFlinger: mixer(0xaa5833c0) throttle end: throttle time(10)
06-28 10:59:54.685    76   123 D AudioFlinger: mixer(0xaa5833c0) throttle end: throttle time(10)
06-28 10:59:54.802    76   123 D AudioFlinger: mixer(0xaa5833c0) throttle end: throttle time(10)
06-28 10:59:54.891    76   123 D AudioFlinger: mixer(0xaa5833c0) throttle end: throttle time(10)
06-28 10:59:55.009    76   123 D AudioFlinger: mixer(0xaa5833c0) throttle end: throttle time(8)
06-28 10:59:55.128    76   123 D AudioFlinger: mixer(0xaa5833c0) throttle end: throttle time(10)
06-28 10:59:55.217    76   123 D AudioFlinger: mixer(0xaa5833c0) throttle end: throttle time(10)
06-28 10:59:55.335    76   123 D AudioFlinger: mixer(0xaa5833c0) throttle end: throttle time(10)
06-28 10:59:55.452    76   123 D AudioFlinger: mixer(0xaa5833c0) throttle end: throttle time(10)
06-28 10:59:55.570    76   123 D AudioFlinger: mixer(0xaa5833c0) throttle end: throttle time(10)
06-28 10:59:55.658    76   123 D AudioFlinger: mixer(0xaa5833c0) throttle end: throttle time(10)
06-28 10:59:55.775    76   123 D AudioFlinger: mixer(0xaa5833c0) throttle end: throttle time(10)
06-28 10:59:55.891    76   123 D AudioFlinger: mixer(0xaa5833c0) throttle end: throttle time(10)
06-28 10:59:56.008    76   123 D AudioFlinger: mixer(0xaa5833c0) throttle end: throttle time(6)
06-28 10:59:56.126    76   123 D AudioFlinger: mixer(0xaa5833c0) throttle end: throttle time(8)
06-28 10:59:56.214    76   123 D AudioFlinger: mixer(0xaa5833c0) throttle end: throttle time(10)
06-28 10:59:56.332    76   123 D AudioFlinger: mixer(0xaa5833c0) throttle end: throttle time(10)
06-28 10:59:56.449    76   123 D AudioFlinger: mixer(0xaa5833c0) throttle end: throttle time(9)
06-28 10:59:56.567    76   123 D AudioFlinger: mixer(0xaa5833c0) throttle end: throttle time(10)
06-28 10:59:56.646   919   946 V MediaScanner: pruneDeadThumbnailFiles... android.content.ContentProviderClient$CursorWrapperInner@eefe56b
06-28 10:59:56.658   919   946 V MediaScanner: /pruneDeadThumbnailFiles... android.content.ContentProviderClient$CursorWrapperInner@eefe56b
06-28 10:59:56.684    76   123 D AudioFlinger: mixer(0xaa5833c0) throttle end: throttle time(10)
06-28 10:59:56.767    76   123 D AudioFlinger: mixer(0xaa5833c0) throttle end: throttle time(10)
06-28 10:59:56.916    76   123 D AudioFlinger: mixer(0xaa5833c0) throttle end: throttle time(10)
06-28 10:59:57.032    76   123 D AudioFlinger: mixer(0xaa5833c0) throttle end: throttle time(10)
06-28 10:59:57.121    76   123 D AudioFlinger: mixer(0xaa5833c0) throttle end: throttle time(10)
06-28 10:59:57.238    76   123 D AudioFlinger: mixer(0xaa5833c0) throttle end: throttle time(10)
06-28 10:59:57.357    76   123 D AudioFlinger: mixer(0xaa5833c0) throttle end: throttle time(10)
06-28 10:59:57.446    76   123 D AudioFlinger: mixer(0xaa5833c0) throttle end: throttle time(7)
06-28 10:59:57.564    76   123 D AudioFlinger: mixer(0xaa5833c0) throttle end: throttle time(10)
06-28 10:59:57.680    76   123 D AudioFlinger: mixer(0xaa5833c0) throttle end: throttle time(11)
06-28 10:59:57.797    76   123 D AudioFlinger: mixer(0xaa5833c0) throttle end: throttle time(7)
06-28 10:59:57.912    76   123 D AudioFlinger: mixer(0xaa5833c0) throttle end: throttle time(7)
06-28 10:59:58.032    76   123 D AudioFlinger: mixer(0xaa5833c0) throttle end: throttle time(7)
06-28 10:59:58.118    76   123 D AudioFlinger: mixer(0xaa5833c0) throttle end: throttle time(10)
06-28 10:59:58.236    76   123 D AudioFlinger: mixer(0xaa5833c0) throttle end: throttle time(10)
06-28 10:59:58.354    76   123 D AudioFlinger: mixer(0xaa5833c0) throttle end: throttle time(10)
06-28 10:59:58.470    76   123 D AudioFlinger: mixer(0xaa5833c0) throttle end: throttle time(10)
06-28 10:59:58.587    76   123 D AudioFlinger: mixer(0xaa5833c0) throttle end: throttle time(10)
06-28 10:59:58.675    76   123 D AudioFlinger: mixer(0xaa5833c0) throttle end: throttle time(10)
06-28 10:59:58.793    76   123 D AudioFlinger: mixer(0xaa5833c0) throttle end: throttle time(7)
06-28 10:59:58.911    76   123 D AudioFlinger: mixer(0xaa5833c0) throttle end: throttle time(7)
06-28 10:59:59.030    76   123 D AudioFlinger: mixer(0xaa5833c0) throttle end: throttle time(10)
06-28 10:59:59.118    76   123 D AudioFlinger: mixer(0xaa5833c0) throttle end: throttle time(10)
06-28 10:59:59.234    76   123 D AudioFlinger: mixer(0xaa5833c0) throttle end: throttle time(10)
06-28 10:59:59.351    76   123 D AudioFlinger: mixer(0xaa5833c0) throttle end: throttle time(10)
06-28 10:59:59.474    76   123 D AudioFlinger: mixer(0xaa5833c0) throttle end: throttle time(10)
06-28 10:59:59.585    76   123 D AudioFlinger: mixer(0xaa5833c0) throttle end: throttle time(10)
06-28 10:59:59.703    76   123 D AudioFlinger: mixer(0xaa5833c0) throttle end: throttle time(10)
06-28 10:59:59.818    76   123 D AudioFlinger: mixer(0xaa5833c0) throttle end: throttle time(10)
06-28 10:59:59.905    76   123 D AudioFlinger: mixer(0xaa5833c0) throttle end: throttle time(10)
06-28 11:00:00.024    76   123 D AudioFlinger: mixer(0xaa5833c0) throttle end: throttle time(10)
06-28 11:00:00.143    76   123 D AudioFlinger: mixer(0xaa5833c0) throttle end: throttle time(5)
06-28 11:00:00.232    76   123 D AudioFlinger: mixer(0xaa5833c0) throttle end: throttle time(9)
06-28 11:00:00.468    76   123 D AudioFlinger: mixer(0xaa5833c0) throttle end: throttle time(10)
06-28 11:00:00.583    76   123 D AudioFlinger: mixer(0xaa5833c0) throttle end: throttle time(9)
06-28 11:00:00.701    76   123 D AudioFlinger: mixer(0xaa5833c0) throttle end: throttle time(9)
06-28 11:00:00.788    76   123 D AudioFlinger: mixer(0xaa5833c0) throttle end: throttle time(10)
06-28 11:00:00.907    76   123 D AudioFlinger: mixer(0xaa5833c0) throttle end: throttle time(10)
06-28 11:00:01.024    76   123 D AudioFlinger: mixer(0xaa5833c0) throttle end: throttle time(10)
06-28 11:00:01.113    76   123 D AudioFlinger: mixer(0xaa5833c0) throttle end: throttle time(10)
06-28 11:00:01.232    76   123 D AudioFlinger: mixer(0xaa5833c0) throttle end: throttle time(5)
06-28 11:00:01.348    76   123 D AudioFlinger: mixer(0xaa5833c0) throttle end: throttle time(10)
06-28 11:00:01.463    76   123 D AudioFlinger: mixer(0xaa5833c0) throttle end: throttle time(10)
06-28 11:00:01.581    76   123 D AudioFlinger: mixer(0xaa5833c0) throttle end: throttle time(10)
06-28 11:00:01.699    76   123 D AudioFlinger: mixer(0xaa5833c0) throttle end: throttle time(10)
06-28 11:00:01.786    76   123 D AudioFlinger: mixer(0xaa5833c0) throttle end: throttle time(10)
06-28 11:00:01.903    76   123 D AudioFlinger: mixer(0xaa5833c0) throttle end: throttle time(10)
06-28 11:00:02.022    76   123 D AudioFlinger: mixer(0xaa5833c0) throttle end: throttle time(10)
06-28 11:00:02.143    76   123 D AudioFlinger: mixer(0xaa5833c0) throttle end: throttle time(10)
06-28 11:00:02.230    76   123 D AudioFlinger: mixer(0xaa5833c0) throttle end: throttle time(10)
06-28 11:00:02.346    76   123 D AudioFlinger: mixer(0xaa5833c0) throttle end: throttle time(7)
06-28 11:00:02.464    76   123 D AudioFlinger: mixer(0xaa5833c0) throttle end: throttle time(10)
06-28 11:00:02.580    76   123 D AudioFlinger: mixer(0xaa5833c0) throttle end: throttle time(10)
06-28 11:00:02.627   919   946 W MediaScanner: Error opening directory '/oem/media/', skipping: No such file or directory.
06-28 11:00:02.698    76   123 D AudioFlinger: mixer(0xaa5833c0) throttle end: throttle time(10)
06-28 11:00:02.786    76   123 D AudioFlinger: mixer(0xaa5833c0) throttle end: throttle time(10)
06-28 11:00:02.902    76   123 D AudioFlinger: mixer(0xaa5833c0) throttle end: throttle time(10)
06-28 11:00:03.019    76   123 D AudioFlinger: mixer(0xaa5833c0) throttle end: throttle time(10)
06-28 11:00:03.136    76   123 D AudioFlinger: mixer(0xaa5833c0) throttle end: throttle time(10)
06-28 11:00:03.255    76   123 D AudioFlinger: mixer(0xaa5833c0) throttle end: throttle time(10)
06-28 11:00:03.344    76   123 D AudioFlinger: mixer(0xaa5833c0) throttle end: throttle time(10)
06-28 11:00:03.460    76   123 D AudioFlinger: mixer(0xaa5833c0) throttle end: throttle time(5)
06-28 11:00:03.579    76   123 D AudioFlinger: mixer(0xaa5833c0) throttle end: throttle time(10)
06-28 11:00:03.698    76   123 D AudioFlinger: mixer(0xaa5833c0) throttle end: throttle time(9)
06-28 11:00:03.787    76   123 D AudioFlinger: mixer(0xaa5833c0) throttle end: throttle time(10)
06-28 11:00:03.904    76   123 D AudioFlinger: mixer(0xaa5833c0) throttle end: throttle time(10)
06-28 11:00:03.992    76   123 D AudioFlinger: mixer(0xaa5833c0) throttle end: throttle time(5)
06-28 11:00:04.111    76   123 D AudioFlinger: mixer(0xaa5833c0) throttle end: throttle time(10)
06-28 11:00:04.256    76   123 D AudioFlinger: mixer(0xaa5833c0) throttle end: throttle time(15)
06-28 11:00:04.345    76   123 D AudioFlinger: mixer(0xaa5833c0) throttle end: throttle time(9)
06-28 11:00:04.462    76   123 D AudioFlinger: mixer(0xaa5833c0) throttle end: throttle time(7)
06-28 11:00:04.551    76   123 D AudioFlinger: mixer(0xaa5833c0) throttle end: throttle time(10)
06-28 11:00:04.669    76   123 D AudioFlinger: mixer(0xaa5833c0) throttle end: throttle time(10)
06-28 11:00:04.787    76   123 D AudioFlinger: mixer(0xaa5833c0) throttle end: throttle time(10)
06-28 11:00:04.875    76   123 D AudioFlinger: mixer(0xaa5833c0) throttle end: throttle time(10)
06-28 11:00:04.993    76   123 D AudioFlinger: mixer(0xaa5833c0) throttle end: throttle time(8)
06-28 11:00:05.111    76   123 D AudioFlinger: mixer(0xaa5833c0) throttle end: throttle time(10)
06-28 11:00:05.229    76   123 D AudioFlinger: mixer(0xaa5833c0) throttle end: throttle time(9)
06-28 11:00:05.317    76   123 D AudioFlinger: mixer(0xaa5833c0) throttle end: throttle time(10)
06-28 11:00:05.435    76   123 D AudioFlinger: mixer(0xaa5833c0) throttle end: throttle time(10)
06-28 11:00:05.551    76   123 D AudioFlinger: mixer(0xaa5833c0) throttle end: throttle time(10)
06-28 11:00:05.669    76   123 D AudioFlinger: mixer(0xaa5833c0) throttle end: throttle time(10)
06-28 11:00:05.756    76   123 D AudioFlinger: mixer(0xaa5833c0) throttle end: throttle time(10)
06-28 11:00:05.875    76   123 D AudioFlinger: mixer(0xaa5833c0) throttle end: throttle time(10)
06-28 11:00:05.992    76   123 D AudioFlinger: mixer(0xaa5833c0) throttle end: throttle time(7)
06-28 11:00:06.110    76   123 D AudioFlinger: mixer(0xaa5833c0) throttle end: throttle time(7)
06-28 11:00:06.198    76   123 D AudioFlinger: mixer(0xaa5833c0) throttle end: throttle time(10)
06-28 11:00:06.318    76   123 D AudioFlinger: mixer(0xaa5833c0) throttle end: throttle time(10)
06-28 11:00:06.435    76   123 D AudioFlinger: mixer(0xaa5833c0) throttle end: throttle time(10)
06-28 11:00:06.552    76   123 D AudioFlinger: mixer(0xaa5833c0) throttle end: throttle time(10)
06-28 11:00:06.643    76   123 D AudioFlinger: mixer(0xaa5833c0) throttle end: throttle time(10)
06-28 11:00:06.757    76   123 D AudioFlinger: mixer(0xaa5833c0) throttle end: throttle time(10)
06-28 11:00:06.875    76   123 D AudioFlinger: mixer(0xaa5833c0) throttle end: throttle time(10)
06-28 11:00:06.966    76   123 D AudioFlinger: mixer(0xaa5833c0) throttle end: throttle time(10)
06-28 11:00:07.085    76   123 D AudioFlinger: mixer(0xaa5833c0) throttle end: throttle time(10)
06-28 11:00:07.204    76   123 D AudioFlinger: mixer(0xaa5833c0) throttle end: throttle time(10)
06-28 11:00:07.290    76   123 D AudioFlinger: mixer(0xaa5833c0) throttle end: throttle time(10)
06-28 11:00:07.408    76   123 D AudioFlinger: mixer(0xaa5833c0) throttle end: throttle time(9)
06-28 11:00:07.526    76   123 D AudioFlinger: mixer(0xaa5833c0) throttle end: throttle time(10)
06-28 11:00:07.643    76   123 D AudioFlinger: mixer(0xaa5833c0) throttle end: throttle time(9)
06-28 11:00:07.733    76   123 D AudioFlinger: mixer(0xaa5833c0) throttle end: throttle time(10)
06-28 11:00:07.849    76   123 D AudioFlinger: mixer(0xaa5833c0) throttle end: throttle time(10)
06-28 11:00:07.968    76   123 D AudioFlinger: mixer(0xaa5833c0) throttle end: throttle time(10)
06-28 11:00:08.056    76   123 D AudioFlinger: mixer(0xaa5833c0) throttle end: throttle time(10)
06-28 11:00:08.174    76   123 D AudioFlinger: mixer(0xaa5833c0) throttle end: throttle time(10)
06-28 11:00:08.291    76   123 D AudioFlinger: mixer(0xaa5833c0) throttle end: throttle time(10)
06-28 11:00:08.408    76   123 D AudioFlinger: mixer(0xaa5833c0) throttle end: throttle time(10)
06-28 11:00:08.498    76   123 D AudioFlinger: mixer(0xaa5833c0) throttle end: throttle time(8)
06-28 11:00:08.616    76   123 D AudioFlinger: mixer(0xaa5833c0) throttle end: throttle time(9)
06-28 11:00:08.737    76   123 D AudioFlinger: mixer(0xaa5833c0) throttle end: throttle time(10)
06-28 11:00:08.852    76   123 D AudioFlinger: mixer(0xaa5833c0) throttle end: throttle time(10)
06-28 11:00:08.940    76   123 D AudioFlinger: mixer(0xaa5833c0) throttle end: throttle time(10)
06-28 11:00:09.061    76   123 D AudioFlinger: mixer(0xaa5833c0) throttle end: throttle time(10)
06-28 11:00:09.176    76   123 D AudioFlinger: mixer(0xaa5833c0) throttle end: throttle time(10)
06-28 11:00:09.264    76   123 D AudioFlinger: mixer(0xaa5833c0) throttle end: throttle time(10)
06-28 11:00:09.384    76   123 D AudioFlinger: mixer(0xaa5833c0) throttle end: throttle time(10)
06-28 11:00:09.500    76   123 D AudioFlinger: mixer(0xaa5833c0) throttle end: throttle time(10)
06-28 11:00:09.617    76   123 D AudioFlinger: mixer(0xaa5833c0) throttle end: throttle time(9)
06-28 11:00:09.704    76   123 D AudioFlinger: mixer(0xaa5833c0) throttle end: throttle time(10)
06-28 11:00:09.821    76   123 D AudioFlinger: mixer(0xaa5833c0) throttle end: throttle time(10)
06-28 11:00:09.938    76   123 D AudioFlinger: mixer(0xaa5833c0) throttle end: throttle time(10)
06-28 11:00:10.060    76   123 D AudioFlinger: mixer(0xaa5833c0) throttle end: throttle time(10)
06-28 11:00:10.146    76   123 D AudioFlinger: mixer(0xaa5833c0) throttle end: throttle time(9)
06-28 11:00:10.263    76   123 D AudioFlinger: mixer(0xaa5833c0) throttle end: throttle time(10)
06-28 11:00:10.381    76   123 D AudioFlinger: mixer(0xaa5833c0) throttle end: throttle time(10)
06-28 11:00:10.497    76   123 D AudioFlinger: mixer(0xaa5833c0) throttle end: throttle time(9)
06-28 11:00:10.616    76   123 D AudioFlinger: mixer(0xaa5833c0) throttle end: throttle time(9)
06-28 11:00:10.703    76   123 D AudioFlinger: mixer(0xaa5833c0) throttle end: throttle time(10)
06-28 11:00:10.820    76   123 D AudioFlinger: mixer(0xaa5833c0) throttle end: throttle time(10)
06-28 11:00:10.939    76   123 D AudioFlinger: mixer(0xaa5833c0) throttle end: throttle time(10)
06-28 11:00:11.056    76   123 D AudioFlinger: mixer(0xaa5833c0) throttle end: throttle time(10)
06-28 11:00:11.144    76   123 D AudioFlinger: mixer(0xaa5833c0) throttle end: throttle time(8)
06-28 11:00:11.261    76   123 D AudioFlinger: mixer(0xaa5833c0) throttle end: throttle time(9)
06-28 11:00:11.379    76   123 D AudioFlinger: mixer(0xaa5833c0) throttle end: throttle time(10)
06-28 11:00:11.497    76   123 D AudioFlinger: mixer(0xaa5833c0) throttle end: throttle time(8)
06-28 11:00:11.613    76   123 D AudioFlinger: mixer(0xaa5833c0) throttle end: throttle time(7)
06-28 11:00:11.702    76   123 D AudioFlinger: mixer(0xaa5833c0) throttle end: throttle time(10)
06-28 11:00:11.820    76   123 D AudioFlinger: mixer(0xaa5833c0) throttle end: throttle time(10)
06-28 11:00:11.937    76   123 D AudioFlinger: mixer(0xaa5833c0) throttle end: throttle time(10)
06-28 11:00:12.054    76   123 D AudioFlinger: mixer(0xaa5833c0) throttle end: throttle time(10)
06-28 11:00:12.143    76   123 D AudioFlinger: mixer(0xaa5833c0) throttle end: throttle time(8)
06-28 11:00:12.260    76   123 D AudioFlinger: mixer(0xaa5833c0) throttle end: throttle time(9)
06-28 11:00:12.378    76   123 D AudioFlinger: mixer(0xaa5833c0) throttle end: throttle time(10)
06-28 11:00:12.497    76   123 D AudioFlinger: mixer(0xaa5833c0) throttle end: throttle time(9)
06-28 11:00:12.585    76   123 D AudioFlinger: mixer(0xaa5833c0) throttle end: throttle time(10)
06-28 11:00:12.703    76   123 D AudioFlinger: mixer(0xaa5833c0) throttle end: throttle time(10)
06-28 11:00:12.819    76   123 D AudioFlinger: mixer(0xaa5833c0) throttle end: throttle time(10)
06-28 11:00:12.937    76   123 D AudioFlinger: mixer(0xaa5833c0) throttle end: throttle time(10)
06-28 11:00:13.053    76   123 D AudioFlinger: mixer(0xaa5833c0) throttle end: throttle time(10)
06-28 11:00:13.170    76   123 D AudioFlinger: mixer(0xaa5833c0) throttle end: throttle time(10)
06-28 11:00:13.254    76   123 D AudioFlinger: mixer(0xaa5833c0) throttle end: throttle time(10)
06-28 11:00:13.400    76   123 D AudioFlinger: mixer(0xaa5833c0) throttle end: throttle time(10)
06-28 11:00:13.518    76   123 D AudioFlinger: mixer(0xaa5833c0) throttle end: throttle time(10)
06-28 11:00:13.635    76   123 D AudioFlinger: mixer(0xaa5833c0) throttle end: throttle time(10)
06-28 11:00:13.753    76   123 D AudioFlinger: mixer(0xaa5833c0) throttle end: throttle time(10)
06-28 11:00:13.842    76   123 D AudioFlinger: mixer(0xaa5833c0) throttle end: throttle time(10)
06-28 11:00:13.955    76   123 D AudioFlinger: mixer(0xaa5833c0) throttle end: throttle time(10)
06-28 11:00:14.072    76   123 D AudioFlinger: mixer(0xaa5833c0) throttle end: throttle time(10)
06-28 11:00:14.191    76   123 D AudioFlinger: mixer(0xaa5833c0) throttle end: throttle time(10)
06-28 11:00:14.308    76   123 D AudioFlinger: mixer(0xaa5833c0) throttle end: throttle time(10)
06-28 11:00:14.397    76   123 D AudioFlinger: mixer(0xaa5833c0) throttle end: throttle time(8)
06-28 11:00:14.514    76   123 D AudioFlinger: mixer(0xaa5833c0) throttle end: throttle time(10)
06-28 11:00:14.630    76   123 D AudioFlinger: mixer(0xaa5833c0) throttle end: throttle time(10)
06-28 11:00:14.748    76   123 D AudioFlinger: mixer(0xaa5833c0) throttle end: throttle time(10)
06-28 11:00:14.862    76   123 D AudioFlinger: mixer(0xaa5833c0) throttle end: throttle time(10)
06-28 11:00:14.980    76   123 D AudioFlinger: mixer(0xaa5833c0) throttle end: throttle time(10)
06-28 11:00:15.097    76   123 D AudioFlinger: mixer(0xaa5833c0) throttle end: throttle time(9)
06-28 11:00:15.184    76   123 D AudioFlinger: mixer(0xaa5833c0) throttle end: throttle time(10)
06-28 11:00:15.303    76   123 D AudioFlinger: mixer(0xaa5833c0) throttle end: throttle time(10)
06-28 11:00:15.425    76   123 D AudioFlinger: mixer(0xaa5833c0) throttle end: throttle time(10)
06-28 11:00:15.511    76   123 D AudioFlinger: mixer(0xaa5833c0) throttle end: throttle time(9)
06-28 11:00:15.626    76   123 D AudioFlinger: mixer(0xaa5833c0) throttle end: throttle time(10)
06-28 11:00:15.743    76   123 D AudioFlinger: mixer(0xaa5833c0) throttle end: throttle time(6)
06-28 11:00:15.861    76   123 D AudioFlinger: mixer(0xaa5833c0) throttle end: throttle time(10)
06-28 11:00:15.951    76   123 D AudioFlinger: mixer(0xaa5833c0) throttle end: throttle time(10)
06-28 11:00:16.068    76   123 D AudioFlinger: mixer(0xaa5833c0) throttle end: throttle time(10)
06-28 11:00:16.186    76   123 D AudioFlinger: mixer(0xaa5833c0) throttle end: throttle time(10)
06-28 11:00:16.304    76   123 D AudioFlinger: mixer(0xaa5833c0) throttle end: throttle time(10)
06-28 11:00:16.392    76   123 D AudioFlinger: mixer(0xaa5833c0) throttle end: throttle time(9)
06-28 11:00:16.511    76   123 D AudioFlinger: mixer(0xaa5833c0) throttle end: throttle time(9)
06-28 11:00:16.629    76   123 D AudioFlinger: mixer(0xaa5833c0) throttle end: throttle time(10)
06-28 11:00:16.745    76   123 D AudioFlinger: mixer(0xaa5833c0) throttle end: throttle time(9)
06-28 11:00:16.834    76   123 D AudioFlinger: mixer(0xaa5833c0) throttle end: throttle time(10)
06-28 11:00:16.949    76   123 D AudioFlinger: mixer(0xaa5833c0) throttle end: throttle time(10)
06-28 11:00:17.066    76   123 D AudioFlinger: mixer(0xaa5833c0) throttle end: throttle time(9)
06-28 11:00:17.185    76   123 D AudioFlinger: mixer(0xaa5833c0) throttle end: throttle time(10)
06-28 11:00:17.275    76   123 D AudioFlinger: mixer(0xaa5833c0) throttle end: throttle time(10)
06-28 11:00:17.395    76   123 D AudioFlinger: mixer(0xaa5833c0) throttle end: throttle time(10)
06-28 11:00:17.509    76   123 D AudioFlinger: mixer(0xaa5833c0) throttle end: throttle time(10)
06-28 11:00:17.627    76   123 D AudioFlinger: mixer(0xaa5833c0) throttle end: throttle time(10)
06-28 11:00:17.742    76   123 D AudioFlinger: mixer(0xaa5833c0) throttle end: throttle time(5)
06-28 11:00:17.859    76   123 D AudioFlinger: mixer(0xaa5833c0) throttle end: throttle time(10)
06-28 11:00:17.948    76   123 D AudioFlinger: mixer(0xaa5833c0) throttle end: throttle time(10)
06-28 11:00:18.066    76   123 D AudioFlinger: mixer(0xaa5833c0) throttle end: throttle time(10)
06-28 11:00:18.182    76   123 D AudioFlinger: mixer(0xaa5833c0) throttle end: throttle time(9)
06-28 11:00:18.299    76   123 D AudioFlinger: mixer(0xaa5833c0) throttle end: throttle time(10)
06-28 11:00:18.416    76   123 D AudioFlinger: mixer(0xaa5833c0) throttle end: throttle time(9)
06-28 11:00:18.535    76   123 D AudioFlinger: mixer(0xaa5833c0) throttle end: throttle time(3)
06-28 11:00:18.621    76   123 D AudioFlinger: mixer(0xaa5833c0) throttle end: throttle time(10)
06-28 11:00:18.738    76   123 D AudioFlinger: mixer(0xaa5833c0) throttle end: throttle time(10)
06-28 11:00:18.854    76   123 D AudioFlinger: mixer(0xaa5833c0) throttle end: throttle time(10)
06-28 11:00:18.972    76   123 D AudioFlinger: mixer(0xaa5833c0) throttle end: throttle time(10)
06-28 11:00:19.089    76   123 D AudioFlinger: mixer(0xaa5833c0) throttle end: throttle time(10)
06-28 11:00:19.207    76   123 D AudioFlinger: mixer(0xaa5833c0) throttle end: throttle time(10)
06-28 11:00:19.295    76   123 D AudioFlinger: mixer(0xaa5833c0) throttle end: throttle time(10)
06-28 11:00:19.533    76   123 D AudioFlinger: mixer(0xaa5833c0) throttle end: throttle time(10)
06-28 11:00:19.622    76   123 D AudioFlinger: mixer(0xaa5833c0) throttle end: throttle time(10)
06-28 11:00:19.738    76   123 D AudioFlinger: mixer(0xaa5833c0) throttle end: throttle time(10)
06-28 11:00:19.829    76   123 D AudioFlinger: mixer(0xaa5833c0) throttle end: throttle time(10)
06-28 11:00:19.947    76   123 D AudioFlinger: mixer(0xaa5833c0) throttle end: throttle time(9)
06-28 11:00:20.063    76   123 D AudioFlinger: mixer(0xaa5833c0) throttle end: throttle time(10)
06-28 11:00:20.182    76   123 D AudioFlinger: mixer(0xaa5833c0) throttle end: throttle time(10)
06-28 11:00:20.191   583  1108 I OmtpVvmCarrierCfgHlpr: OmtpEvent:CONFIG_STATUS_SMS_TIME_OUT
06-28 11:00:20.193   583   583 I RetryPolicy: discarding deferred status: configuration_state=4
06-28 11:00:20.212   583   583 D VvmTaskScheduler: No more tasks, stopping service if no task are added in 5000 millis
06-28 11:00:20.225   583   583 D VvmTaskScheduler: create task:com.android.phone.vvm.omtp.ActivationTask
06-28 11:00:20.228   583   583 D RetryPolicy: retry #3 for com.android.phone.vvm.omtp.ActivationTask@eb23515 queued, executing in 5000
06-28 11:00:20.257   583   583 D VvmTaskScheduler: minimal wait time:4972
06-28 11:00:20.262   583   583 D VvmTaskScheduler: minimal wait time:4967
06-28 11:00:20.270    76   123 D AudioFlinger: mixer(0xaa5833c0) throttle end: throttle time(8)
06-28 11:00:20.386    76   123 D AudioFlinger: mixer(0xaa5833c0) throttle end: throttle time(10)
06-28 11:00:20.505    76   123 D AudioFlinger: mixer(0xaa5833c0) throttle end: throttle time(10)
06-28 11:00:20.623    76   123 D AudioFlinger: mixer(0xaa5833c0) throttle end: throttle time(10)
06-28 11:00:20.738    76   123 D AudioFlinger: mixer(0xaa5833c0) throttle end: throttle time(10)
06-28 11:00:20.855    76   123 D AudioFlinger: mixer(0xaa5833c0) throttle end: throttle time(10)
06-28 11:00:20.972    76   123 D AudioFlinger: mixer(0xaa5833c0) throttle end: throttle time(10)
06-28 11:00:21.061    76   123 D AudioFlinger: mixer(0xaa5833c0) throttle end: throttle time(9)
06-28 11:00:21.182    76   123 D AudioFlinger: mixer(0xaa5833c0) throttle end: throttle time(10)
06-28 11:00:21.297    76   123 D AudioFlinger: mixer(0xaa5833c0) throttle end: throttle time(7)
06-28 11:00:21.387    76   123 D AudioFlinger: mixer(0xaa5833c0) throttle end: throttle time(10)
06-28 11:00:21.395  1074  1085 I art     : Background sticky concurrent mark sweep GC freed 69923(2MB) AllocSpace objects, 10(424KB) LOS objects, 31% free, 8MB/11MB, paused 8.908ms total 259.931ms
06-28 11:00:21.501    76   123 D AudioFlinger: mixer(0xaa5833c0) throttle end: throttle time(10)
06-28 11:00:21.620    76   123 D AudioFlinger: mixer(0xaa5833c0) throttle end: throttle time(10)
06-28 11:00:21.736    76   123 D AudioFlinger: mixer(0xaa5833c0) throttle end: throttle time(10)
06-28 11:00:21.825    76   123 D AudioFlinger: mixer(0xaa5833c0) throttle end: throttle time(10)
06-28 11:00:21.943    76   123 D AudioFlinger: mixer(0xaa5833c0) throttle end: throttle time(5)
06-28 11:00:22.062    76   123 D AudioFlinger: mixer(0xaa5833c0) throttle end: throttle time(9)
06-28 11:00:22.179    76   123 D AudioFlinger: mixer(0xaa5833c0) throttle end: throttle time(10)
06-28 11:00:22.266    76   123 D AudioFlinger: mixer(0xaa5833c0) throttle end: throttle time(10)
06-28 11:00:22.383    76   123 D AudioFlinger: mixer(0xaa5833c0) throttle end: throttle time(10)
06-28 11:00:22.501    76   123 D AudioFlinger: mixer(0xaa5833c0) throttle end: throttle time(10)
06-28 11:00:22.618    76   123 D AudioFlinger: mixer(0xaa5833c0) throttle end: throttle time(10)
06-28 11:00:22.735    76   123 D AudioFlinger: mixer(0xaa5833c0) throttle end: throttle time(10)
06-28 11:00:22.852    76   123 D AudioFlinger: mixer(0xaa5833c0) throttle end: throttle time(10)
06-28 11:00:22.941    76   123 D AudioFlinger: mixer(0xaa5833c0) throttle end: throttle time(10)
06-28 11:00:23.060    76   123 D AudioFlinger: mixer(0xaa5833c0) throttle end: throttle time(10)
06-28 11:00:23.151    76   123 D AudioFlinger: mixer(0xaa5833c0) throttle end: throttle time(8)
06-28 11:00:23.268    76   123 D AudioFlinger: mixer(0xaa5833c0) throttle end: throttle time(10)
06-28 11:00:23.386    76   123 D AudioFlinger: mixer(0xaa5833c0) throttle end: throttle time(10)
06-28 11:00:23.504    76   123 D AudioFlinger: mixer(0xaa5833c0) throttle end: throttle time(10)
06-28 11:00:23.589    76   123 D AudioFlinger: mixer(0xaa5833c0) throttle end: throttle time(10)
06-28 11:00:23.708    76   123 D AudioFlinger: mixer(0xaa5833c0) throttle end: throttle time(10)
06-28 11:00:23.825    76   123 D AudioFlinger: mixer(0xaa5833c0) throttle end: throttle time(10)
06-28 11:00:23.943    76   123 D AudioFlinger: mixer(0xaa5833c0) throttle end: throttle time(8)
06-28 11:00:24.034    76   123 D AudioFlinger: mixer(0xaa5833c0) throttle end: throttle time(10)
06-28 11:00:24.149    76   123 D AudioFlinger: mixer(0xaa5833c0) throttle end: throttle time(10)
06-28 11:00:24.268    76   123 D AudioFlinger: mixer(0xaa5833c0) throttle end: throttle time(10)
06-28 11:00:24.358    76   123 D AudioFlinger: mixer(0xaa5833c0) throttle end: throttle time(10)
06-28 11:00:24.483    76   123 D AudioFlinger: mixer(0xaa5833c0) throttle end: throttle time(9)
06-28 11:00:24.566    76   123 D AudioFlinger: mixer(0xaa5833c0) throttle end: throttle time(10)
06-28 11:00:24.683    76   123 D AudioFlinger: mixer(0xaa5833c0) throttle end: throttle time(10)
06-28 11:00:24.800    76   123 D AudioFlinger: mixer(0xaa5833c0) throttle end: throttle time(10)
06-28 11:00:24.918    76   123 D AudioFlinger: mixer(0xaa5833c0) throttle end: throttle time(10)
06-28 11:00:25.007    76   123 D AudioFlinger: mixer(0xaa5833c0) throttle end: throttle time(10)
06-28 11:00:25.123    76   123 D AudioFlinger: mixer(0xaa5833c0) throttle end: throttle time(10)
06-28 11:00:25.241    76   123 D AudioFlinger: mixer(0xaa5833c0) throttle end: throttle time(10)
06-28 11:00:25.278   583  1108 V VvmTaskScheduler: executing task com.android.phone.vvm.omtp.ActivationTask@eb23515
06-28 11:00:25.357    76   123 D AudioFlinger: mixer(0xaa5833c0) throttle end: throttle time(10)
06-28 11:00:25.471   583  1108 I VvmActivationTask: VVM content provider configured - vvm_type_cvvm
06-28 11:00:25.474   583  1108 I OmtpVvmCarrierCfgHlpr: OmtpEvent:CONFIG_ACTIVATING
06-28 11:00:25.475    76   123 D AudioFlinger: mixer(0xaa5833c0) throttle end: throttle time(10)
06-28 11:00:25.564    76   123 D AudioFlinger: mixer(0xaa5833c0) throttle end: throttle time(10)
06-28 11:00:25.682    76   123 D AudioFlinger: mixer(0xaa5833c0) throttle end: throttle time(9)
06-28 11:00:25.690   583  1108 V OmtpMessageSender: Sending BINARY sms 'Activate:dt=6' to 122:1808
06-28 11:00:25.799    76   123 D AudioFlinger: mixer(0xaa5833c0) throttle end: throttle time(10)
06-28 11:00:25.881   583   583 D VvmStatusSmsFetcher: Request SMS successfully sent
06-28 11:00:25.916    76   123 D AudioFlinger: mixer(0xaa5833c0) throttle end: throttle time(10)
06-28 11:00:26.005    76   123 D AudioFlinger: mixer(0xaa5833c0) throttle end: throttle time(10)
06-28 11:00:26.123    76   123 D AudioFlinger: mixer(0xaa5833c0) throttle end: throttle time(10)
06-28 11:00:26.240    76   123 D AudioFlinger: mixer(0xaa5833c0) throttle end: throttle time(10)
06-28 11:00:26.357    76   123 D AudioFlinger: mixer(0xaa5833c0) throttle end: throttle time(10)
06-28 11:00:26.446    76   123 D AudioFlinger: mixer(0xaa5833c0) throttle end: throttle time(10)
06-28 11:00:26.563    76   123 D AudioFlinger: mixer(0xaa5833c0) throttle end: throttle time(10)
06-28 11:00:26.680    76   123 D AudioFlinger: mixer(0xaa5833c0) throttle end: throttle time(10)
06-28 11:00:26.799    76   123 D AudioFlinger: mixer(0xaa5833c0) throttle end: throttle time(10)
06-28 11:00:26.918    76   123 D AudioFlinger: mixer(0xaa5833c0) throttle end: throttle time(10)
06-28 11:00:27.004    76   123 D AudioFlinger: mixer(0xaa5833c0) throttle end: throttle time(10)
06-28 11:00:27.122    76   123 D AudioFlinger: mixer(0xaa5833c0) throttle end: throttle time(10)
06-28 11:00:27.240    76   123 D AudioFlinger: mixer(0xaa5833c0) throttle end: throttle time(10)
06-28 11:00:27.329    76   123 D AudioFlinger: mixer(0xaa5833c0) throttle end: throttle time(10)
06-28 11:00:27.447    76   123 D AudioFlinger: mixer(0xaa5833c0) throttle end: throttle time(10)
06-28 11:00:27.566    76   123 D AudioFlinger: mixer(0xaa5833c0) throttle end: throttle time(9)
06-28 11:00:27.703    76   123 D AudioFlinger: mixer(0xaa5833c0) throttle end: throttle time(14)
06-28 11:00:27.821    76   123 D AudioFlinger: mixer(0xaa5833c0) throttle end: throttle time(10)
06-28 11:00:27.909    76   123 D AudioFlinger: mixer(0xaa5833c0) throttle end: throttle time(8)
06-28 11:00:28.028    76   123 D AudioFlinger: mixer(0xaa5833c0) throttle end: throttle time(8)
06-28 11:00:28.145    76   123 D AudioFlinger: mixer(0xaa5833c0) throttle end: throttle time(9)
06-28 11:00:28.260    76   123 D AudioFlinger: mixer(0xaa5833c0) throttle end: throttle time(10)
06-28 11:00:28.379    76   123 D AudioFlinger: mixer(0xaa5833c0) throttle end: throttle time(7)
06-28 11:00:28.467    76   123 D AudioFlinger: mixer(0xaa5833c0) throttle end: throttle time(10)
06-28 11:00:28.583    76   123 D AudioFlinger: mixer(0xaa5833c0) throttle end: throttle time(3)
06-28 11:00:28.701    76   123 D AudioFlinger: mixer(0xaa5833c0) throttle end: throttle time(10)
06-28 11:00:28.821    76   123 D AudioFlinger: mixer(0xaa5833c0) throttle end: throttle time(10)
06-28 11:00:28.907    76   123 D AudioFlinger: mixer(0xaa5833c0) throttle end: throttle time(10)
06-28 11:00:29.024    76   123 D AudioFlinger: mixer(0xaa5833c0) throttle end: throttle time(10)
06-28 11:00:29.142    76   123 D AudioFlinger: mixer(0xaa5833c0) throttle end: throttle time(10)
06-28 11:00:29.261    76   123 D AudioFlinger: mixer(0xaa5833c0) throttle end: throttle time(7)
06-28 11:00:29.348    76   123 D AudioFlinger: mixer(0xaa5833c0) throttle end: throttle time(10)
06-28 11:00:29.466    76   123 D AudioFlinger: mixer(0xaa5833c0) throttle end: throttle time(10)
06-28 11:00:29.701    76   123 D AudioFlinger: mixer(0xaa5833c0) throttle end: throttle time(10)
06-28 11:00:29.818    76   123 D AudioFlinger: mixer(0xaa5833c0) throttle end: throttle time(10)
06-28 11:00:29.935    76   123 D AudioFlinger: mixer(0xaa5833c0) throttle end: throttle time(10)
06-28 11:00:30.024    76   123 D AudioFlinger: mixer(0xaa5833c0) throttle end: throttle time(10)
06-28 11:00:30.138    76   123 D AudioFlinger: mixer(0xaa5833c0) throttle end: throttle time(10)
06-28 11:00:30.256    76   123 D AudioFlinger: mixer(0xaa5833c0) throttle end: throttle time(10)
06-28 11:00:30.374    76   123 D AudioFlinger: mixer(0xaa5833c0) throttle end: throttle time(10)
06-28 11:00:30.492    76   123 D AudioFlinger: mixer(0xaa5833c0) throttle end: throttle time(10)
06-28 11:00:30.584    76   123 D AudioFlinger: mixer(0xaa5833c0) throttle end: throttle time(10)
06-28 11:00:30.696    76   123 D AudioFlinger: mixer(0xaa5833c0) throttle end: throttle time(9)
06-28 11:00:30.816    76   123 D AudioFlinger: mixer(0xaa5833c0) throttle end: throttle time(9)
06-28 11:00:30.932    76   123 D AudioFlinger: mixer(0xaa5833c0) throttle end: throttle time(10)
06-28 11:00:31.024    76   123 D AudioFlinger: mixer(0xaa5833c0) throttle end: throttle time(10)
06-28 11:00:31.139    76   123 D AudioFlinger: mixer(0xaa5833c0) throttle end: throttle time(10)
06-28 11:00:31.256    76   123 D AudioFlinger: mixer(0xaa5833c0) throttle end: throttle time(10)
06-28 11:00:31.375    76   123 D AudioFlinger: mixer(0xaa5833c0) throttle end: throttle time(10)
06-28 11:00:31.464    76   123 D AudioFlinger: mixer(0xaa5833c0) throttle end: throttle time(10)
06-28 11:00:31.581    76   123 D AudioFlinger: mixer(0xaa5833c0) throttle end: throttle time(10)
06-28 11:00:31.697    76   123 D AudioFlinger: mixer(0xaa5833c0) throttle end: throttle time(10)
06-28 11:00:31.818    76   123 D AudioFlinger: mixer(0xaa5833c0) throttle end: throttle time(10)
06-28 11:00:31.905    76   123 D AudioFlinger: mixer(0xaa5833c0) throttle end: throttle time(10)
06-28 11:00:32.023    76   123 D AudioFlinger: mixer(0xaa5833c0) throttle end: throttle time(10)
06-28 11:00:32.112    76   123 D AudioFlinger: mixer(0xaa5833c0) throttle end: throttle time(9)
06-28 11:00:32.234    76   123 D AudioFlinger: mixer(0xaa5833c0) throttle end: throttle time(8)
06-28 11:00:32.350    76   123 D AudioFlinger: mixer(0xaa5833c0) throttle end: throttle time(8)
06-28 11:00:32.465    76   123 D AudioFlinger: mixer(0xaa5833c0) throttle end: throttle time(9)
06-28 11:00:32.583    76   123 D AudioFlinger: mixer(0xaa5833c0) throttle end: throttle time(10)
06-28 11:00:32.671    76   123 D AudioFlinger: mixer(0xaa5833c0) throttle end: throttle time(10)
06-28 11:00:32.788    76   123 D AudioFlinger: mixer(0xaa5833c0) throttle end: throttle time(10)
06-28 11:00:32.905    76   123 D AudioFlinger: mixer(0xaa5833c0) throttle end: throttle time(10)
06-28 11:00:32.994    76   123 D AudioFlinger: mixer(0xaa5833c0) throttle end: throttle time(10)
06-28 11:00:33.111    76   123 D AudioFlinger: mixer(0xaa5833c0) throttle end: throttle time(6)
