06-28 10:58:19.894  1297  1297 E ActivityThread: Failed to find provider info for com.google.android.gsf.gservices
06-28 10:58:19.974    76   123 D AudioFlinger: mixer(0xaa5833c0) throttle end: throttle time(10)
06-28 10:58:20.062    76   123 D AudioFlinger: mixer(0xaa5833c0) throttle end: throttle time(10)
06-28 10:58:20.179    76   123 D AudioFlinger: mixer(0xaa5833c0) throttle end: throttle time(10)
06-28 10:58:20.295    76   123 D AudioFlinger: mixer(0xaa5833c0) throttle end: throttle time(8)
06-28 10:58:20.411    76   123 D AudioFlinger: mixer(0xaa5833c0) throttle end: throttle time(7)
06-28 10:58:20.528    76   123 D AudioFlinger: mixer(0xaa5833c0) throttle end: throttle time(10)
06-28 10:58:20.645    76   123 D AudioFlinger: mixer(0xaa5833c0) throttle end: throttle time(10)
06-28 10:58:20.661  1112  1158 W art     : Verification of retrofit2.Call com.vungle.warren.network.VungleApiClient.requestAd(java.lang.String, boolean) took 2.370s
06-28 10:58:20.761    76   123 D AudioFlinger: mixer(0xaa5833c0) throttle end: throttle time(6)
06-28 10:58:20.841  1297  1297 E ActivityThread: Failed to find provider info for com.google.android.gsf.gservices
06-28 10:58:20.879    76   123 D AudioFlinger: mixer(0xaa5833c0) throttle end: throttle time(8)
06-28 10:58:20.969    76   123 D AudioFlinger: mixer(0xaa5833c0) throttle end: throttle time(10)
06-28 10:58:21.086    76   123 D AudioFlinger: mixer(0xaa5833c0) throttle end: throttle time(10)
06-28 10:58:21.203    76   123 D AudioFlinger: mixer(0xaa5833c0) throttle end: throttle time(10)
06-28 10:58:21.321    76   123 D AudioFlinger: mixer(0xaa5833c0) throttle end: throttle time(10)
06-28 10:58:21.390  1297  1297 E ActivityThread: Failed to find provider info for com.google.android.gsf.gservices
06-28 10:58:21.407  1297  1297 E ActivityThread: Failed to find provider info for com.google.android.gsf.gservices
06-28 10:58:21.410    76   123 D AudioFlinger: mixer(0xaa5833c0) throttle end: throttle time(7)
06-28 10:58:21.456  1297  1320 E ActivityThread: Failed to find provider info for com.google.android.gsf.gservices
06-28 10:58:21.461  1297  1320 E ActivityThread: Failed to find provider info for com.google.android.gsf.gservices
06-28 10:58:21.463  1297  1320 E ActivityThread: Failed to find provider info for com.google.android.gsf.gservices
06-28 10:58:21.529    76   123 D AudioFlinger: mixer(0xaa5833c0) throttle end: throttle time(9)
06-28 10:58:21.589  1112  1239 W art     : Long monitor contention with owner RxIoScheduler-11 (1268) at okhttp3.internal.connection.RealConnection okhttp3.internal.connection.StreamAllocation.findConnection(int, int, int, int, boolean)(StreamAllocation.java:39) waiters=1 in void okhttp3.internal.connection.RealConnection.connect(int, int, int, int, boolean, okhttp3.Call, okhttp3.EventListener) for 300ms
06-28 10:58:21.593  1112  1330 W art     : Long monitor contention with owner RxIoScheduler-11 (1268) at okhttp3.internal.connection.RealConnection okhttp3.internal.connection.StreamAllocation.findConnection(int, int, int, int, boolean)(StreamAllocation.java:39) waiters=3 in long okhttp3.ConnectionPool.cleanup(long) for 170ms
06-28 10:58:21.646    76   123 D AudioFlinger: mixer(0xaa5833c0) throttle end: throttle time(9)
06-28 10:58:21.733    76   123 D AudioFlinger: mixer(0xaa5833c0) throttle end: throttle time(10)
06-28 10:58:21.850    76   123 D AudioFlinger: mixer(0xaa5833c0) throttle end: throttle time(10)
06-28 10:58:21.920  1112  1329 W art     : Long monitor contention with owner RxIoScheduler-12 (1282) at void okhttp3.internal.http2.Http2Stream.<init>(int, okhttp3.internal.http2.Http2Connection, boolean, boolean, okhttp3.Headers)(Http2Stream.java:12) waiters=0 in void okhttp3.internal.http2.Http2Connection$ReaderRunnable.settings(boolean, okhttp3.internal.http2.Settings) for 120ms
06-28 10:58:21.970    76   123 D AudioFlinger: mixer(0xaa5833c0) throttle end: throttle time(10)
06-28 10:58:22.085    76   123 D AudioFlinger: mixer(0xaa5833c0) throttle end: throttle time(10)
06-28 10:58:22.155  1112  1268 W art     : Long monitor contention with owner RxIoScheduler-12 (1282) at java.lang.Object java.util.ArrayList.get(int)(ArrayList.java:410) waiters=2 in okhttp3.internal.http2.Http2Stream okhttp3.internal.http2.Http2Connection.newStream(int, java.util.List, boolean) for 103ms
06-28 10:58:22.203    76   123 D AudioFlinger: mixer(0xaa5833c0) throttle end: throttle time(10)
06-28 10:58:22.291    76   123 D AudioFlinger: mixer(0xaa5833c0) throttle end: throttle time(10)
06-28 10:58:22.324  1112  1158 I MoPub   : [com.mopub.common.BaseAdapterConfiguration][getCachedInitializationParameters] SDK Log - fetched init settings for 2 networks: [com.mopub.mobileads.GooglePlayServicesAdapterConfiguration, com.mopub.nativeads.InneractiveAdapterConfiguration]
06-28 10:58:22.326  1112  1158 I MoPub   : [com.mopub.common.AdapterConfigurationManager$a][a] SDK Log - Initializing com.mopub.mobileads.VungleAdapterConfiguration version 6.3.24.2 with network sdk version 6.3.24 and with params {}
06-28 10:58:22.334  1112  1158 I MoPub   : [com.mopub.mobileads.VungleAdapterConfiguration][initializeNetwork] Adapter VungleAdapterConfiguration Log - Vungle's initialization not started. Ensure Vungle's appId is populated
06-28 10:58:22.336  1112  1158 I MoPub   : [com.mopub.common.AdapterConfigurationManager][onNetworkInitializationFinished] SDK Log - class com.mopub.mobileads.VungleAdapterConfiguration initialized with error code Native Network or Custom Event adapter was configured incorrectly.
06-28 10:58:22.339  1112  1158 I MoPub   : [com.mopub.common.AdapterConfigurationManager$a][a] SDK Log With Throwable - Unable to find class com.mopub.mobileads.FlurryAdapterConfiguration, java.lang.ClassNotFoundException: com.mopub.mobileads.FlurryAdapterConfiguration
06-28 10:58:22.341  1112  1158 I MoPub   : [com.mopub.common.AdapterConfigurationManager$a][a] SDK Log With Throwable - Unable to find class class com.mopub.nativeads.AppLovinBaseAdapterConfiguration, java.lang.ClassNotFoundException: Invalid name: class com.mopub.nativeads.AppLovinBaseAdapterConfiguration
06-28 10:58:22.409    76   123 D AudioFlinger: mixer(0xaa5833c0) throttle end: throttle time(10)
06-28 10:58:22.527    76   123 D AudioFlinger: mixer(0xaa5833c0) throttle end: throttle time(10)
06-28 10:58:22.645    76   123 D AudioFlinger: mixer(0xaa5833c0) throttle end: throttle time(7)
06-28 10:58:22.734    76   123 D AudioFlinger: mixer(0xaa5833c0) throttle end: throttle time(10)
06-28 10:58:22.851    76   123 D AudioFlinger: mixer(0xaa5833c0) throttle end: throttle time(10)
06-28 10:58:22.969    76   123 D AudioFlinger: mixer(0xaa5833c0) throttle end: throttle time(10)
06-28 10:58:23.048  1112  1156 I MoPub   : [com.mopub.common.GpsHelper][fetchAdvertisingInfoSync] SDK Log - Unable to obtain Google AdvertisingIdClient.Info via reflection.
06-28 10:58:23.084    76   123 D AudioFlinger: mixer(0xaa5833c0) throttle end: throttle time(10)
06-28 10:58:23.201    76   123 D AudioFlinger: mixer(0xaa5833c0) throttle end: throttle time(10)
06-28 10:58:23.288    76   123 D AudioFlinger: mixer(0xaa5833c0) throttle end: throttle time(10)
06-28 10:58:23.296  1112  1158 I MoPub   : [com.mopub.common.AdapterConfigurationManager$a][a] SDK Log With Throwable - Unable to find class com.mopub.mobileads.AdColonyAdapterConfiguration, java.lang.ClassNotFoundException: com.mopub.mobileads.AdColonyAdapterConfiguration
06-28 10:58:23.327  1112  1158 I MoPub   : [com.mopub.common.AdapterConfigurationManager$a][a] SDK Log With Throwable - Unable to find class com.mopub.mobileads.AppLovinAdapterConfiguration, java.lang.ClassNotFoundException: com.mopub.mobileads.AppLovinAdapterConfiguration
06-28 10:58:23.363  1112  1158 I MoPub   : [com.mopub.common.AdapterConfigurationManager$a][a] SDK Log With Throwable - Unable to find class com.mopub.mobileads.VerizonAdapterConfiguration, java.lang.ClassNotFoundException: com.mopub.mobileads.VerizonAdapterConfiguration
06-28 10:58:23.411    76   123 D AudioFlinger: mixer(0xaa5833c0) throttle end: throttle time(10)
06-28 10:58:23.525    76   123 D AudioFlinger: mixer(0xaa5833c0) throttle end: throttle time(10)
06-28 10:58:23.642    76   123 D AudioFlinger: mixer(0xaa5833c0) throttle end: throttle time(10)
06-28 10:58:23.711  1112  1158 I MoPub   : [com.mopub.common.AdapterConfigurationManager$a][a] SDK Log With Throwable - Unable to find class com.mopub.mobileads.FacebookAdapterConfiguration, java.lang.ClassNotFoundException: com.mopub.mobileads.FacebookAdapterConfiguration
06-28 10:58:23.713  1112  1158 I MoPub   : [com.mopub.common.BaseAdapterConfiguration][getCachedInitializationParameters] SDK Log - fetched init settings for 2 networks: [com.mopub.mobileads.GooglePlayServicesAdapterConfiguration, com.mopub.nativeads.InneractiveAdapterConfiguration]
06-28 10:58:23.726    76   123 D AudioFlinger: mixer(0xaa5833c0) throttle end: throttle time(10)
06-28 10:58:23.824  1112  1158 I MoPub   : [com.mopub.common.BaseAdapterConfiguration][setCachedInitializationParameters] SDK Log - Updating init settings for custom event com.mopub.nativeads.InneractiveAdapterConfiguration with params {"appID":"109964","Placement_Id":"d225547d92b743179d8a04b75bf7d116"}
06-28 10:58:23.828  1112  1158 I MoPub   : [com.mopub.common.AdapterConfigurationManager$a][a] SDK Log - Initializing com.mopub.nativeads.InneractiveAdapterConfiguration version 7.3.2.0 with network sdk version 7.3.2 and with params {appID=109964, Placement_Id=d225547d92b743179d8a04b75bf7d116}
06-28 10:58:23.873    76   123 D AudioFlinger: mixer(0xaa5833c0) throttle end: throttle time(10)
06-28 10:58:23.962    76   123 D AudioFlinger: mixer(0xaa5833c0) throttle end: throttle time(10)
06-28 10:58:24.082    76   123 D AudioFlinger: mixer(0xaa5833c0) throttle end: throttle time(8)
06-28 10:58:24.200    76   123 D AudioFlinger: mixer(0xaa5833c0) throttle end: throttle time(10)
06-28 10:58:24.288    76   123 D AudioFlinger: mixer(0xaa5833c0) throttle end: throttle time(10)
06-28 10:58:24.405    76   123 D AudioFlinger: mixer(0xaa5833c0) throttle end: throttle time(10)
06-28 10:58:24.523    76   123 D AudioFlinger: mixer(0xaa5833c0) throttle end: throttle time(10)
06-28 10:58:24.641    76   123 D AudioFlinger: mixer(0xaa5833c0) throttle end: throttle time(11)
06-28 10:58:24.728    76   123 D AudioFlinger: mixer(0xaa5833c0) throttle end: throttle time(10)
06-28 10:58:24.730  1112  1266 W art     : Long monitor contention with owner HttpRequestManager:184 (1246) at java.security.cert.TrustAnchor com.android.org.conscrypt.TrustedCertificateIndex.findBySubjectAndPublicKey(java.security.cert.X509Certificate)(TrustedCertificateIndex.java:129) waiters=0 in java.security.cert.TrustAnchor com.android.org.conscrypt.TrustedCertificateIndex.findBySubjectAndPublicKey(java.security.cert.X509Certificate) for 3.569s
06-28 10:58:24.846    76   123 D AudioFlinger: mixer(0xaa5833c0) throttle end: throttle time(9)
06-28 10:58:24.930  1297  1297 D NetworkSecurityConfig: No Network Security Config specified, using platform default
06-28 10:58:24.966    76   123 D AudioFlinger: mixer(0xaa5833c0) throttle end: throttle time(10)
06-28 10:58:25.084    76   123 D AudioFlinger: mixer(0xaa5833c0) throttle end: throttle time(10)
06-28 10:58:25.174    76   123 D AudioFlinger: mixer(0xaa5833c0) throttle end: throttle time(10)
06-28 10:58:25.196  1112  1218 D Volley  : [156] BasicNetwork.a: HTTP response for request=<[ ] https://ads.mopub.com/m/open 0x469abf70 NORMAL 1> [lifetime=25513], [size=23], [rc=200], [retryCount=0]
06-28 10:58:25.285    76   123 D AudioFlinger: mixer(0xaa5833c0) throttle end: throttle time(10)
06-28 10:58:25.403    76   123 D AudioFlinger: mixer(0xaa5833c0) throttle end: throttle time(10)
06-28 10:58:25.521    76   123 D AudioFlinger: mixer(0xaa5833c0) throttle end: throttle time(10)
06-28 10:58:25.610  1297  1297 W System.err: YouTube MDX: Bogus value in shared preferences for key MdxServerSelection value , returning default value.
06-28 10:58:25.639    76   123 D AudioFlinger: mixer(0xaa5833c0) throttle end: throttle time(10)
06-28 10:58:25.657  1112  1112 W art     : Long monitor contention with owner Thread-10 (1218) at boolean android.os.MessageQueue.enqueueMessage(android.os.Message, long)(MessageQueue.java:541) waiters=0 in android.os.Message android.os.MessageQueue.next() for 452ms
06-28 10:58:25.662  1112  1112 I MoPub   : [com.mopub.network.TrackingRequest$a][onResponse] SDK Log - Successfully hit tracking endpoint: https://ads.mopub.com/m/open
06-28 10:58:25.728    76   123 D AudioFlinger: mixer(0xaa5833c0) throttle end: throttle time(10)
06-28 10:58:25.744  1297  1297 I System.out: YouTube MDX: MDX video stage moved to NEW
06-28 10:58:25.797  1297  1297 I System.out: YouTube MDX: MDX video player state moved to UNSTARTED
06-28 10:58:25.804  1297  1297 I System.out: YouTube MDX: MDX ad player state moved to UNSTARTED
06-28 10:58:25.847    76   123 D AudioFlinger: mixer(0xaa5833c0) throttle end: throttle time(9)
06-28 10:58:25.965    76   123 D AudioFlinger: mixer(0xaa5833c0) throttle end: throttle time(10)
06-28 10:58:26.079    76   123 D AudioFlinger: mixer(0xaa5833c0) throttle end: throttle time(10)
06-28 10:58:26.124  1297  1360 E YouTube : (unknown) Failed to get advertising id
06-28 10:58:26.124  1297  1360 E YouTube : epm: dub
06-28 10:58:26.124  1297  1360 E YouTube : 	at eng.a(SourceFile:1053)
06-28 10:58:26.124  1297  1360 E YouTube : 	at fjo.run(SourceFile:37)
06-28 10:58:26.124  1297  1360 E YouTube : 	at java.lang.Thread.run(Thread.java:761)
06-28 10:58:26.124  1297  1360 E YouTube : Caused by: dub
06-28 10:58:26.124  1297  1360 E YouTube : 	at drl.b(Unknown Source)
06-28 10:58:26.124  1297  1360 E YouTube : 	at drl.a(Unknown Source)
06-28 10:58:26.124  1297  1360 E YouTube : 	at drl.a(Unknown Source)
06-28 10:58:26.124  1297  1360 E YouTube : 	at eng.a(SourceFile:1051)
06-28 10:58:26.124  1297  1360 E YouTube : 	... 2 more
06-28 10:58:26.196    76   123 D AudioFlinger: mixer(0xaa5833c0) throttle end: throttle time(10)
06-28 10:58:26.286    76   123 D AudioFlinger: mixer(0xaa5833c0) throttle end: throttle time(10)
06-28 10:58:26.402    76   123 D AudioFlinger: mixer(0xaa5833c0) throttle end: throttle time(10)
06-28 10:58:26.520    76   123 D AudioFlinger: mixer(0xaa5833c0) throttle end: throttle time(10)
06-28 10:58:26.637    76   123 D AudioFlinger: mixer(0xaa5833c0) throttle end: throttle time(10)
06-28 10:58:26.725    76   123 D AudioFlinger: mixer(0xaa5833c0) throttle end: throttle time(10)
06-28 10:58:26.842    76   123 D AudioFlinger: mixer(0xaa5833c0) throttle end: throttle time(5)
06-28 10:58:26.961    76   123 D AudioFlinger: mixer(0xaa5833c0) throttle end: throttle time(8)
06-28 10:58:27.079    76   123 D AudioFlinger: mixer(0xaa5833c0) throttle end: throttle time(9)
06-28 10:58:27.169    76   123 D AudioFlinger: mixer(0xaa5833c0) throttle end: throttle time(10)
06-28 10:58:27.287    76   123 D AudioFlinger: mixer(0xaa5833c0) throttle end: throttle time(10)
06-28 10:58:27.404    76   123 D AudioFlinger: mixer(0xaa5833c0) throttle end: throttle time(10)
06-28 10:58:27.492    76   123 D AudioFlinger: mixer(0xaa5833c0) throttle end: throttle time(10)
06-28 10:58:27.506  1112  1266 W art     : Long monitor contention with owner HttpRequestManager:184 (1246) at java.util.Set com.android.org.conscrypt.TrustedCertificateIndex.findAllByIssuerAndSignature(java.security.cert.X509Certificate)(TrustedCertificateIndex.java:175) waiters=0 in java.util.Set com.android.org.conscrypt.TrustedCertificateIndex.findAllByIssuerAndSignature(java.security.cert.X509Certificate) for 2.680s
06-28 10:58:27.608    76   123 D AudioFlinger: mixer(0xaa5833c0) throttle end: throttle time(10)
06-28 10:58:27.726    76   123 D AudioFlinger: mixer(0xaa5833c0) throttle end: throttle time(4)
06-28 10:58:27.844    76   123 D AudioFlinger: mixer(0xaa5833c0) throttle end: throttle time(9)
06-28 10:58:27.933    76   123 D AudioFlinger: mixer(0xaa5833c0) throttle end: throttle time(10)
06-28 10:58:28.050    76   123 D AudioFlinger: mixer(0xaa5833c0) throttle end: throttle time(9)
06-28 10:58:28.171    76   123 D AudioFlinger: mixer(0xaa5833c0) throttle end: throttle time(10)
06-28 10:58:28.189  1297  1297 V MediaRouter: Adding route: RouteInfo{ name=Phone, description=null, status=null, category=RouteCategory{ name=null types=ROUTE_TYPE_LIVE_AUDIO ROUTE_TYPE_LIVE_VIDEO  groupable=false }, supportedTypes=ROUTE_TYPE_LIVE_AUDIO ROUTE_TYPE_LIVE_VIDEO , presentationDisplay=null }
06-28 10:58:28.286    76   123 D AudioFlinger: mixer(0xaa5833c0) throttle end: throttle time(10)
06-28 10:58:28.403    76   123 D AudioFlinger: mixer(0xaa5833c0) throttle end: throttle time(11)
06-28 10:58:28.431  1297  1297 V MediaRouter: Updating audio routes: AudioRoutesInfo{ type=SPEAKER }
06-28 10:58:28.494    76   123 D AudioFlinger: mixer(0xaa5833c0) throttle end: throttle time(10)
06-28 10:58:28.497  1297  1297 V MediaRouter: Selecting route: RouteInfo{ name=Phone, description=null, status=null, category=RouteCategory{ name=null types=ROUTE_TYPE_LIVE_AUDIO ROUTE_TYPE_LIVE_VIDEO  groupable=false }, supportedTypes=ROUTE_TYPE_LIVE_AUDIO ROUTE_TYPE_LIVE_VIDEO , presentationDisplay=null }
06-28 10:58:28.727    76   123 D AudioFlinger: mixer(0xaa5833c0) throttle end: throttle time(10)
06-28 10:58:28.816    76   123 D AudioFlinger: mixer(0xaa5833c0) throttle end: throttle time(10)
06-28 10:58:28.932    76   123 D AudioFlinger: mixer(0xaa5833c0) throttle end: throttle time(10)
06-28 10:58:29.054    76   123 D AudioFlinger: mixer(0xaa5833c0) throttle end: throttle time(10)
06-28 10:58:29.168    76   123 D AudioFlinger: mixer(0xaa5833c0) throttle end: throttle time(10)
06-28 10:58:29.286    76   123 D AudioFlinger: mixer(0xaa5833c0) throttle end: throttle time(10)
06-28 10:58:29.374    76   123 D AudioFlinger: mixer(0xaa5833c0) throttle end: throttle time(10)
06-28 10:58:29.491    76   123 D AudioFlinger: mixer(0xaa5833c0) throttle end: throttle time(10)
06-28 10:58:29.609    76   123 D AudioFlinger: mixer(0xaa5833c0) throttle end: throttle time(10)
06-28 10:58:29.730    76   123 D AudioFlinger: mixer(0xaa5833c0) throttle end: throttle time(9)
06-28 10:58:29.816    76   123 D AudioFlinger: mixer(0xaa5833c0) throttle end: throttle time(10)
06-28 10:58:29.930    76   123 D AudioFlinger: mixer(0xaa5833c0) throttle end: throttle time(8)
06-28 10:58:30.050    76   123 D AudioFlinger: mixer(0xaa5833c0) throttle end: throttle time(10)
06-28 10:58:30.165    76   123 D AudioFlinger: mixer(0xaa5833c0) throttle end: throttle time(10)
06-28 10:58:30.240  1297  1297 E GcmNetworkManager: Google Play Services is not available, dropping GcmNetworkManager request. code=-1
06-28 10:58:30.283    76   123 D AudioFlinger: mixer(0xaa5833c0) throttle end: throttle time(10)
06-28 10:58:30.400    76   123 D AudioFlinger: mixer(0xaa5833c0) throttle end: throttle time(10)
06-28 10:58:30.518    76   123 D AudioFlinger: mixer(0xaa5833c0) throttle end: throttle time(10)
06-28 10:58:30.605    76   123 D AudioFlinger: mixer(0xaa5833c0) throttle end: throttle time(10)
06-28 10:58:30.721    76   123 D AudioFlinger: mixer(0xaa5833c0) throttle end: throttle time(10)
06-28 10:58:30.841    76   123 D AudioFlinger: mixer(0xaa5833c0) throttle end: throttle time(10)
06-28 10:58:30.928    76   123 D AudioFlinger: mixer(0xaa5833c0) throttle end: throttle time(10)
06-28 10:58:31.045    76   123 D AudioFlinger: mixer(0xaa5833c0) throttle end: throttle time(7)
06-28 10:58:31.165    76   123 D AudioFlinger: mixer(0xaa5833c0) throttle end: throttle time(10)
06-28 10:58:31.278    76   123 D AudioFlinger: mixer(0xaa5833c0) throttle end: throttle time(9)
06-28 10:58:31.395    76   123 D AudioFlinger: mixer(0xaa5833c0) throttle end: throttle time(9)
06-28 10:58:31.512    76   123 D AudioFlinger: mixer(0xaa5833c0) throttle end: throttle time(6)
06-28 10:58:31.630    76   123 D AudioFlinger: mixer(0xaa5833c0) throttle end: throttle time(10)
06-28 10:58:31.722    76   123 D AudioFlinger: mixer(0xaa5833c0) throttle end: throttle time(10)
06-28 10:58:31.838    76   123 D AudioFlinger: mixer(0xaa5833c0) throttle end: throttle time(10)
06-28 10:58:31.957    76   123 D AudioFlinger: mixer(0xaa5833c0) throttle end: throttle time(10)
06-28 10:58:32.044    76   123 D AudioFlinger: mixer(0xaa5833c0) throttle end: throttle time(9)
06-28 10:58:32.161    76   123 D AudioFlinger: mixer(0xaa5833c0) throttle end: throttle time(10)
06-28 10:58:32.280    76   123 D AudioFlinger: mixer(0xaa5833c0) throttle end: throttle time(10)
06-28 10:58:32.371    76   123 D AudioFlinger: mixer(0xaa5833c0) throttle end: throttle time(10)
06-28 10:58:32.486    76   123 D AudioFlinger: mixer(0xaa5833c0) throttle end: throttle time(10)
06-28 10:58:32.605    76   123 D AudioFlinger: mixer(0xaa5833c0) throttle end: throttle time(10)
06-28 10:58:32.721    76   123 D AudioFlinger: mixer(0xaa5833c0) throttle end: throttle time(10)
06-28 10:58:32.790  1112  1268 W art     : Long monitor contention with owner logThread (1233) at void android.database.sqlite.SQLiteConnection.nativeExecute(long, long)(SQLiteConnection.java:-2) waiters=0 in long io.rakam.api.b.c(java.lang.String, java.lang.String) for 480ms
06-28 10:58:32.837    76   123 D AudioFlinger: mixer(0xaa5833c0) throttle end: throttle time(10)
06-28 10:58:32.901  1112  1198 W GooglePlayServicesUtil: Google Play Store is missing.
06-28 10:58:32.953    76   123 D AudioFlinger: mixer(0xaa5833c0) throttle end: throttle time(10)
06-28 10:58:33.041    76   123 D AudioFlinger: mixer(0xaa5833c0) throttle end: throttle time(10)
06-28 10:58:33.147  1297  1297 V MediaRouter: Selecting route: RouteInfo{ name=Phone, description=null, status=null, category=RouteCategory{ name=null types=ROUTE_TYPE_LIVE_AUDIO ROUTE_TYPE_LIVE_VIDEO  groupable=false }, supportedTypes=ROUTE_TYPE_LIVE_AUDIO ROUTE_TYPE_LIVE_VIDEO , presentationDisplay=null }
06-28 10:58:33.159    76   123 D AudioFlinger: mixer(0xaa5833c0) throttle end: throttle time(10)
06-28 10:58:33.230  1297  1326 W art     : Long monitor contention with owner pool-2-thread-6 (1348) at long android.database.sqlite.SQLiteConnection.nativePrepareStatement(long, java.lang.String)(SQLiteConnection.java:-2) waiters=0 in android.database.sqlite.SQLiteDatabase android.database.sqlite.SQLiteOpenHelper.getReadableDatabase() for 3.282s
06-28 10:58:33.276    76   123 D AudioFlinger: mixer(0xaa5833c0) throttle end: throttle time(10)
06-28 10:58:33.395    76   123 D AudioFlinger: mixer(0xaa5833c0) throttle end: throttle time(11)
06-28 10:58:33.486    76   123 D AudioFlinger: mixer(0xaa5833c0) throttle end: throttle time(10)
06-28 10:58:33.603    76   123 D AudioFlinger: mixer(0xaa5833c0) throttle end: throttle time(10)
06-28 10:58:33.691    76   123 D AudioFlinger: mixer(0xaa5833c0) throttle end: throttle time(10)
06-28 10:58:33.812    76   123 D AudioFlinger: mixer(0xaa5833c0) throttle end: throttle time(10)
06-28 10:58:33.851  1297  1321 W art     : Long monitor contention with owner pool-2-thread-6 (1348) at long android.database.sqlite.SQLiteConnection.nativePrepareStatement(long, java.lang.String)(SQLiteConnection.java:-2) waiters=0 in void fud.b(dia) for 3.901s
06-28 10:58:33.927    76   123 D AudioFlinger: mixer(0xaa5833c0) throttle end: throttle time(10)
06-28 10:58:34.011  1112  1268 W GooglePlayServicesUtil: Google Play Store is missing.
06-28 10:58:34.042  1297  1322 W art     : Long monitor contention with owner pool-2-thread-6 (1348) at long android.database.sqlite.SQLiteConnection.nativePrepareStatement(long, java.lang.String)(SQLiteConnection.java:-2) waiters=1 in void fud.c(dia) for 2.677s
06-28 10:58:34.044    76   123 D AudioFlinger: mixer(0xaa5833c0) throttle end: throttle time(8)
06-28 10:58:34.135    76   123 D AudioFlinger: mixer(0xaa5833c0) throttle end: throttle time(10)
06-28 10:58:34.252    76   123 D AudioFlinger: mixer(0xaa5833c0) throttle end: throttle time(10)
06-28 10:58:34.368    76   123 D AudioFlinger: mixer(0xaa5833c0) throttle end: throttle time(10)
06-28 10:58:34.486    76   123 D AudioFlinger: mixer(0xaa5833c0) throttle end: throttle time(10)
06-28 10:58:34.575    76   123 D AudioFlinger: mixer(0xaa5833c0) throttle end: throttle time(10)
06-28 10:58:34.691    76   123 D AudioFlinger: mixer(0xaa5833c0) throttle end: throttle time(10)
06-28 10:58:34.816    76   123 D AudioFlinger: mixer(0xaa5833c0) throttle end: throttle time(9)
06-28 10:58:34.900    76   123 D AudioFlinger: mixer(0xaa5833c0) throttle end: throttle time(10)
06-28 10:58:35.017    76   123 D AudioFlinger: mixer(0xaa5833c0) throttle end: throttle time(10)
06-28 10:58:35.135    76   123 D AudioFlinger: mixer(0xaa5833c0) throttle end: throttle time(9)
06-28 10:58:35.254    76   123 D AudioFlinger: mixer(0xaa5833c0) throttle end: throttle time(10)
06-28 10:58:35.341    76   123 D AudioFlinger: mixer(0xaa5833c0) throttle end: throttle time(10)
06-28 10:58:35.460    76   123 D AudioFlinger: mixer(0xaa5833c0) throttle end: throttle time(10)
06-28 10:58:35.492   661   661 D CellBroadcastReceiver: onReceive Intent { act=android.intent.action.SIM_STATE_CHANGED flg=0x4000010 cmp=com.android.cellbroadcastreceiver/.CellBroadcastReceiver (has extras) }
06-28 10:58:35.577    76   123 D AudioFlinger: mixer(0xaa5833c0) throttle end: throttle time(10)
06-28 10:58:35.666    76   123 D AudioFlinger: mixer(0xaa5833c0) throttle end: throttle time(10)
06-28 10:58:35.738   661   661 D CellBroadcastReceiver: onReceive Intent { act=android.intent.action.SIM_STATE_CHANGED flg=0x4000010 cmp=com.android.cellbroadcastreceiver/.CellBroadcastReceiver (has extras) }
06-28 10:58:35.795   800   811 W art     : Suspending all threads took: 200.017ms
06-28 10:58:35.810    76   123 D AudioFlinger: mixer(0xaa5833c0) throttle end: throttle time(8)
06-28 10:58:35.897    76   123 D AudioFlinger: mixer(0xaa5833c0) throttle end: throttle time(10)
06-28 10:58:36.017    76   123 D AudioFlinger: mixer(0xaa5833c0) throttle end: throttle time(10)
06-28 10:58:36.135    76   123 D AudioFlinger: mixer(0xaa5833c0) throttle end: throttle time(11)
06-28 10:58:36.214   661   661 D CellBroadcastReceiver: onReceive Intent { act=android.intent.action.SIM_STATE_CHANGED flg=0x4000010 cmp=com.android.cellbroadcastreceiver/.CellBroadcastReceiver (has extras) }
06-28 10:58:36.259    76   123 D AudioFlinger: mixer(0xaa5833c0) throttle end: throttle time(10)
06-28 10:58:36.340    76   123 D AudioFlinger: mixer(0xaa5833c0) throttle end: throttle time(10)
06-28 10:58:36.458    76   123 D AudioFlinger: mixer(0xaa5833c0) throttle end: throttle time(10)
06-28 10:58:36.576    76   123 D AudioFlinger: mixer(0xaa5833c0) throttle end: throttle time(10)
06-28 10:58:36.664    76   123 D AudioFlinger: mixer(0xaa5833c0) throttle end: throttle time(10)
06-28 10:58:36.784    76   123 D AudioFlinger: mixer(0xaa5833c0) throttle end: throttle time(4)
06-28 10:58:36.900    76   123 D AudioFlinger: mixer(0xaa5833c0) throttle end: throttle time(10)
06-28 10:58:37.017    76   123 D AudioFlinger: mixer(0xaa5833c0) throttle end: throttle time(10)
06-28 10:58:37.105    76   123 D AudioFlinger: mixer(0xaa5833c0) throttle end: throttle time(10)
06-28 10:58:37.221    76   123 D AudioFlinger: mixer(0xaa5833c0) throttle end: throttle time(10)
06-28 10:58:37.242   661   661 D CellBroadcastReceiver: onReceive Intent { act=android.intent.action.ACTION_DEFAULT_SMS_SUBSCRIPTION_CHANGED flg=0x20000010 cmp=com.android.cellbroadcastreceiver/.CellBroadcastReceiver (has extras) }
06-28 10:58:37.242   661   661 D CellBroadcastReceiver: Start Cell Broadcast configuration.
06-28 10:58:37.339    76   123 D AudioFlinger: mixer(0xaa5833c0) throttle end: throttle time(10)
06-28 10:58:37.457    76   123 D AudioFlinger: mixer(0xaa5833c0) throttle end: throttle time(10)
06-28 10:58:37.480   661  1405 D CellBroadcastConfigService: Enable CellBroadcast on sub 1
06-28 10:58:37.575    76   123 D AudioFlinger: mixer(0xaa5833c0) throttle end: throttle time(10)
06-28 10:58:37.662   661   661 D CellBroadcastReceiver: onReceive Intent { act=android.intent.action.SIM_STATE_CHANGED flg=0x4000010 cmp=com.android.cellbroadcastreceiver/.CellBroadcastReceiver (has extras) }
06-28 10:58:37.662    76   123 D AudioFlinger: mixer(0xaa5833c0) throttle end: throttle time(8)
06-28 10:58:37.680   661   661 D CellBroadcastReceiver: Default interval 0 did not change.
06-28 10:58:37.780    76   123 D AudioFlinger: mixer(0xaa5833c0) throttle end: throttle time(7)
06-28 10:58:37.897    76   123 D AudioFlinger: mixer(0xaa5833c0) throttle end: throttle time(10)
06-28 10:58:37.949   583   583 D VvmSimChangeReceiver: Carrier config changed
06-28 10:58:37.979   583   583 I VvmSimChangeReceiver: Sim state or carrier config changed for 1
06-28 10:58:38.079   583   583 D VvmTaskScheduler: create task:com.android.phone.vvm.omtp.ActivationTask
06-28 10:58:38.130    76   123 D AudioFlinger: mixer(0xaa5833c0) throttle end: throttle time(7)
06-28 10:58:38.176   968   968 D AlertReceiver: onReceive: a=android.intent.action.PROVIDER_CHANGED Intent { act=android.intent.action.PROVIDER_CHANGED dat=content://com.android.calendar flg=0x20000010 cmp=com.android.calendar/.alerts.AlertReceiver }
06-28 10:58:38.219    76   123 D AudioFlinger: mixer(0xaa5833c0) throttle end: throttle time(10)
06-28 10:58:38.337    76   123 D AudioFlinger: mixer(0xaa5833c0) throttle end: throttle time(10)
06-28 10:58:38.362   968  1407 D AlertService: 0 Action = android.intent.action.PROVIDER_CHANGED
06-28 10:58:38.454    76   123 D AudioFlinger: mixer(0xaa5833c0) throttle end: throttle time(10)
06-28 10:58:38.561   968   968 W art     : Verification of void com.android.calendar.widget.CalendarAppWidgetService$CalendarFactory$1.run() took 166.969ms
06-28 10:58:38.572    76   123 D AudioFlinger: mixer(0xaa5833c0) throttle end: throttle time(10)
06-28 10:58:38.690    76   123 D AudioFlinger: mixer(0xaa5833c0) throttle end: throttle time(10)
06-28 10:58:38.779    76   123 D AudioFlinger: mixer(0xaa5833c0) throttle end: throttle time(10)
06-28 10:58:38.845   968  1408 W art     : Verification of void com.android.calendar.widget.CalendarAppWidgetService$CalendarFactory$3$1.<init>(com.android.calendar.widget.CalendarAppWidgetService$CalendarFactory$3, java.lang.String, android.content.BroadcastReceiver$PendingResult) took 280.278ms
06-28 10:58:38.898    76   123 D AudioFlinger: mixer(0xaa5833c0) throttle end: throttle time(10)
06-28 10:58:38.986    76   123 D AudioFlinger: mixer(0xaa5833c0) throttle end: throttle time(10)
06-28 10:58:39.102    76   123 D AudioFlinger: mixer(0xaa5833c0) throttle end: throttle time(10)
06-28 10:58:39.222    76   123 D AudioFlinger: mixer(0xaa5833c0) throttle end: throttle time(10)
06-28 10:58:39.273   197   742 W ActivityManager: Slow operation: 80ms so far, now at startProcess: returned from zygote!
06-28 10:58:39.273   197   742 W ActivityManager: Slow operation: 80ms so far, now at startProcess: done updating battery stats
06-28 10:58:39.273   197   742 W ActivityManager: Slow operation: 80ms so far, now at startProcess: building log message
06-28 10:58:39.274   197   742 I ActivityManager: Start proc 1411:com.android.chrome/u0a62 for broadcast com.android.chrome/org.chromium.chrome.browser.sharing.click_to_call.ClickToCallMessageHandler$PhoneUnlockedReceiver
06-28 10:58:39.277   197   742 W ActivityManager: Slow operation: 84ms so far, now at startProcess: starting to update pids map
06-28 10:58:39.277   197   742 W ActivityManager: Slow operation: 84ms so far, now at startProcess: done updating pids map
06-28 10:58:39.278   197   742 W ActivityManager: Slow operation: 86ms so far, now at startProcess: done starting proc!
06-28 10:58:39.339    76   123 D AudioFlinger: mixer(0xaa5833c0) throttle end: throttle time(10)
06-28 10:58:39.410  1411  1411 W art     : Unknown instruction set features for ARM CPU variant (generic) using conservative defaults
06-28 10:58:39.428    76   123 D AudioFlinger: mixer(0xaa5833c0) throttle end: throttle time(9)
06-28 10:58:39.547    76   123 D AudioFlinger: mixer(0xaa5833c0) throttle end: throttle time(10)
06-28 10:58:39.662    76   123 D AudioFlinger: mixer(0xaa5833c0) throttle end: throttle time(10)
06-28 10:58:39.675   197   741 W ActivityManager: Slow operation: 65ms so far, now at attachApplicationLocked: after sendPendingBroadcastsLocked
06-28 10:58:39.726   583   667 D IccSmsInterfaceManager: [IccSmsInterfaceManager] Calling setCdmaBroadcastConfig with 1 configurations
06-28 10:58:39.741   583   667 D IccSmsInterfaceManager: [IccSmsInterfaceManager] Failed to add cdma broadcast subscription for MID range 4096 to 4096 from client com.android.cellbroadcastreceiver
06-28 10:58:39.752    76   123 D AudioFlinger: mixer(0xaa5833c0) throttle end: throttle time(10)
06-28 10:58:39.869    76   123 D AudioFlinger: mixer(0xaa5833c0) throttle end: throttle time(10)
06-28 10:58:39.988    76   123 D AudioFlinger: mixer(0xaa5833c0) throttle end: throttle time(10)
06-28 10:58:40.009   583   683 D IccSmsInterfaceManager: [IccSmsInterfaceManager] Calling setCdmaBroadcastConfig with 1 configurations
06-28 10:58:40.024   583   683 D IccSmsInterfaceManager: [IccSmsInterfaceManager] Failed to add cdma broadcast subscription for MID range 4097 to 4097 from client com.android.cellbroadcastreceiver
06-28 10:58:40.106    76   123 D AudioFlinger: mixer(0xaa5833c0) throttle end: throttle time(10)
06-28 10:58:40.108   583   667 D IccSmsInterfaceManager: [IccSmsInterfaceManager] Calling setCdmaBroadcastConfig with 1 configurations
06-28 10:58:40.125   583   667 D IccSmsInterfaceManager: [IccSmsInterfaceManager] Failed to add cdma broadcast subscription for MID range 4098 to 4098 from client com.android.cellbroadcastreceiver
06-28 10:58:40.194    76   123 D AudioFlinger: mixer(0xaa5833c0) throttle end: throttle time(10)
06-28 10:58:40.203   583   832 D IccSmsInterfaceManager: [IccSmsInterfaceManager] Calling setCdmaBroadcastConfig with 1 configurations
06-28 10:58:40.246   583   832 D IccSmsInterfaceManager: [IccSmsInterfaceManager] Failed to add cdma broadcast subscription for MID range 4099 to 4099 from client com.android.cellbroadcastreceiver
06-28 10:58:40.311    76   123 D AudioFlinger: mixer(0xaa5833c0) throttle end: throttle time(7)
06-28 10:58:40.328   583   683 D IccSmsInterfaceManager: [IccSmsInterfaceManager] Failed to remove cdma broadcast subscription for MID range 4100 to 4100 from client com.android.cellbroadcastreceiver
06-28 10:58:40.428    76   123 D AudioFlinger: mixer(0xaa5833c0) throttle end: throttle time(9)
06-28 10:58:40.546    76   123 D AudioFlinger: mixer(0xaa5833c0) throttle end: throttle time(10)
06-28 10:58:40.569   583   667 D IccSmsInterfaceManager: [IccSmsInterfaceManager] Calling setGsmBroadcastConfig with 1 configurations
06-28 10:58:40.599   583   667 D IccSmsInterfaceManager: [IccSmsInterfaceManager] Failed to add GSM cell broadcast subscription for MID range 4352 to 4354 from client com.android.cellbroadcastreceiver
06-28 10:58:40.638    76   123 D AudioFlinger: mixer(0xaa5833c0) throttle end: throttle time(10)
06-28 10:58:40.719   197   207 I art     : Background partial concurrent mark sweep GC freed 12433(765KB) AllocSpace objects, 6(156KB) LOS objects, 33% free, 5MB/8MB, paused 5.952ms total 331.884ms
06-28 10:58:40.751    76   123 D AudioFlinger: mixer(0xaa5833c0) throttle end: throttle time(10)
06-28 10:58:40.848   583   600 D IccSmsInterfaceManager: [IccSmsInterfaceManager] Calling setGsmBroadcastConfig with 1 configurations
06-28 10:58:40.858   583   600 D IccSmsInterfaceManager: [IccSmsInterfaceManager] Failed to add GSM cell broadcast subscription for MID range 4356 to 4356 from client com.android.cellbroadcastreceiver
06-28 10:58:40.867    76   123 D AudioFlinger: mixer(0xaa5833c0) throttle end: throttle time(10)
06-28 10:58:40.917   583   682 D IccSmsInterfaceManager: [IccSmsInterfaceManager] Failed to remove GSM cell broadcast subscription for MID range 4355 to 4355 from client com.android.cellbroadcastreceiver
06-28 10:58:40.985    76   123 D AudioFlinger: mixer(0xaa5833c0) throttle end: throttle time(10)
06-28 10:58:40.986   583   667 D IccSmsInterfaceManager: [IccSmsInterfaceManager] Calling setGsmBroadcastConfig with 1 configurations
06-28 10:58:40.994   583   667 D IccSmsInterfaceManager: [IccSmsInterfaceManager] Failed to add GSM cell broadcast subscription for MID range 4370 to 4370 from client com.android.cellbroadcastreceiver
06-28 10:58:41.078   583   600 D IccSmsInterfaceManager: [IccSmsInterfaceManager] Calling setGsmBroadcastConfig with 1 configurations
06-28 10:58:41.087   583   600 D IccSmsInterfaceManager: [IccSmsInterfaceManager] Failed to add GSM cell broadcast subscription for MID range 4371 to 4372 from client com.android.cellbroadcastreceiver
06-28 10:58:41.102    76   123 D AudioFlinger: mixer(0xaa5833c0) throttle end: throttle time(10)
06-28 10:58:41.193    76   123 D AudioFlinger: mixer(0xaa5833c0) throttle end: throttle time(8)
06-28 10:58:41.226   583   682 D IccSmsInterfaceManager: [IccSmsInterfaceManager] Calling setGsmBroadcastConfig with 1 configurations
06-28 10:58:41.239   583   682 D IccSmsInterfaceManager: [IccSmsInterfaceManager] Failed to add GSM cell broadcast subscription for MID range 4373 to 4378 from client com.android.cellbroadcastreceiver
06-28 10:58:41.312    76   123 D AudioFlinger: mixer(0xaa5833c0) throttle end: throttle time(10)
06-28 10:58:41.329   583   667 D IccSmsInterfaceManager: [IccSmsInterfaceManager] Calling setGsmBroadcastConfig with 1 configurations
06-28 10:58:41.338   583   667 D IccSmsInterfaceManager: [IccSmsInterfaceManager] Failed to add GSM cell broadcast subscription for MID range 4379 to 4379 from client com.android.cellbroadcastreceiver
06-28 10:58:41.400    76   123 D AudioFlinger: mixer(0xaa5833c0) throttle end: throttle time(10)
06-28 10:58:41.443   583   600 D IccSmsInterfaceManager: [IccSmsInterfaceManager] Failed to remove GSM cell broadcast subscription for MID range 4380 to 4382 from client com.android.cellbroadcastreceiver
06-28 10:58:41.518    76   123 D AudioFlinger: mixer(0xaa5833c0) throttle end: throttle time(10)
06-28 10:58:41.637    76   123 D AudioFlinger: mixer(0xaa5833c0) throttle end: throttle time(10)
06-28 10:58:41.679   583   683 D IccSmsInterfaceManager: [IccSmsInterfaceManager] Calling setGsmBroadcastConfig with 1 configurations
06-28 10:58:41.693   583   683 D IccSmsInterfaceManager: [IccSmsInterfaceManager] Failed to add GSM cell broadcast subscription for MID range 4383 to 4383 from client com.android.cellbroadcastreceiver
06-28 10:58:41.752    76   123 D AudioFlinger: mixer(0xaa5833c0) throttle end: throttle time(10)
06-28 10:58:41.870    76   123 D AudioFlinger: mixer(0xaa5833c0) throttle end: throttle time(10)
06-28 10:58:41.960    76   123 D AudioFlinger: mixer(0xaa5833c0) throttle end: throttle time(10)
06-28 10:58:42.076    76   123 D AudioFlinger: mixer(0xaa5833c0) throttle end: throttle time(10)
06-28 10:58:42.193    76   123 D AudioFlinger: mixer(0xaa5833c0) throttle end: throttle time(10)
06-28 10:58:42.260   583   600 D IccSmsInterfaceManager: [IccSmsInterfaceManager] Calling setGsmBroadcastConfig with 1 configurations
06-28 10:58:42.270   583   600 D IccSmsInterfaceManager: [IccSmsInterfaceManager] Failed to add GSM cell broadcast subscription for MID range 4384 to 4385 from client com.android.cellbroadcastreceiver
06-28 10:58:42.309    76   123 D AudioFlinger: mixer(0xaa5833c0) throttle end: throttle time(8)
06-28 10:58:42.419   583   682 D IccSmsInterfaceManager: [IccSmsInterfaceManager] Calling setGsmBroadcastConfig with 1 configurations
06-28 10:58:42.426    76   123 D AudioFlinger: mixer(0xaa5833c0) throttle end: throttle time(10)
06-28 10:58:42.432   583   682 D IccSmsInterfaceManager: [IccSmsInterfaceManager] Failed to add GSM cell broadcast subscription for MID range 4386 to 4391 from client com.android.cellbroadcastreceiver
06-28 10:58:42.542    76   123 D AudioFlinger: mixer(0xaa5833c0) throttle end: throttle time(10)
06-28 10:58:42.613   583   667 D IccSmsInterfaceManager: [IccSmsInterfaceManager] Calling setGsmBroadcastConfig with 1 configurations
06-28 10:58:42.641   583   667 D IccSmsInterfaceManager: [IccSmsInterfaceManager] Failed to add GSM cell broadcast subscription for MID range 4392 to 4392 from client com.android.cellbroadcastreceiver
06-28 10:58:42.659    76   123 D AudioFlinger: mixer(0xaa5833c0) throttle end: throttle time(10)
06-28 10:58:42.736   583   600 D IccSmsInterfaceManager: [IccSmsInterfaceManager] Failed to remove GSM cell broadcast subscription for MID range 4393 to 4395 from client com.android.cellbroadcastreceiver
06-28 10:58:42.749    76   123 D AudioFlinger: mixer(0xaa5833c0) throttle end: throttle time(10)
06-28 10:58:42.813   583   682 D IccSmsInterfaceManager: [IccSmsInterfaceManager] Failed to remove GSM cell broadcast subscription for MID range 50 to 50 from client com.android.cellbroadcastreceiver
06-28 10:58:42.868    76   123 D AudioFlinger: mixer(0xaa5833c0) throttle end: throttle time(10)
06-28 10:58:42.983    76   123 D AudioFlinger: mixer(0xaa5833c0) throttle end: throttle time(10)
06-28 10:58:43.101    76   123 D AudioFlinger: mixer(0xaa5833c0) throttle end: throttle time(10)
06-28 10:58:43.189    76   123 D AudioFlinger: mixer(0xaa5833c0) throttle end: throttle time(10)
06-28 10:58:43.332    76   123 D AudioFlinger: mixer(0xaa5833c0) throttle end: throttle time(10)
06-28 10:58:43.447    76   123 D AudioFlinger: mixer(0xaa5833c0) throttle end: throttle time(10)
06-28 10:58:43.564    76   123 D AudioFlinger: mixer(0xaa5833c0) throttle end: throttle time(9)
06-28 10:58:43.653    76   123 D AudioFlinger: mixer(0xaa5833c0) throttle end: throttle time(10)
06-28 10:58:43.771    76   123 D AudioFlinger: mixer(0xaa5833c0) throttle end: throttle time(10)
06-28 10:58:43.879   661   675 W art     : Suspending all threads took: 8.450ms
06-28 10:58:43.889    76   123 D AudioFlinger: mixer(0xaa5833c0) throttle end: throttle time(10)
06-28 10:58:44.005    76   123 D AudioFlinger: mixer(0xaa5833c0) throttle end: throttle time(10)
06-28 10:58:44.094    76   123 D AudioFlinger: mixer(0xaa5833c0) throttle end: throttle time(7)
06-28 10:58:44.212    76   123 D AudioFlinger: mixer(0xaa5833c0) throttle end: throttle time(9)
06-28 10:58:44.329    76   123 D AudioFlinger: mixer(0xaa5833c0) throttle end: throttle time(8)
06-28 10:58:44.420    76   123 D AudioFlinger: mixer(0xaa5833c0) throttle end: throttle time(10)
06-28 10:58:44.445   968  1407 W art     : Verification of java.lang.String com.android.calendar.alerts.GlobalDismissManager.buildMultipleIdQuery(java.util.Set, java.lang.String) took 1.041s
06-28 10:58:44.536    76   123 D AudioFlinger: mixer(0xaa5833c0) throttle end: throttle time(11)
06-28 10:58:44.655    76   123 D AudioFlinger: mixer(0xaa5833c0) throttle end: throttle time(10)
06-28 10:58:44.772    76   123 D AudioFlinger: mixer(0xaa5833c0) throttle end: throttle time(10)
06-28 10:58:44.889    76   123 D AudioFlinger: mixer(0xaa5833c0) throttle end: throttle time(10)
06-28 10:58:44.977    76   123 D AudioFlinger: mixer(0xaa5833c0) throttle end: throttle time(9)
06-28 10:58:45.095    76   123 D AudioFlinger: mixer(0xaa5833c0) throttle end: throttle time(10)
06-28 10:58:45.213    76   123 D AudioFlinger: mixer(0xaa5833c0) throttle end: throttle time(10)
06-28 10:58:45.302    76   123 D AudioFlinger: mixer(0xaa5833c0) throttle end: throttle time(10)
06-28 10:58:45.420    76   123 D AudioFlinger: mixer(0xaa5833c0) throttle end: throttle time(10)
06-28 10:58:45.539    76   123 D AudioFlinger: mixer(0xaa5833c0) throttle end: throttle time(10)
06-28 10:58:45.628    76   123 D AudioFlinger: mixer(0xaa5833c0) throttle end: throttle time(10)
06-28 10:58:45.747    76   123 D AudioFlinger: mixer(0xaa5833c0) throttle end: throttle time(10)
06-28 10:58:45.866    76   123 D AudioFlinger: mixer(0xaa5833c0) throttle end: throttle time(10)
06-28 10:58:45.910   968  1407 W art     : Verification of void com.android.calendar.alerts.GlobalDismissManager.syncSenderDismissCache(android.content.Context) took 1.445s
06-28 10:58:45.941   968  1407 I GlobalDismissManager: no sender configured
06-28 10:58:45.953    76   123 D AudioFlinger: mixer(0xaa5833c0) throttle end: throttle time(10)
06-28 10:58:45.971   968  1407 D AlertService: Beginning updateAlertNotification
06-28 10:58:46.069    76   123 D AudioFlinger: mixer(0xaa5833c0) throttle end: throttle time(10)
06-28 10:58:46.186    76   123 D AudioFlinger: mixer(0xaa5833c0) throttle end: throttle time(10)
06-28 10:58:46.303    76   123 D AudioFlinger: mixer(0xaa5833c0) throttle end: throttle time(10)
06-28 10:58:46.420    76   123 D AudioFlinger: mixer(0xaa5833c0) throttle end: throttle time(10)
06-28 10:58:46.512    76   123 D AudioFlinger: mixer(0xaa5833c0) throttle end: throttle time(10)
06-28 10:58:46.627    76   123 D AudioFlinger: mixer(0xaa5833c0) throttle end: throttle time(10)
06-28 10:58:46.744    76   123 D AudioFlinger: mixer(0xaa5833c0) throttle end: throttle time(8)
06-28 10:58:46.834    76   123 D AudioFlinger: mixer(0xaa5833c0) throttle end: throttle time(10)
06-28 10:58:46.951    76   123 D AudioFlinger: mixer(0xaa5833c0) throttle end: throttle time(10)
06-28 10:58:47.069    76   123 D AudioFlinger: mixer(0xaa5833c0) throttle end: throttle time(10)
06-28 10:58:47.188    76   123 D AudioFlinger: mixer(0xaa5833c0) throttle end: throttle time(10)
06-28 10:58:47.275    76   123 D AudioFlinger: mixer(0xaa5833c0) throttle end: throttle time(10)
06-28 10:58:47.394    76   123 D AudioFlinger: mixer(0xaa5833c0) throttle end: throttle time(9)
06-28 10:58:47.430  1411  1411 I LoadedApk: No resource references to update in package com.android.chrome.chime
06-28 10:58:47.434  1411  1411 I LoadedApk: No resource references to update in package com.android.chrome.dev_ui
06-28 10:58:47.438  1411  1411 I LoadedApk: No resource references to update in package com.android.chrome.vr
06-28 10:58:47.440  1411  1411 I LoadedApk: No resource references to update in package com.android.chrome.stack_unwinder
06-28 10:58:47.441  1411  1411 I LoadedApk: No resource references to update in package com.android.chrome.test_dummy
06-28 10:58:47.513    76   123 D AudioFlinger: mixer(0xaa5833c0) throttle end: throttle time(8)
06-28 10:58:47.587   919   931 W art     : Suspending all threads took: 98.489ms
06-28 10:58:47.601    76   123 D AudioFlinger: mixer(0xaa5833c0) throttle end: throttle time(10)
06-28 10:58:47.720    76   123 D AudioFlinger: mixer(0xaa5833c0) throttle end: throttle time(10)
06-28 10:58:47.833    76   123 D AudioFlinger: mixer(0xaa5833c0) throttle end: throttle time(10)
06-28 10:58:47.949    76   123 D AudioFlinger: mixer(0xaa5833c0) throttle end: throttle time(10)
06-28 10:58:48.068    76   123 D AudioFlinger: mixer(0xaa5833c0) throttle end: throttle time(10)
06-28 10:58:48.185    76   123 D AudioFlinger: mixer(0xaa5833c0) throttle end: throttle time(10)
06-28 10:58:48.275    76   123 D AudioFlinger: mixer(0xaa5833c0) throttle end: throttle time(10)
06-28 10:58:48.392    76   123 D AudioFlinger: mixer(0xaa5833c0) throttle end: throttle time(10)
06-28 10:58:48.509    76   123 D AudioFlinger: mixer(0xaa5833c0) throttle end: throttle time(10)
06-28 10:58:48.627    76   123 D AudioFlinger: mixer(0xaa5833c0) throttle end: throttle time(10)
06-28 10:58:48.664   583   583 D VvmSimChangeReceiver: Carrier config changed
06-28 10:58:48.704   583   583 I VvmSimChangeReceiver: Sim state or carrier config changed for 1
06-28 10:58:48.715    76   123 D AudioFlinger: mixer(0xaa5833c0) throttle end: throttle time(10)
06-28 10:58:48.758   583   583 D VvmTaskScheduler: create task:com.android.phone.vvm.omtp.ActivationTask
06-28 10:58:48.834    76   123 D AudioFlinger: mixer(0xaa5833c0) throttle end: throttle time(10)
06-28 10:58:48.951    76   123 D AudioFlinger: mixer(0xaa5833c0) throttle end: throttle time(7)
06-28 10:58:49.042   992   992 W art     : Verification of void com.android.mail.widget.BaseWidgetProvider.configureValidAccountWidget(android.content.Context, android.widget.RemoteViews, int, com.android.mail.providers.Account, int, int, android.net.Uri, android.net.Uri, java.lang.String) took 248.650ms
06-28 10:58:49.065    76   123 D AudioFlinger: mixer(0xaa5833c0) throttle end: throttle time(9)
06-28 10:58:49.184    76   123 D AudioFlinger: mixer(0xaa5833c0) throttle end: throttle time(10)
06-28 10:58:49.265   992   992 W art     : Verification of void com.android.mail.widget.BaseWidgetProvider.onUpdate(android.content.Context, android.appwidget.AppWidgetManager, int[]) took 210.609ms
06-28 10:58:49.304    76   123 D AudioFlinger: mixer(0xaa5833c0) throttle end: throttle time(10)
06-28 10:58:49.389    76   123 D AudioFlinger: mixer(0xaa5833c0) throttle end: throttle time(9)
06-28 10:58:49.505    76   123 D AudioFlinger: mixer(0xaa5833c0) throttle end: throttle time(10)
06-28 10:58:49.529   992   992 W art     : Verification of void com.android.mail.utils.Utils.enableHardwareLayer(android.view.View) took 135.200ms
06-28 10:58:49.623    76   123 D AudioFlinger: mixer(0xaa5833c0) throttle end: throttle time(10)
06-28 10:58:49.744    76   123 D AudioFlinger: mixer(0xaa5833c0) throttle end: throttle time(10)
06-28 10:58:49.838   992   992 W art     : Verification of void com.android.mail.utils.Utils.sendFeedback(android.app.Activity, android.net.Uri, boolean) took 293.290ms
06-28 10:58:49.857    76   123 D AudioFlinger: mixer(0xaa5833c0) throttle end: throttle time(10)
06-28 10:58:49.945    76   123 D AudioFlinger: mixer(0xaa5833c0) throttle end: throttle time(9)
06-28 10:58:49.953   992   992 W art     : Verification of void com.android.mail.utils.Utils.showHelp(android.content.Context, android.net.Uri, java.lang.String) took 113.325ms
06-28 10:58:50.062    76   123 D AudioFlinger: mixer(0xaa5833c0) throttle end: throttle time(10)
06-28 10:58:50.180    76   123 D AudioFlinger: mixer(0xaa5833c0) throttle end: throttle time(10)
